

================================================================
== Vitis HLS Report for 'alu_add_3'
================================================================
* Date:           Fri May  1 14:54:10 2026

* Version:        2025.2 (Build 6295257 on Nov 14 2025)
* Project:        hls_component
* Solution:       hls (Vivado IP Flow Target)
* Product family: spartan7
* Target device:  xc7s50-csga324-2


================================================================
== Performance Estimates
================================================================
+ Timing: 
    * Summary: 
    +--------+----------+----------+------------+
    |  Clock |  Target  | Estimated| Uncertainty|
    +--------+----------+----------+------------+
    |ap_clk  |  10.00 ns|  8.586 ns|     1.00 ns|
    +--------+----------+----------+------------+

+ Latency: 
    * Summary: 
    +---------+---------+-----------+-----------+-----+-----+------------------------------------------------+
    |  Latency (cycles) |   Latency (absolute)  |  Interval |                    Pipeline                    |
    |   min   |   max   |    min    |    max    | min | max |                      Type                      |
    +---------+---------+-----------+-----------+-----+-----+------------------------------------------------+
    |        9|        9|  90.000 ns|  90.000 ns|    8|    8|  loop auto-rewind stp (delay=0 clock cycles(s))|
    +---------+---------+-----------+-----------+-----+-----+------------------------------------------------+

    + Detail: 
        * Instance: 
        N/A

        * Loop: 
        +--------------------+---------+---------+----------+-----------+-----------+------+----------+
        |                    |  Latency (cycles) | Iteration|  Initiation Interval  | Trip |          |
        |      Loop Name     |   min   |   max   |  Latency |  achieved |   target  | Count| Pipelined|
        +--------------------+---------+---------+----------+-----------+-----------+------+----------+
        |- VITIS_LOOP_256_1  |        7|        7|         1|          1|          1|     8|       yes|
        +--------------------+---------+---------+----------+-----------+-----------+------+----------+



================================================================
== Utilization Estimates
================================================================
* Summary: 
+-----------------+---------+-----+-------+-------+-----+
|       Name      | BRAM_18K| DSP |   FF  |  LUT  | URAM|
+-----------------+---------+-----+-------+-------+-----+
|DSP              |        -|    -|      -|      -|    -|
|Expression       |        -|    -|      0|     54|    -|
|FIFO             |        -|    -|      -|      -|    -|
|Instance         |        -|    -|      -|      -|    -|
|Memory           |        -|    -|      -|      -|    -|
|Multiplexer      |        -|    -|      0|     63|    -|
|Register         |        -|    -|      6|      -|    -|
+-----------------+---------+-----+-------+-------+-----+
|Total            |        0|    0|      6|    117|    0|
+-----------------+---------+-----+-------+-------+-----+
|Available        |      150|  120|  65200|  32600|    0|
+-----------------+---------+-----+-------+-------+-----+
|Utilization (%)  |        0|    0|     ~0|     ~0|    0|
+-----------------+---------+-----+-------+-------+-----+

+ Detail: 
    * Instance: 
    N/A

    * DSP: 
    N/A

    * Memory: 
    N/A

    * FIFO: 
    N/A

    * Expression: 
    +----------------------------------+----------+----+---+----+------------+------------+
    |           Variable Name          | Operation| DSP| FF| LUT| Bitwidth P0| Bitwidth P1|
    +----------------------------------+----------+----+---+----+------------+------------+
    |elems_out_2_fu_111_p2             |         +|   0|  0|  15|           8|           8|
    |elems_out_fu_105_p2               |         +|   0|  0|  15|           8|           8|
    |i_18_fu_126_p2                    |         +|   0|  0|  11|           3|           1|
    |icmp_ln256_fu_132_p2              |      icmp|   0|  0|  11|           3|           2|
    |ap_block_state1_pp0_stage0_iter0  |        or|   0|  0|   2|           1|           1|
    +----------------------------------+----------+----+---+----+------------+------------+
    |Total                             |          |   0|  0|  54|          23|          20|
    +----------------------------------+----------+----+---+----+------------+------------+

    * Multiplexer: 
    +-----------------------+----+-----------+-----+-----------+
    |          Name         | LUT| Input Size| Bits| Total Bits|
    +-----------------------+----+-----------+-----+-----------+
    |ap_done_int            |   9|          2|    1|          2|
    |ap_sig_allocacmp_i_17  |   9|          2|    3|          6|
    |i_fu_46                |   9|          2|    3|          6|
    |real_start             |   9|          2|    1|          2|
    |s_alu1_blk_n           |   9|          2|    1|          2|
    |s_fifo1_out_blk_n      |   9|          2|    1|          2|
    |s_gemm2_out_blk_n      |   9|          2|    1|          2|
    +-----------------------+----+-----------+-----+-----------+
    |Total                  |  63|         14|   11|         22|
    +-----------------------+----+-----------+-----+-----------+

    * Register: 
    +----------------+---+----+-----+-----------+
    |      Name      | FF| LUT| Bits| Const Bits|
    +----------------+---+----+-----+-----------+
    |ap_CS_fsm       |  1|   0|    1|          0|
    |ap_done_reg     |  1|   0|    1|          0|
    |i_fu_46         |  3|   0|    3|          0|
    |start_once_reg  |  1|   0|    1|          0|
    +----------------+---+----+-----+-----------+
    |Total           |  6|   0|    6|          0|
    +----------------+---+----+-----+-----------+



================================================================
== Interface
================================================================
* Summary: 
+----------------------------+-----+-----+------------+--------------+--------------+
|          RTL Ports         | Dir | Bits|  Protocol  | Source Object|    C Type    |
+----------------------------+-----+-----+------------+--------------+--------------+
|ap_clk                      |   in|    1|  ap_ctrl_hs|     alu_add.3|  return value|
|ap_rst                      |   in|    1|  ap_ctrl_hs|     alu_add.3|  return value|
|ap_start                    |   in|    1|  ap_ctrl_hs|     alu_add.3|  return value|
|start_full_n                |   in|    1|  ap_ctrl_hs|     alu_add.3|  return value|
|ap_done                     |  out|    1|  ap_ctrl_hs|     alu_add.3|  return value|
|ap_continue                 |   in|    1|  ap_ctrl_hs|     alu_add.3|  return value|
|ap_idle                     |  out|    1|  ap_ctrl_hs|     alu_add.3|  return value|
|ap_ready                    |  out|    1|  ap_ctrl_hs|     alu_add.3|  return value|
|start_out                   |  out|    1|  ap_ctrl_hs|     alu_add.3|  return value|
|start_write                 |  out|    1|  ap_ctrl_hs|     alu_add.3|  return value|
|s_gemm2_out_dout            |   in|   16|     ap_fifo|   s_gemm2_out|       pointer|
|s_gemm2_out_empty_n         |   in|    1|     ap_fifo|   s_gemm2_out|       pointer|
|s_gemm2_out_read            |  out|    1|     ap_fifo|   s_gemm2_out|       pointer|
|s_gemm2_out_num_data_valid  |   in|    3|     ap_fifo|   s_gemm2_out|       pointer|
|s_gemm2_out_fifo_cap        |   in|    3|     ap_fifo|   s_gemm2_out|       pointer|
|s_fifo1_out_dout            |   in|   16|     ap_fifo|   s_fifo1_out|       pointer|
|s_fifo1_out_empty_n         |   in|    1|     ap_fifo|   s_fifo1_out|       pointer|
|s_fifo1_out_read            |  out|    1|     ap_fifo|   s_fifo1_out|       pointer|
|s_fifo1_out_num_data_valid  |   in|    3|     ap_fifo|   s_fifo1_out|       pointer|
|s_fifo1_out_fifo_cap        |   in|    3|     ap_fifo|   s_fifo1_out|       pointer|
|s_alu1_din                  |  out|   16|     ap_fifo|        s_alu1|       pointer|
|s_alu1_full_n               |   in|    1|     ap_fifo|        s_alu1|       pointer|
|s_alu1_write                |  out|    1|     ap_fifo|        s_alu1|       pointer|
|s_alu1_num_data_valid       |   in|    3|     ap_fifo|        s_alu1|       pointer|
|s_alu1_fifo_cap             |   in|    3|     ap_fifo|        s_alu1|       pointer|
+----------------------------+-----+-----+------------+--------------+--------------+

