

================================================================
== Vitis HLS Report for 'fifo_9'
================================================================
* Date:           Fri May  1 14:54:11 2026

* Version:        2025.2 (Build 6295257 on Nov 14 2025)
* Project:        hls_component
* Solution:       hls (Vivado IP Flow Target)
* Product family: spartan7
* Target device:  xc7s50-csga324-2


================================================================
== Performance Estimates
================================================================
+ Timing: 
    * Summary: 
    +--------+----------+----------+------------+
    |  Clock |  Target  | Estimated| Uncertainty|
    +--------+----------+----------+------------+
    |ap_clk  |  10.00 ns|  4.441 ns|     1.00 ns|
    +--------+----------+----------+------------+

+ Latency: 
    * Summary: 
    +---------+---------+----------+----------+-----+-----+------------------------------------------------+
    |  Latency (cycles) |  Latency (absolute) |  Interval |                    Pipeline                    |
    |   min   |   max   |    min   |    max   | min | max |                      Type                      |
    +---------+---------+----------+----------+-----+-----+------------------------------------------------+
    |       10|       10|  0.100 us|  0.100 us|    8|    8|  loop auto-rewind stp (delay=0 clock cycles(s))|
    +---------+---------+----------+----------+-----+-----+------------------------------------------------+

    + Detail: 
        * Instance: 
        N/A

        * Loop: 
        +-------------------+---------+---------+----------+-----------+-----------+------+----------+
        |                   |  Latency (cycles) | Iteration|  Initiation Interval  | Trip |          |
        |     Loop Name     |   min   |   max   |  Latency |  achieved |   target  | Count| Pipelined|
        +-------------------+---------+---------+----------+-----------+-----------+------+----------+
        |- VITIS_LOOP_66_1  |        8|        8|         2|          1|          1|     8|       yes|
        +-------------------+---------+---------+----------+-----------+-----------+------+----------+



================================================================
== Utilization Estimates
================================================================
* Summary: 
+-----------------+---------+-----+-------+-------+-----+
|       Name      | BRAM_18K| DSP |   FF  |  LUT  | URAM|
+-----------------+---------+-----+-------+-------+-----+
|DSP              |        -|    -|      -|      -|    -|
|Expression       |        -|    -|      0|     32|    -|
|FIFO             |        -|    -|      -|      -|    -|
|Instance         |        -|    -|      -|      -|    -|
|Memory           |        -|    -|      -|      -|    -|
|Multiplexer      |        -|    -|      0|     54|    -|
|Register         |        -|    -|      7|      -|    -|
+-----------------+---------+-----+-------+-------+-----+
|Total            |        0|    0|      7|     86|    0|
+-----------------+---------+-----+-------+-------+-----+
|Available        |      150|  120|  65200|  32600|    0|
+-----------------+---------+-----+-------+-------+-----+
|Utilization (%)  |        0|    0|     ~0|     ~0|    0|
+-----------------+---------+-----+-------+-------+-----+

+ Detail: 
    * Instance: 
    N/A

    * DSP: 
    N/A

    * Memory: 
    N/A

    * FIFO: 
    N/A

    * Expression: 
    +----------------------------------+----------+----+---+----+------------+------------+
    |           Variable Name          | Operation| DSP| FF| LUT| Bitwidth P0| Bitwidth P1|
    +----------------------------------+----------+----+---+----+------------+------------+
    |i_fu_66_p2                        |         +|   0|  0|  11|           3|           1|
    |ap_condition_101                  |       and|   0|  0|   2|           1|           1|
    |icmp_ln66_fu_72_p2                |      icmp|   0|  0|  11|           3|           2|
    |ap_block_pp0_stage0_01001         |        or|   0|  0|   2|           1|           1|
    |ap_block_state1_pp0_stage0_iter0  |        or|   0|  0|   2|           1|           1|
    |ap_block_state2_pp0_stage0_iter1  |        or|   0|  0|   2|           1|           1|
    |ap_enable_pp0                     |       xor|   0|  0|   2|           1|           2|
    +----------------------------------+----------+----+---+----+------------+------------+
    |Total                             |          |   0|  0|  32|          11|           9|
    +----------------------------------+----------+----+---+----+------------+------------+

    * Multiplexer: 
    +----------------------------------+----+-----------+-----+-----------+
    |               Name               | LUT| Input Size| Bits| Total Bits|
    +----------------------------------+----+-----------+-----+-----------+
    |ap_done_int                       |   9|          2|    1|          2|
    |ap_loop_exit_ready_pp0_iter1_reg  |   9|          2|    1|          2|
    |ap_sig_allocacmp_i_10             |   9|          2|    3|          6|
    |i_9_fu_40                         |   9|          2|    3|          6|
    |out_r_TDATA_blk_n                 |   9|          2|    1|          2|
    |s_alu2_fifo_blk_n                 |   9|          2|    1|          2|
    +----------------------------------+----+-----------+-----+-----------+
    |Total                             |  54|         12|   10|         20|
    +----------------------------------+----+-----------+-----+-----------+

    * Register: 
    +----------------------------------+---+----+-----+-----------+
    |               Name               | FF| LUT| Bits| Const Bits|
    +----------------------------------+---+----+-----+-----------+
    |ap_CS_fsm                         |  1|   0|    1|          0|
    |ap_done_reg                       |  1|   0|    1|          0|
    |ap_enable_reg_pp0_iter1           |  1|   0|    1|          0|
    |ap_loop_exit_ready_pp0_iter1_reg  |  1|   0|    1|          0|
    |i_9_fu_40                         |  3|   0|    3|          0|
    +----------------------------------+---+----+-----+-----------+
    |Total                             |  7|   0|    7|          0|
    +----------------------------------+---+----+-----+-----------+



================================================================
== Interface
================================================================
* Summary: 
+----------------------------+-----+-----+------------+--------------+--------------+
|          RTL Ports         | Dir | Bits|  Protocol  | Source Object|    C Type    |
+----------------------------+-----+-----+------------+--------------+--------------+
|ap_clk                      |   in|    1|  ap_ctrl_hs|        fifo.9|  return value|
|ap_rst                      |   in|    1|  ap_ctrl_hs|        fifo.9|  return value|
|ap_start                    |   in|    1|  ap_ctrl_hs|        fifo.9|  return value|
|ap_done                     |  out|    1|  ap_ctrl_hs|        fifo.9|  return value|
|ap_continue                 |   in|    1|  ap_ctrl_hs|        fifo.9|  return value|
|ap_idle                     |  out|    1|  ap_ctrl_hs|        fifo.9|  return value|
|ap_ready                    |  out|    1|  ap_ctrl_hs|        fifo.9|  return value|
|s_alu2_fifo_dout            |   in|   16|     ap_fifo|   s_alu2_fifo|       pointer|
|s_alu2_fifo_empty_n         |   in|    1|     ap_fifo|   s_alu2_fifo|       pointer|
|s_alu2_fifo_read            |  out|    1|     ap_fifo|   s_alu2_fifo|       pointer|
|s_alu2_fifo_num_data_valid  |   in|    6|     ap_fifo|   s_alu2_fifo|       pointer|
|s_alu2_fifo_fifo_cap        |   in|    6|     ap_fifo|   s_alu2_fifo|       pointer|
|out_r_TREADY                |   in|    1|        axis|         out_r|       pointer|
|out_r_TDATA                 |  out|   16|        axis|         out_r|       pointer|
|out_r_TVALID                |  out|    1|        axis|         out_r|       pointer|
+----------------------------+-----+-----+------------+--------------+--------------+

