

================================================================
== Vitis HLS Report for 'gemm_Pipeline_VITIS_LOOP_139_1'
================================================================
* Date:           Fri May  1 14:54:09 2026

* Version:        2025.2 (Build 6295257 on Nov 14 2025)
* Project:        hls_component
* Solution:       hls (Vivado IP Flow Target)
* Product family: spartan7
* Target device:  xc7s50-csga324-2


================================================================
== Performance Estimates
================================================================
+ Timing: 
    * Summary: 
    +--------+----------+----------+------------+
    |  Clock |  Target  | Estimated| Uncertainty|
    +--------+----------+----------+------------+
    |ap_clk  |  10.00 ns|  4.155 ns|     1.00 ns|
    +--------+----------+----------+------------+

+ Latency: 
    * Summary: 
    +---------+---------+----------+----------+-----+-----+-------------------+
    |  Latency (cycles) |  Latency (absolute) |  Interval |      Pipeline     |
    |   min   |   max   |    min   |    max   | min | max |        Type       |
    +---------+---------+----------+----------+-----+-----+-------------------+
    |       10|       10|  0.100 us|  0.100 us|    0|    0|  loop pipeline stp|
    +---------+---------+----------+----------+-----+-----+-------------------+

    + Detail: 
        * Instance: 
        N/A

        * Loop: 
        +--------------------+---------+---------+----------+-----------+-----------+------+----------+
        |                    |  Latency (cycles) | Iteration|  Initiation Interval  | Trip |          |
        |      Loop Name     |   min   |   max   |  Latency |  achieved |   target  | Count| Pipelined|
        +--------------------+---------+---------+----------+-----------+-----------+------+----------+
        |- VITIS_LOOP_139_1  |        8|        8|         2|          1|          1|     8|       yes|
        +--------------------+---------+---------+----------+-----------+-----------+------+----------+



================================================================
== Utilization Estimates
================================================================
* Summary: 
+-----------------+---------+-----+-------+-------+-----+
|       Name      | BRAM_18K| DSP |   FF  |  LUT  | URAM|
+-----------------+---------+-----+-------+-------+-----+
|DSP              |        -|    -|      -|      -|    -|
|Expression       |        -|    -|      0|     30|    -|
|FIFO             |        -|    -|      -|      -|    -|
|Instance         |        -|    -|      -|      -|    -|
|Memory           |        -|    -|      -|      -|    -|
|Multiplexer      |        -|    -|      0|     45|    -|
|Register         |        -|    -|    138|      -|    -|
+-----------------+---------+-----+-------+-------+-----+
|Total            |        0|    0|    138|     75|    0|
+-----------------+---------+-----+-------+-------+-----+
|Available        |      150|  120|  65200|  32600|    0|
+-----------------+---------+-----+-------+-------+-----+
|Utilization (%)  |        0|    0|     ~0|     ~0|    0|
+-----------------+---------+-----+-------+-------+-----+

+ Detail: 
    * Instance: 
    N/A

    * DSP: 
    N/A

    * Memory: 
    N/A

    * FIFO: 
    N/A

    * Expression: 
    +--------------------------------+----------+----+---+----+------------+------------+
    |          Variable Name         | Operation| DSP| FF| LUT| Bitwidth P0| Bitwidth P1|
    +--------------------------------+----------+----+---+----+------------+------------+
    |add_ln139_fu_286_p2             |         +|   0|  0|  13|           4|           1|
    |ap_block_pp0_stage0_01001_grp1  |       and|   0|  0|   2|           1|           1|
    |icmp_ln139_fu_280_p2            |      icmp|   0|  0|  13|           4|           5|
    |ap_enable_pp0                   |       xor|   0|  0|   2|           1|           2|
    +--------------------------------+----------+----+---+----+------------+------------+
    |Total                           |          |   0|  0|  30|          10|           9|
    +--------------------------------+----------+----+---+----+------------+------------+

    * Multiplexer: 
    +-------------------------+----+-----------+-----+-----------+
    |           Name          | LUT| Input Size| Bits| Total Bits|
    +-------------------------+----+-----------+-----+-----------+
    |ap_done_int              |   9|          2|    1|          2|
    |ap_enable_reg_pp0_iter1  |   9|          2|    1|          2|
    |ap_sig_allocacmp_i_5     |   9|          2|    4|          8|
    |i_fu_86                  |   9|          2|    4|          8|
    |s_norm1_out_blk_n        |   9|          2|    1|          2|
    +-------------------------+----+-----------+-----+-----------+
    |Total                    |  45|         10|   11|         22|
    +-------------------------+----+-----------+-----+-----------+

    * Register: 
    +-------------------------+---+----+-----+-----------+
    |           Name          | FF| LUT| Bits| Const Bits|
    +-------------------------+---+----+-----+-----------+
    |ap_CS_fsm                |  1|   0|    1|          0|
    |ap_done_reg              |  1|   0|    1|          0|
    |ap_enable_reg_pp0_iter1  |  1|   0|    1|          0|
    |empty_61_fu_94           |  8|   0|    8|          0|
    |empty_62_fu_98           |  8|   0|    8|          0|
    |empty_63_fu_102          |  8|   0|    8|          0|
    |empty_64_fu_106          |  8|   0|    8|          0|
    |empty_65_fu_110          |  8|   0|    8|          0|
    |empty_66_fu_114          |  8|   0|    8|          0|
    |empty_67_fu_118          |  8|   0|    8|          0|
    |empty_68_fu_122          |  8|   0|    8|          0|
    |empty_69_fu_126          |  8|   0|    8|          0|
    |empty_70_fu_130          |  8|   0|    8|          0|
    |empty_71_fu_134          |  8|   0|    8|          0|
    |empty_72_fu_138          |  8|   0|    8|          0|
    |empty_73_fu_142          |  8|   0|    8|          0|
    |empty_74_fu_146          |  8|   0|    8|          0|
    |empty_75_fu_150          |  8|   0|    8|          0|
    |empty_fu_90              |  8|   0|    8|          0|
    |i_fu_86                  |  4|   0|    4|          0|
    |trunc_ln139_reg_583      |  3|   0|    3|          0|
    +-------------------------+---+----+-----+-----------+
    |Total                    |138|   0|  138|          0|
    +-------------------------+---+----+-----+-----------+



================================================================
== Interface
================================================================
* Summary: 
+----------------------------+-----+-----+------------+--------------------------------+--------------+
|          RTL Ports         | Dir | Bits|  Protocol  |          Source Object         |    C Type    |
+----------------------------+-----+-----+------------+--------------------------------+--------------+
|ap_clk                      |   in|    1|  ap_ctrl_hs|  gemm_Pipeline_VITIS_LOOP_139_1|  return value|
|ap_rst                      |   in|    1|  ap_ctrl_hs|  gemm_Pipeline_VITIS_LOOP_139_1|  return value|
|ap_start                    |   in|    1|  ap_ctrl_hs|  gemm_Pipeline_VITIS_LOOP_139_1|  return value|
|ap_done                     |  out|    1|  ap_ctrl_hs|  gemm_Pipeline_VITIS_LOOP_139_1|  return value|
|ap_idle                     |  out|    1|  ap_ctrl_hs|  gemm_Pipeline_VITIS_LOOP_139_1|  return value|
|ap_ready                    |  out|    1|  ap_ctrl_hs|  gemm_Pipeline_VITIS_LOOP_139_1|  return value|
|s_norm1_out_dout            |   in|   16|     ap_fifo|                     s_norm1_out|       pointer|
|s_norm1_out_empty_n         |   in|    1|     ap_fifo|                     s_norm1_out|       pointer|
|s_norm1_out_read            |  out|    1|     ap_fifo|                     s_norm1_out|       pointer|
|s_norm1_out_num_data_valid  |   in|    3|     ap_fifo|                     s_norm1_out|       pointer|
|s_norm1_out_fifo_cap        |   in|    3|     ap_fifo|                     s_norm1_out|       pointer|
|p_out                       |  out|    8|      ap_vld|                           p_out|       pointer|
|p_out_ap_vld                |  out|    1|      ap_vld|                           p_out|       pointer|
|p_out1                      |  out|    8|      ap_vld|                          p_out1|       pointer|
|p_out1_ap_vld               |  out|    1|      ap_vld|                          p_out1|       pointer|
|p_out2                      |  out|    8|      ap_vld|                          p_out2|       pointer|
|p_out2_ap_vld               |  out|    1|      ap_vld|                          p_out2|       pointer|
|p_out3                      |  out|    8|      ap_vld|                          p_out3|       pointer|
|p_out3_ap_vld               |  out|    1|      ap_vld|                          p_out3|       pointer|
|p_out4                      |  out|    8|      ap_vld|                          p_out4|       pointer|
|p_out4_ap_vld               |  out|    1|      ap_vld|                          p_out4|       pointer|
|p_out5                      |  out|    8|      ap_vld|                          p_out5|       pointer|
|p_out5_ap_vld               |  out|    1|      ap_vld|                          p_out5|       pointer|
|p_out6                      |  out|    8|      ap_vld|                          p_out6|       pointer|
|p_out6_ap_vld               |  out|    1|      ap_vld|                          p_out6|       pointer|
|p_out7                      |  out|    8|      ap_vld|                          p_out7|       pointer|
|p_out7_ap_vld               |  out|    1|      ap_vld|                          p_out7|       pointer|
|p_out8                      |  out|    8|      ap_vld|                          p_out8|       pointer|
|p_out8_ap_vld               |  out|    1|      ap_vld|                          p_out8|       pointer|
|p_out9                      |  out|    8|      ap_vld|                          p_out9|       pointer|
|p_out9_ap_vld               |  out|    1|      ap_vld|                          p_out9|       pointer|
|p_out10                     |  out|    8|      ap_vld|                         p_out10|       pointer|
|p_out10_ap_vld              |  out|    1|      ap_vld|                         p_out10|       pointer|
|p_out11                     |  out|    8|      ap_vld|                         p_out11|       pointer|
|p_out11_ap_vld              |  out|    1|      ap_vld|                         p_out11|       pointer|
|p_out12                     |  out|    8|      ap_vld|                         p_out12|       pointer|
|p_out12_ap_vld              |  out|    1|      ap_vld|                         p_out12|       pointer|
|p_out13                     |  out|    8|      ap_vld|                         p_out13|       pointer|
|p_out13_ap_vld              |  out|    1|      ap_vld|                         p_out13|       pointer|
|p_out14                     |  out|    8|      ap_vld|                         p_out14|       pointer|
|p_out14_ap_vld              |  out|    1|      ap_vld|                         p_out14|       pointer|
|p_out15                     |  out|    8|      ap_vld|                         p_out15|       pointer|
|p_out15_ap_vld              |  out|    1|      ap_vld|                         p_out15|       pointer|
+----------------------------+-----+-----+------------+--------------------------------+--------------+

