

================================================================
== Vitis HLS Report for 'stateful_norm_2'
================================================================
* Date:           Fri May  1 14:54:08 2026

* Version:        2025.2 (Build 6295257 on Nov 14 2025)
* Project:        hls_component
* Solution:       hls (Vivado IP Flow Target)
* Product family: spartan7
* Target device:  xc7s50-csga324-2


================================================================
== Performance Estimates
================================================================
+ Timing: 
    * Summary: 
    +--------+----------+----------+------------+
    |  Clock |  Target  | Estimated| Uncertainty|
    +--------+----------+----------+------------+
    |ap_clk  |  10.00 ns|  8.098 ns|     1.00 ns|
    +--------+----------+----------+------------+

+ Latency: 
    * Summary: 
    +---------+---------+----------+----------+-----+-----+---------+
    |  Latency (cycles) |  Latency (absolute) |  Interval | Pipeline|
    |   min   |   max   |    min   |    max   | min | max |   Type  |
    +---------+---------+----------+----------+-----+-----+---------+
    |       23|       23|  0.230 us|  0.230 us|   23|   23|       no|
    +---------+---------+----------+----------+-----+-----+---------+

    + Detail: 
        * Instance: 
        +------------------------------------------------------+-------------------------------------------+---------+---------+----------+----------+-----+-----+-------------------+
        |                                                      |                                           |  Latency (cycles) |  Latency (absolute) |  Interval |      Pipeline     |
        |                       Instance                       |                   Module                  |   min   |   max   |    min   |    max   | min | max |        Type       |
        +------------------------------------------------------+-------------------------------------------+---------+---------+----------+----------+-----+-----+-------------------+
        |grp_stateful_norm_2_Pipeline_VITIS_LOOP_85_1_fu_96    |stateful_norm_2_Pipeline_VITIS_LOOP_85_1   |       10|       10|  0.100 us|  0.100 us|    0|    0|  loop pipeline stp|
        |grp_stateful_norm_2_Pipeline_VITIS_LOOP_109_3_fu_119  |stateful_norm_2_Pipeline_VITIS_LOOP_109_3  |       10|       10|  0.100 us|  0.100 us|    0|    0|  loop pipeline stp|
        +------------------------------------------------------+-------------------------------------------+---------+---------+----------+----------+-----+-----+-------------------+

        * Loop: 
        N/A



================================================================
== Utilization Estimates
================================================================
* Summary: 
+-----------------+---------+-----+-------+-------+-----+
|       Name      | BRAM_18K| DSP |   FF  |  LUT  | URAM|
+-----------------+---------+-----+-------+-------+-----+
|DSP              |        -|    -|      -|      -|    -|
|Expression       |        -|    -|      0|      2|    -|
|FIFO             |        -|    -|      -|      -|    -|
|Instance         |        -|    -|    171|    304|    -|
|Memory           |        -|    -|      -|      -|    -|
|Multiplexer      |        -|    -|      0|     36|    -|
|Register         |        -|    -|     15|      -|    -|
+-----------------+---------+-----+-------+-------+-----+
|Total            |        0|    0|    186|    342|    0|
+-----------------+---------+-----+-------+-------+-----+
|Available        |      150|  120|  65200|  32600|    0|
+-----------------+---------+-----+-------+-------+-----+
|Utilization (%)  |        0|    0|     ~0|      1|    0|
+-----------------+---------+-----+-------+-------+-----+

+ Detail: 
    * Instance: 
    +------------------------------------------------------+-------------------------------------------+---------+----+-----+-----+-----+
    |                       Instance                       |                   Module                  | BRAM_18K| DSP|  FF | LUT | URAM|
    +------------------------------------------------------+-------------------------------------------+---------+----+-----+-----+-----+
    |grp_stateful_norm_2_Pipeline_VITIS_LOOP_109_3_fu_119  |stateful_norm_2_Pipeline_VITIS_LOOP_109_3  |        0|   0|   21|  185|    0|
    |grp_stateful_norm_2_Pipeline_VITIS_LOOP_85_1_fu_96    |stateful_norm_2_Pipeline_VITIS_LOOP_85_1   |        0|   0|  150|  119|    0|
    +------------------------------------------------------+-------------------------------------------+---------+----+-----+-----+-----+
    |Total                                                 |                                           |        0|   0|  171|  304|    0|
    +------------------------------------------------------+-------------------------------------------+---------+----+-----+-----+-----+

    * DSP: 
    N/A

    * Memory: 
    N/A

    * FIFO: 
    N/A

    * Expression: 
    +-----------------+----------+----+---+----+------------+------------+
    |  Variable Name  | Operation| DSP| FF| LUT| Bitwidth P0| Bitwidth P1|
    +-----------------+----------+----+---+----+------------+------------+
    |ap_block_state1  |        or|   0|  0|   2|           1|           1|
    +-----------------+----------+----+---+----+------------+------------+
    |Total            |          |   0|  0|   2|           1|           1|
    +-----------------+----------+----+---+----+------------+------------+

    * Multiplexer: 
    +-----------+----+-----------+-----+-----------+
    |    Name   | LUT| Input Size| Bits| Total Bits|
    +-----------+----+-----------+-----+-----------+
    |ap_NS_fsm  |  27|          5|    1|          5|
    |ap_done    |   9|          2|    1|          2|
    +-----------+----+-----------+-----+-----------+
    |Total      |  36|          7|    2|          7|
    +-----------+----+-----------+-----+-----------+

    * Register: 
    +-------------------------------------------------------------------+---+----+-----+-----------+
    |                                Name                               | FF| LUT| Bits| Const Bits|
    +-------------------------------------------------------------------+---+----+-----+-----------+
    |ap_CS_fsm                                                          |  4|   0|    4|          0|
    |ap_done_reg                                                        |  1|   0|    1|          0|
    |grp_stateful_norm_2_Pipeline_VITIS_LOOP_109_3_fu_119_ap_start_reg  |  1|   0|    1|          0|
    |grp_stateful_norm_2_Pipeline_VITIS_LOOP_85_1_fu_96_ap_start_reg    |  1|   0|    1|          0|
    |trunc_ln_reg_394                                                   |  8|   0|    8|          0|
    +-------------------------------------------------------------------+---+----+-----+-----------+
    |Total                                                              | 15|   0|   15|          0|
    +-------------------------------------------------------------------+---+----+-----+-----------+



================================================================
== Interface
================================================================
* Summary: 
+----------------------------+-----+-----+------------+-----------------+--------------+
|          RTL Ports         | Dir | Bits|  Protocol  |  Source Object  |    C Type    |
+----------------------------+-----+-----+------------+-----------------+--------------+
|ap_clk                      |   in|    1|  ap_ctrl_hs|  stateful_norm.2|  return value|
|ap_rst                      |   in|    1|  ap_ctrl_hs|  stateful_norm.2|  return value|
|ap_start                    |   in|    1|  ap_ctrl_hs|  stateful_norm.2|  return value|
|ap_done                     |  out|    1|  ap_ctrl_hs|  stateful_norm.2|  return value|
|ap_continue                 |   in|    1|  ap_ctrl_hs|  stateful_norm.2|  return value|
|ap_idle                     |  out|    1|  ap_ctrl_hs|  stateful_norm.2|  return value|
|ap_ready                    |  out|    1|  ap_ctrl_hs|  stateful_norm.2|  return value|
|s_norm1_in_dout             |   in|   16|     ap_fifo|       s_norm1_in|       pointer|
|s_norm1_in_empty_n          |   in|    1|     ap_fifo|       s_norm1_in|       pointer|
|s_norm1_in_read             |  out|    1|     ap_fifo|       s_norm1_in|       pointer|
|s_norm1_in_num_data_valid   |   in|    3|     ap_fifo|       s_norm1_in|       pointer|
|s_norm1_in_fifo_cap         |   in|    3|     ap_fifo|       s_norm1_in|       pointer|
|s_norm1_out_din             |  out|   16|     ap_fifo|      s_norm1_out|       pointer|
|s_norm1_out_full_n          |   in|    1|     ap_fifo|      s_norm1_out|       pointer|
|s_norm1_out_write           |  out|    1|     ap_fifo|      s_norm1_out|       pointer|
|s_norm1_out_num_data_valid  |   in|   32|     ap_fifo|      s_norm1_out|       pointer|
|s_norm1_out_fifo_cap        |   in|   32|     ap_fifo|      s_norm1_out|       pointer|
+----------------------------+-----+-----+------------+-----------------+--------------+

