

================================================================
== Vitis HLS Report for 'stateful_softmax_Pipeline_VITIS_LOOP_217_4'
================================================================
* Date:           Fri May  1 14:54:09 2026

* Version:        2025.2 (Build 6295257 on Nov 14 2025)
* Project:        hls_component
* Solution:       hls (Vivado IP Flow Target)
* Product family: spartan7
* Target device:  xc7s50-csga324-2


================================================================
== Performance Estimates
================================================================
+ Timing: 
    * Summary: 
    +--------+----------+----------+------------+
    |  Clock |  Target  | Estimated| Uncertainty|
    +--------+----------+----------+------------+
    |ap_clk  |  10.00 ns|  8.780 ns|     1.00 ns|
    +--------+----------+----------+------------+

+ Latency: 
    * Summary: 
    +---------+---------+----------+----------+-----+-----+-------------------+
    |  Latency (cycles) |  Latency (absolute) |  Interval |      Pipeline     |
    |   min   |   max   |    min   |    max   | min | max |        Type       |
    +---------+---------+----------+----------+-----+-----+-------------------+
    |       29|       29|  0.290 us|  0.290 us|    0|    0|  loop pipeline stp|
    +---------+---------+----------+----------+-----+-----+-------------------+

    + Detail: 
        * Instance: 
        N/A

        * Loop: 
        +--------------------+---------+---------+----------+-----------+-----------+------+----------+
        |                    |  Latency (cycles) | Iteration|  Initiation Interval  | Trip |          |
        |      Loop Name     |   min   |   max   |  Latency |  achieved |   target  | Count| Pipelined|
        +--------------------+---------+---------+----------+-----------+-----------+------+----------+
        |- VITIS_LOOP_217_4  |       27|       27|        21|          1|          1|     8|       yes|
        +--------------------+---------+---------+----------+-----------+-----------+------+----------+



================================================================
== Utilization Estimates
================================================================
* Summary: 
+-----------------+---------+-----+-------+-------+-----+
|       Name      | BRAM_18K| DSP |   FF  |  LUT  | URAM|
+-----------------+---------+-----+-------+-------+-----+
|DSP              |        -|    -|      -|      -|    -|
|Expression       |        -|    -|      0|     84|    -|
|FIFO             |        -|    -|      -|      -|    -|
|Instance         |        -|    -|   1476|   1208|    -|
|Memory           |        -|    -|      -|      -|    -|
|Multiplexer      |        -|    -|      0|     45|    -|
|Register         |        -|    -|     45|      -|    -|
+-----------------+---------+-----+-------+-------+-----+
|Total            |        0|    0|   1521|   1337|    0|
+-----------------+---------+-----+-------+-------+-----+
|Available        |      150|  120|  65200|  32600|    0|
+-----------------+---------+-----+-------+-------+-----+
|Utilization (%)  |        0|    0|      2|      4|    0|
+-----------------+---------+-----+-------+-------+-----+

+ Detail: 
    * Instance: 
    +-----------------------------+------------------------+---------+----+-----+-----+-----+
    |           Instance          |         Module         | BRAM_18K| DSP|  FF | LUT | URAM|
    +-----------------------------+------------------------+---------+----+-----+-----+-----+
    |sparsemux_17_3_9_1_1_U428    |sparsemux_17_3_9_1_1    |        0|   0|    0|   39|    0|
    |sparsemux_17_3_9_1_1_U430    |sparsemux_17_3_9_1_1    |        0|   0|    0|   39|    0|
    |udiv_17ns_13ns_17_21_1_U429  |udiv_17ns_13ns_17_21_1  |        0|   0|  738|  565|    0|
    |udiv_17ns_13ns_17_21_1_U431  |udiv_17ns_13ns_17_21_1  |        0|   0|  738|  565|    0|
    +-----------------------------+------------------------+---------+----+-----+-----+-----+
    |Total                        |                        |        0|   0| 1476| 1208|    0|
    +-----------------------------+------------------------+---------+----+-----+-----+-----+

    * DSP: 
    N/A

    * Memory: 
    N/A

    * FIFO: 
    N/A

    * Expression: 
    +---------------------------+----------+----+---+----+------------+------------+
    |       Variable Name       | Operation| DSP| FF| LUT| Bitwidth P0| Bitwidth P1|
    +---------------------------+----------+----+---+----+------------+------------+
    |add_ln217_fu_249_p2        |         +|   0|  0|  13|           4|           1|
    |add_ln223_fu_307_p2        |         +|   0|  0|  20|          13|          13|
    |ap_block_pp0_stage0_01001  |       and|   0|  0|   2|           1|           1|
    |icmp_ln217_fu_243_p2       |      icmp|   0|  0|  13|           4|           5|
    |icmp_ln224_1_fu_424_p2     |      icmp|   0|  0|  10|           2|           1|
    |icmp_ln224_fu_392_p2       |      icmp|   0|  0|  10|           2|           1|
    |elems_2_fu_434_p3          |    select|   0|  0|   7|           1|           2|
    |elems_fu_402_p3            |    select|   0|  0|   7|           1|           2|
    |ap_enable_pp0              |       xor|   0|  0|   2|           1|           2|
    +---------------------------+----------+----+---+----+------------+------------+
    |Total                      |          |   0|  0|  84|          29|          28|
    +---------------------------+----------+----+---+----+------------+------------+

    * Multiplexer: 
    +-------------------------+----+-----------+-----+-----------+
    |           Name          | LUT| Input Size| Bits| Total Bits|
    +-------------------------+----+-----------+-----+-----------+
    |ap_done_int              |   9|          2|    1|          2|
    |ap_enable_reg_pp0_iter1  |   9|          2|    1|          2|
    |ap_sig_allocacmp_i_1     |   9|          2|    4|          8|
    |i_fu_108                 |   9|          2|    4|          8|
    |s_softmax_out_blk_n      |   9|          2|    1|          2|
    +-------------------------+----+-----------+-----+-----------+
    |Total                    |  45|         10|   11|         22|
    +-------------------------+----+-----------+-----+-----------+

    * Register: 
    +-----------------------------------+---+----+-----+-----------+
    |                Name               | FF| LUT| Bits| Const Bits|
    +-----------------------------------+---+----+-----+-----------+
    |ap_CS_fsm                          |  1|   0|    1|          0|
    |ap_done_reg                        |  1|   0|    1|          0|
    |ap_enable_reg_pp0_iter1            |  1|   0|    1|          0|
    |ap_enable_reg_pp0_iter10           |  1|   0|    1|          0|
    |ap_enable_reg_pp0_iter11           |  1|   0|    1|          0|
    |ap_enable_reg_pp0_iter12           |  1|   0|    1|          0|
    |ap_enable_reg_pp0_iter13           |  1|   0|    1|          0|
    |ap_enable_reg_pp0_iter14           |  1|   0|    1|          0|
    |ap_enable_reg_pp0_iter15           |  1|   0|    1|          0|
    |ap_enable_reg_pp0_iter16           |  1|   0|    1|          0|
    |ap_enable_reg_pp0_iter17           |  1|   0|    1|          0|
    |ap_enable_reg_pp0_iter18           |  1|   0|    1|          0|
    |ap_enable_reg_pp0_iter19           |  1|   0|    1|          0|
    |ap_enable_reg_pp0_iter2            |  1|   0|    1|          0|
    |ap_enable_reg_pp0_iter20           |  1|   0|    1|          0|
    |ap_enable_reg_pp0_iter3            |  1|   0|    1|          0|
    |ap_enable_reg_pp0_iter4            |  1|   0|    1|          0|
    |ap_enable_reg_pp0_iter5            |  1|   0|    1|          0|
    |ap_enable_reg_pp0_iter6            |  1|   0|    1|          0|
    |ap_enable_reg_pp0_iter7            |  1|   0|    1|          0|
    |ap_enable_reg_pp0_iter8            |  1|   0|    1|          0|
    |ap_enable_reg_pp0_iter9            |  1|   0|    1|          0|
    |ap_loop_exit_ready_pp0_iter10_reg  |  1|   0|    1|          0|
    |ap_loop_exit_ready_pp0_iter11_reg  |  1|   0|    1|          0|
    |ap_loop_exit_ready_pp0_iter12_reg  |  1|   0|    1|          0|
    |ap_loop_exit_ready_pp0_iter13_reg  |  1|   0|    1|          0|
    |ap_loop_exit_ready_pp0_iter14_reg  |  1|   0|    1|          0|
    |ap_loop_exit_ready_pp0_iter15_reg  |  1|   0|    1|          0|
    |ap_loop_exit_ready_pp0_iter16_reg  |  1|   0|    1|          0|
    |ap_loop_exit_ready_pp0_iter17_reg  |  1|   0|    1|          0|
    |ap_loop_exit_ready_pp0_iter18_reg  |  1|   0|    1|          0|
    |ap_loop_exit_ready_pp0_iter19_reg  |  1|   0|    1|          0|
    |ap_loop_exit_ready_pp0_iter1_reg   |  1|   0|    1|          0|
    |ap_loop_exit_ready_pp0_iter2_reg   |  1|   0|    1|          0|
    |ap_loop_exit_ready_pp0_iter3_reg   |  1|   0|    1|          0|
    |ap_loop_exit_ready_pp0_iter4_reg   |  1|   0|    1|          0|
    |ap_loop_exit_ready_pp0_iter5_reg   |  1|   0|    1|          0|
    |ap_loop_exit_ready_pp0_iter6_reg   |  1|   0|    1|          0|
    |ap_loop_exit_ready_pp0_iter7_reg   |  1|   0|    1|          0|
    |ap_loop_exit_ready_pp0_iter8_reg   |  1|   0|    1|          0|
    |ap_loop_exit_ready_pp0_iter9_reg   |  1|   0|    1|          0|
    |i_fu_108                           |  4|   0|    4|          0|
    +-----------------------------------+---+----+-----+-----------+
    |Total                              | 45|   0|   45|          0|
    +-----------------------------------+---+----+-----+-----------+



================================================================
== Interface
================================================================
* Summary: 
+------------------------------+-----+-----+------------+--------------------------------------------+--------------+
|           RTL Ports          | Dir | Bits|  Protocol  |                Source Object               |    C Type    |
+------------------------------+-----+-----+------------+--------------------------------------------+--------------+
|ap_clk                        |   in|    1|  ap_ctrl_hs|  stateful_softmax_Pipeline_VITIS_LOOP_217_4|  return value|
|ap_rst                        |   in|    1|  ap_ctrl_hs|  stateful_softmax_Pipeline_VITIS_LOOP_217_4|  return value|
|ap_start                      |   in|    1|  ap_ctrl_hs|  stateful_softmax_Pipeline_VITIS_LOOP_217_4|  return value|
|ap_done                       |  out|    1|  ap_ctrl_hs|  stateful_softmax_Pipeline_VITIS_LOOP_217_4|  return value|
|ap_idle                       |  out|    1|  ap_ctrl_hs|  stateful_softmax_Pipeline_VITIS_LOOP_217_4|  return value|
|ap_ready                      |  out|    1|  ap_ctrl_hs|  stateful_softmax_Pipeline_VITIS_LOOP_217_4|  return value|
|s_softmax_out_din             |  out|   16|     ap_fifo|                               s_softmax_out|       pointer|
|s_softmax_out_full_n          |   in|    1|     ap_fifo|                               s_softmax_out|       pointer|
|s_softmax_out_write           |  out|    1|     ap_fifo|                               s_softmax_out|       pointer|
|s_softmax_out_num_data_valid  |   in|   32|     ap_fifo|                               s_softmax_out|       pointer|
|s_softmax_out_fifo_cap        |   in|   32|     ap_fifo|                               s_softmax_out|       pointer|
|exp_val_18                    |   in|    9|     ap_none|                                  exp_val_18|        scalar|
|exp_val_20                    |   in|    9|     ap_none|                                  exp_val_20|        scalar|
|exp_val_22                    |   in|    9|     ap_none|                                  exp_val_22|        scalar|
|exp_val_24                    |   in|    9|     ap_none|                                  exp_val_24|        scalar|
|exp_val_26                    |   in|    9|     ap_none|                                  exp_val_26|        scalar|
|exp_val_28                    |   in|    9|     ap_none|                                  exp_val_28|        scalar|
|exp_val_30                    |   in|    9|     ap_none|                                  exp_val_30|        scalar|
|exp_val_32                    |   in|    9|     ap_none|                                  exp_val_32|        scalar|
|zext_ln217                    |   in|   12|     ap_none|                                  zext_ln217|        scalar|
|zext_ln213_17                 |   in|    9|     ap_none|                               zext_ln213_17|        scalar|
|exp_val_19                    |   in|    9|     ap_none|                                  exp_val_19|        scalar|
|exp_val_21                    |   in|    9|     ap_none|                                  exp_val_21|        scalar|
|exp_val_23                    |   in|    9|     ap_none|                                  exp_val_23|        scalar|
|exp_val_25                    |   in|    9|     ap_none|                                  exp_val_25|        scalar|
|exp_val_27                    |   in|    9|     ap_none|                                  exp_val_27|        scalar|
|exp_val_29                    |   in|    9|     ap_none|                                  exp_val_29|        scalar|
|exp_val_31                    |   in|    9|     ap_none|                                  exp_val_31|        scalar|
|exp_val_33                    |   in|    9|     ap_none|                                  exp_val_33|        scalar|
+------------------------------+-----+-----+------------+--------------------------------------------+--------------+

