

================================================================
== Vitis HLS Report for 'stateful_softmax_Pipeline_VITIS_LOOP_217_4'
================================================================
* Date:           Fri May  1 14:54:09 2026

* Version:        2025.2 (Build 6295257 on Nov 14 2025)
* Project:        hls_component
* Solution:       hls (Vivado IP Flow Target)
* Product family: spartan7
* Target device:  xc7s50-csga324-2


================================================================
== Performance Estimates
================================================================
+ Timing: 
    * Summary: 
    +--------+----------+----------+------------+
    |  Clock |  Target  | Estimated| Uncertainty|
    +--------+----------+----------+------------+
    |ap_clk  |  10.00 ns|  8.780 ns|     1.00 ns|
    +--------+----------+----------+------------+

+ Latency: 
    * Summary: 
    +---------+---------+----------+----------+-----+-----+-------------------+
    |  Latency (cycles) |  Latency (absolute) |  Interval |      Pipeline     |
    |   min   |   max   |    min   |    max   | min | max |        Type       |
    +---------+---------+----------+----------+-----+-----+-------------------+
    |       29|       29|  0.290 us|  0.290 us|    0|    0|  loop pipeline stp|
    +---------+---------+----------+----------+-----+-----+-------------------+

    + Detail: 
        * Instance: 
        N/A

        * Loop: 
        +--------------------+---------+---------+----------+-----------+-----------+------+----------+
        |                    |  Latency (cycles) | Iteration|  Initiation Interval  | Trip |          |
        |      Loop Name     |   min   |   max   |  Latency |  achieved |   target  | Count| Pipelined|
        +--------------------+---------+---------+----------+-----------+-----------+------+----------+
        |- VITIS_LOOP_217_4  |       27|       27|        21|          1|          1|     8|       yes|
        +--------------------+---------+---------+----------+-----------+-----------+------+----------+



================================================================
== Utilization Estimates
================================================================
* Summary: 
+-----------------+---------+-----+-------+-------+-----+
|       Name      | BRAM_18K| DSP |   FF  |  LUT  | URAM|
+-----------------+---------+-----+-------+-------+-----+
|DSP              |        -|    -|      -|      -|    -|
|Expression       |        -|    -|      0|     84|    -|
|FIFO             |        -|    -|      -|      -|    -|
|Instance         |        -|    -|   1476|   1208|    -|
|Memory           |        -|    -|      -|      -|    -|
|Multiplexer      |        -|    -|      0|     45|    -|
|Register         |        -|    -|     45|      -|    -|
+-----------------+---------+-----+-------+-------+-----+
|Total            |        0|    0|   1521|   1337|    0|
+-----------------+---------+-----+-------+-------+-----+
|Available        |      150|  120|  65200|  32600|    0|
+-----------------+---------+-----+-------+-------+-----+
|Utilization (%)  |        0|    0|      2|      4|    0|
+-----------------+---------+-----+-------+-------+-----+

+ Detail: 
    * Instance: 
    +-----------------------------+------------------------+---------+----+-----+-----+-----+
    |           Instance          |         Module         | BRAM_18K| DSP|  FF | LUT | URAM|
    +-----------------------------+------------------------+---------+----+-----+-----+-----+
    |sparsemux_17_3_9_1_1_U428    |sparsemux_17_3_9_1_1    |        0|   0|    0|   39|    0|
    |sparsemux_17_3_9_1_1_U430    |sparsemux_17_3_9_1_1    |        0|   0|    0|   39|    0|
    |udiv_17ns_13ns_17_21_1_U429  |udiv_17ns_13ns_17_21_1  |        0|   0|  738|  565|    0|
    |udiv_17ns_13ns_17_21_1_U431  |udiv_17ns_13ns_17_21_1  |        0|   0|  738|  565|    0|
    +-----------------------------+------------------------+---------+----+-----+-----+-----+
    |Total                        |                        |        0|   0| 1476| 1208|    0|
    +-----------------------------+------------------------+---------+----+-----+-----+-----+

    * DSP: 
    N/A

    * Memory: 
    N/A

    * FIFO: 
    N/A

    * Expression: 
    +---------------------------+----------+----+---+----+------------+------------+
    |       Variable Name       | Operation| DSP| FF| LUT| Bitwidth P0| Bitwidth P1|
    +---------------------------+----------+----+---+----+------------+------------+
    |add_ln217_fu_249_p2        |         +|   0|  0|  13|           4|           1|
    |add_ln223_fu_307_p2        |         +|   0|  0|  20|          13|          13|
    |ap_block_pp0_stage0_01001  |       and|   0|  0|   2|           1|           1|
    |icmp_ln217_fu_243_p2       |      icmp|   0|  0|  13|           4|           5|
    |icmp_ln224_1_fu_424_p2     |      icmp|   0|  0|  10|           2|           1|
    |icmp_ln224_fu_392_p2       |      icmp|   0|  0|  10|           2|           1|
    |elems_2_fu_434_p3          |    select|   0|  0|   7|           1|           2|
    |elems_fu_402_p3            |    select|   0|  0|   7|           1|           2|
    |ap_enable_pp0              |       xor|   0|  0|   2|           1|           2|
    +---------------------------+----------+----+---+----+------------+------------+
    |Total                      |          |   0|  0|  84|          29|          28|
    +---------------------------+----------+----+---+----+------------+------------+

    * Multiplexer: 
    +-------------------------+----+-----------+-----+-----------+
    |           Name          | LUT| Input Size| Bits| Total Bits|
    +-------------------------+----+-----------+-----+-----------+
    |ap_done_int              |   9|          2|    1|          2|
    |ap_enable_reg_pp0_iter1  |   9|          2|    1|          2|
    |ap_sig_allocacmp_i_1     |   9|          2|    4|          8|
    |i_fu_108                 |   9|          2|    4|          8|
    |s_softmax_out_blk_n      |   9|          2|    1|          2|
    +-------------------------+----+-----------+-----+-----------+
    |Total                    |  45|         10|   11|         22|
    +-------------------------+----+-----------+-----+-----------+

    * Register: 
    +-----------------------------------+---+----+-----+-----------+
    |                Name               | FF| LUT| Bits| Const Bits|
    +-----------------------------------+---+----+-----+-----------+
    |ap_CS_fsm                          |  1|   0|    1|          0|
    |ap_done_reg                        |  1|   0|    1|          0|
    |ap_enable_reg_pp0_iter1            |  1|   0|    1|          0|
    |ap_enable_reg_pp0_iter10           |  1|   0|    1|          0|
    |ap_enable_reg_pp0_iter11           |  1|   0|    1|          0|
    |ap_enable_reg_pp0_iter12           |  1|   0|    1|          0|
    |ap_enable_reg_pp0_iter13           |  1|   0|    1|          0|
    |ap_enable_reg_pp0_iter14           |  1|   0|    1|          0|
    |ap_enable_reg_pp0_iter15           |  1|   0|    1|          0|
    |ap_enable_reg_pp0_iter16           |  1|   0|    1|          0|
    |ap_enable_reg_pp0_iter17           |  1|   0|    1|          0|
    |ap_enable_reg_pp0_iter18           |  1|   0|    1|          0|
    |ap_enable_reg_pp0_iter19           |  1|   0|    1|          0|
    |ap_enable_reg_pp0_iter2            |  1|   0|    1|          0|
    |ap_enable_reg_pp0_iter20           |  1|   0|    1|          0|
    |ap_enable_reg_pp0_iter3            |  1|   0|    1|          0|
    |ap_enable_reg_pp0_iter4            |  1|   0|    1|          0|
    |ap_enable_reg_pp0_iter5            |  1|   0|    1|          0|
    |ap_enable_reg_pp0_iter6            |  1|   0|    1|          0|
    |ap_enable_reg_pp0_iter7            |  1|   0|    1|          0|
    |ap_enable_reg_pp0_iter8            |  1|   0|    1|          0|
    |ap_enable_reg_pp0_iter9            |  1|   0|    1|          0|
    |ap_loop_exit_ready_pp0_iter10_reg  |  1|   0|    1|          0|
    |ap_loop_exit_ready_pp0_iter11_reg  |  1|   0|    1|          0|
    |ap_loop_exit_ready_pp0_iter12_reg  |  1|   0|    1|          0|
    |ap_loop_exit_ready_pp0_iter13_reg  |  1|   0|    1|          0|
    |ap_loop_exit_ready_pp0_iter14_reg  |  1|   0|    1|          0|
    |ap_loop_exit_ready_pp0_iter15_reg  |  1|   0|    1|          0|
    |ap_loop_exit_ready_pp0_iter16_reg  |  1|   0|    1|          0|
    |ap_loop_exit_ready_pp0_iter17_reg  |  1|   0|    1|          0|
    |ap_loop_exit_ready_pp0_iter18_reg  |  1|   0|    1|          0|
    |ap_loop_exit_ready_pp0_iter19_reg  |  1|   0|    1|          0|
    |ap_loop_exit_ready_pp0_iter1_reg   |  1|   0|    1|          0|
    |ap_loop_exit_ready_pp0_iter2_reg   |  1|   0|    1|          0|
    |ap_loop_exit_ready_pp0_iter3_reg   |  1|   0|    1|          0|
    |ap_loop_exit_ready_pp0_iter4_reg   |  1|   0|    1|          0|
    |ap_loop_exit_ready_pp0_iter5_reg   |  1|   0|    1|          0|
    |ap_loop_exit_ready_pp0_iter6_reg   |  1|   0|    1|          0|
    |ap_loop_exit_ready_pp0_iter7_reg   |  1|   0|    1|          0|
    |ap_loop_exit_ready_pp0_iter8_reg   |  1|   0|    1|          0|
    |ap_loop_exit_ready_pp0_iter9_reg   |  1|   0|    1|          0|
    |i_fu_108                           |  4|   0|    4|          0|
    +-----------------------------------+---+----+-----+-----------+
    |Total                              | 45|   0|   45|          0|
    +-----------------------------------+---+----+-----+-----------+



================================================================
== Interface
================================================================
* Summary: 
+------------------------------+-----+-----+------------+--------------------------------------------+--------------+
|           RTL Ports          | Dir | Bits|  Protocol  |                Source Object               |    C Type    |
+------------------------------+-----+-----+------------+--------------------------------------------+--------------+
|ap_clk                        |   in|    1|  ap_ctrl_hs|  stateful_softmax_Pipeline_VITIS_LOOP_217_4|  return value|
|ap_rst                        |   in|    1|  ap_ctrl_hs|  stateful_softmax_Pipeline_VITIS_LOOP_217_4|  return value|
|ap_start                      |   in|    1|  ap_ctrl_hs|  stateful_softmax_Pipeline_VITIS_LOOP_217_4|  return value|
|ap_done                       |  out|    1|  ap_ctrl_hs|  stateful_softmax_Pipeline_VITIS_LOOP_217_4|  return value|
|ap_idle                       |  out|    1|  ap_ctrl_hs|  stateful_softmax_Pipeline_VITIS_LOOP_217_4|  return value|
|ap_ready                      |  out|    1|  ap_ctrl_hs|  stateful_softmax_Pipeline_VITIS_LOOP_217_4|  return value|
|s_softmax_out_din             |  out|   16|     ap_fifo|                               s_softmax_out|       pointer|
|s_softmax_out_full_n          |   in|    1|     ap_fifo|                               s_softmax_out|       pointer|
|s_softmax_out_write           |  out|    1|     ap_fifo|                               s_softmax_out|       pointer|
|s_softmax_out_num_data_valid  |   in|   32|     ap_fifo|                               s_softmax_out|       pointer|
|s_softmax_out_fifo_cap        |   in|   32|     ap_fifo|                               s_softmax_out|       pointer|
|exp_val_18                    |   in|    9|     ap_none|                                  exp_val_18|        scalar|
|exp_val_20                    |   in|    9|     ap_none|                                  exp_val_20|        scalar|
|exp_val_22                    |   in|    9|     ap_none|                                  exp_val_22|        scalar|
|exp_val_24                    |   in|    9|     ap_none|                                  exp_val_24|        scalar|
|exp_val_26                    |   in|    9|     ap_none|                                  exp_val_26|        scalar|
|exp_val_28                    |   in|    9|     ap_none|                                  exp_val_28|        scalar|
|exp_val_30                    |   in|    9|     ap_none|                                  exp_val_30|        scalar|
|exp_val_32                    |   in|    9|     ap_none|                                  exp_val_32|        scalar|
|zext_ln217                    |   in|   12|     ap_none|                                  zext_ln217|        scalar|
|zext_ln213_17                 |   in|    9|     ap_none|                               zext_ln213_17|        scalar|
|exp_val_19                    |   in|    9|     ap_none|                                  exp_val_19|        scalar|
|exp_val_21                    |   in|    9|     ap_none|                                  exp_val_21|        scalar|
|exp_val_23                    |   in|    9|     ap_none|                                  exp_val_23|        scalar|
|exp_val_25                    |   in|    9|     ap_none|                                  exp_val_25|        scalar|
|exp_val_27                    |   in|    9|     ap_none|                                  exp_val_27|        scalar|
|exp_val_29                    |   in|    9|     ap_none|                                  exp_val_29|        scalar|
|exp_val_31                    |   in|    9|     ap_none|                                  exp_val_31|        scalar|
|exp_val_33                    |   in|    9|     ap_none|                                  exp_val_33|        scalar|
+------------------------------+-----+-----+------------+--------------------------------------------+--------------+

============================================================
+ Verbose Summary: Synthesis Manager
============================================================
InlineROM: 1
ExposeGlobal: 0
============================================================
+ Verbose Summary: CDFG Model
============================================================
IsTopModel: 0
ResetActiveHigh: 1
IsCombinational: 2
IsDatapathOnly: 2
HasWiredReturn: 1
HasMFsm: 2
HasVarLatency: 1
IsPipeline: 0
IsRtlPipelined: 0
IsInstanceOverlapped: 0
IsDontTouch: 0
HasImplIP: 0
IsGatedGlobalClock: 0

+ Individual pipeline summary: 
  * Pipeline-0: initiation interval (II) = 1, depth = 21


============================================================
+ Verbose Summary: Schedule
============================================================
* Number of FSM states : 21
* Pipeline : 1
  Pipeline-0 : II = 1, D = 21, States = { 1 2 3 4 5 6 7 8 9 10 11 12 13 14 15 16 17 18 19 20 21 }
* Dataflow Pipeline: 0

* FSM state transitions: 
1 --> 2 
2 --> 3 
3 --> 4 
4 --> 5 
5 --> 6 
6 --> 7 
7 --> 8 
8 --> 9 
9 --> 10 
10 --> 11 
11 --> 12 
12 --> 13 
13 --> 14 
14 --> 15 
15 --> 16 
16 --> 17 
17 --> 18 
18 --> 19 
19 --> 20 
20 --> 21 
21 --> 

* FSM state operations: 

State 1 <SV = 0> <Delay = 6.28>
ST_1 : Operation 24 [1/1] (0.00ns)   --->   "%i = alloca i32 1" [main.cpp:217]   --->   Operation 24 'alloca' 'i' <Predicate = true> <Delay = 0.00>
ST_1 : Operation 25 [1/1] (0.00ns)   --->   "%exp_val_33_read = read i9 @_ssdm_op_Read.ap_auto.i9, i9 %exp_val_33"   --->   Operation 25 'read' 'exp_val_33_read' <Predicate = true> <Delay = 0.00>
ST_1 : Operation 26 [1/1] (0.00ns)   --->   "%exp_val_31_read = read i9 @_ssdm_op_Read.ap_auto.i9, i9 %exp_val_31"   --->   Operation 26 'read' 'exp_val_31_read' <Predicate = true> <Delay = 0.00>
ST_1 : Operation 27 [1/1] (0.00ns)   --->   "%exp_val_29_read = read i9 @_ssdm_op_Read.ap_auto.i9, i9 %exp_val_29"   --->   Operation 27 'read' 'exp_val_29_read' <Predicate = true> <Delay = 0.00>
ST_1 : Operation 28 [1/1] (0.00ns)   --->   "%exp_val_27_read = read i9 @_ssdm_op_Read.ap_auto.i9, i9 %exp_val_27"   --->   Operation 28 'read' 'exp_val_27_read' <Predicate = true> <Delay = 0.00>
ST_1 : Operation 29 [1/1] (0.00ns)   --->   "%exp_val_25_read = read i9 @_ssdm_op_Read.ap_auto.i9, i9 %exp_val_25"   --->   Operation 29 'read' 'exp_val_25_read' <Predicate = true> <Delay = 0.00>
ST_1 : Operation 30 [1/1] (0.00ns)   --->   "%exp_val_23_read = read i9 @_ssdm_op_Read.ap_auto.i9, i9 %exp_val_23"   --->   Operation 30 'read' 'exp_val_23_read' <Predicate = true> <Delay = 0.00>
ST_1 : Operation 31 [1/1] (0.00ns)   --->   "%exp_val_21_read = read i9 @_ssdm_op_Read.ap_auto.i9, i9 %exp_val_21"   --->   Operation 31 'read' 'exp_val_21_read' <Predicate = true> <Delay = 0.00>
ST_1 : Operation 32 [1/1] (0.00ns)   --->   "%exp_val_19_read = read i9 @_ssdm_op_Read.ap_auto.i9, i9 %exp_val_19"   --->   Operation 32 'read' 'exp_val_19_read' <Predicate = true> <Delay = 0.00>
ST_1 : Operation 33 [1/1] (0.00ns)   --->   "%zext_ln213_17_read = read i9 @_ssdm_op_Read.ap_auto.i9, i9 %zext_ln213_17"   --->   Operation 33 'read' 'zext_ln213_17_read' <Predicate = true> <Delay = 0.00>
ST_1 : Operation 34 [1/1] (0.00ns)   --->   "%zext_ln217_read = read i12 @_ssdm_op_Read.ap_auto.i12, i12 %zext_ln217"   --->   Operation 34 'read' 'zext_ln217_read' <Predicate = true> <Delay = 0.00>
ST_1 : Operation 35 [1/1] (0.00ns)   --->   "%exp_val_32_read = read i9 @_ssdm_op_Read.ap_auto.i9, i9 %exp_val_32"   --->   Operation 35 'read' 'exp_val_32_read' <Predicate = true> <Delay = 0.00>
ST_1 : Operation 36 [1/1] (0.00ns)   --->   "%exp_val_30_read = read i9 @_ssdm_op_Read.ap_auto.i9, i9 %exp_val_30"   --->   Operation 36 'read' 'exp_val_30_read' <Predicate = true> <Delay = 0.00>
ST_1 : Operation 37 [1/1] (0.00ns)   --->   "%exp_val_28_read = read i9 @_ssdm_op_Read.ap_auto.i9, i9 %exp_val_28"   --->   Operation 37 'read' 'exp_val_28_read' <Predicate = true> <Delay = 0.00>
ST_1 : Operation 38 [1/1] (0.00ns)   --->   "%exp_val_26_read = read i9 @_ssdm_op_Read.ap_auto.i9, i9 %exp_val_26"   --->   Operation 38 'read' 'exp_val_26_read' <Predicate = true> <Delay = 0.00>
ST_1 : Operation 39 [1/1] (0.00ns)   --->   "%exp_val_24_read = read i9 @_ssdm_op_Read.ap_auto.i9, i9 %exp_val_24"   --->   Operation 39 'read' 'exp_val_24_read' <Predicate = true> <Delay = 0.00>
ST_1 : Operation 40 [1/1] (0.00ns)   --->   "%exp_val_22_read = read i9 @_ssdm_op_Read.ap_auto.i9, i9 %exp_val_22"   --->   Operation 40 'read' 'exp_val_22_read' <Predicate = true> <Delay = 0.00>
ST_1 : Operation 41 [1/1] (0.00ns)   --->   "%exp_val_20_read = read i9 @_ssdm_op_Read.ap_auto.i9, i9 %exp_val_20"   --->   Operation 41 'read' 'exp_val_20_read' <Predicate = true> <Delay = 0.00>
ST_1 : Operation 42 [1/1] (0.00ns)   --->   "%exp_val_18_read = read i9 @_ssdm_op_Read.ap_auto.i9, i9 %exp_val_18"   --->   Operation 42 'read' 'exp_val_18_read' <Predicate = true> <Delay = 0.00>
ST_1 : Operation 43 [1/1] (0.00ns)   --->   "%zext_ln213_17_cast = zext i9 %zext_ln213_17_read"   --->   Operation 43 'zext' 'zext_ln213_17_cast' <Predicate = true> <Delay = 0.00>
ST_1 : Operation 44 [1/1] (0.00ns)   --->   "%zext_ln217_cast = zext i12 %zext_ln217_read"   --->   Operation 44 'zext' 'zext_ln217_cast' <Predicate = true> <Delay = 0.00>
ST_1 : Operation 45 [1/1] (0.00ns)   --->   "%specinterface_ln0 = specinterface void @_ssdm_op_SpecInterface, i16 %s_softmax_out, void @empty_7, i32 0, i32 0, void @empty_9, i32 0, i32 0, void @empty_9, void @empty_9, void @empty_9, i32 0, i32 0, i32 0, i32 0, void @empty_9, void @empty_9, i32 4294967295, i32 0, i32 0, i32 0"   --->   Operation 45 'specinterface' 'specinterface_ln0' <Predicate = true> <Delay = 0.00>
ST_1 : Operation 46 [1/1] (1.29ns)   --->   "%store_ln217 = store i4 0, i4 %i" [main.cpp:217]   --->   Operation 46 'store' 'store_ln217' <Predicate = true> <Delay = 1.29>
ST_1 : Operation 47 [1/1] (0.00ns)   --->   "%br_ln0 = br void %VITIS_LOOP_220_5"   --->   Operation 47 'br' 'br_ln0' <Predicate = true> <Delay = 0.00>
ST_1 : Operation 48 [1/1] (0.00ns)   --->   "%i_1 = load i4 %i" [main.cpp:217]   --->   Operation 48 'load' 'i_1' <Predicate = true> <Delay = 0.00>
ST_1 : Operation 49 [1/1] (1.56ns)   --->   "%icmp_ln217 = icmp_eq  i4 %i_1, i4 8" [main.cpp:217]   --->   Operation 49 'icmp' 'icmp_ln217' <Predicate = true> <Delay = 1.56> <CoreInst = "Cmp">   --->   Core 9 'Cmp' <Latency = 0> <II = 1> <Delay = 1.58> <FuncUnit> <Opcode : 'seteq' 'setne' 'setle' 'setge' 'setlt' 'setgt'> <InPorts = 2> <OutPorts = 1>
ST_1 : Operation 50 [1/1] (1.56ns)   --->   "%add_ln217 = add i4 %i_1, i4 1" [main.cpp:217]   --->   Operation 50 'add' 'add_ln217' <Predicate = true> <Delay = 1.56> <CoreInst = "Adder">   --->   Core 1 'Adder' <Latency = 0> <II = 1> <Delay = 1.56> <FuncUnit> <Opcode : 'add' 'sub'> <InPorts = 2> <OutPorts = 1>
ST_1 : Operation 51 [1/1] (0.00ns)   --->   "%br_ln217 = br i1 %icmp_ln217, void %VITIS_LOOP_220_5.split, void %for.end65.exitStub" [main.cpp:217]   --->   Operation 51 'br' 'br_ln217' <Predicate = true> <Delay = 0.00>
ST_1 : Operation 52 [1/1] (0.00ns)   --->   "%trunc_ln217 = trunc i4 %i_1" [main.cpp:217]   --->   Operation 52 'trunc' 'trunc_ln217' <Predicate = (!icmp_ln217)> <Delay = 0.00>
ST_1 : Operation 53 [1/1] (1.83ns)   --->   "%exp_val = sparsemux i9 @_ssdm_op_SparseMux.ap_auto.8i9.i9.i3, i3 0, i9 %exp_val_18_read, i3 1, i9 %exp_val_20_read, i3 2, i9 %exp_val_22_read, i3 3, i9 %exp_val_24_read, i3 4, i9 %exp_val_26_read, i3 5, i9 %exp_val_28_read, i3 6, i9 %exp_val_30_read, i3 7, i9 %exp_val_32_read, i9 0, i3 %trunc_ln217" [main.cpp:222]   --->   Operation 53 'sparsemux' 'exp_val' <Predicate = (!icmp_ln217)> <Delay = 1.83> <CoreInst = "BinarySparseMux_DontCare">   --->   Core 137 'BinarySparseMux_DontCare' <Latency = 0> <II = 1> <Delay = 1.83> <FuncUnit> <Opcode : 'sparsemux'> <InPorts = 2> <OutPorts = 1>
ST_1 : Operation 54 [1/1] (0.00ns)   --->   "%shl_ln = bitconcatenate i17 @_ssdm_op_BitConcatenate.i17.i9.i8, i9 %exp_val, i8 0" [main.cpp:223]   --->   Operation 54 'bitconcatenate' 'shl_ln' <Predicate = (!icmp_ln217)> <Delay = 0.00>
ST_1 : Operation 55 [1/1] (1.69ns)   --->   "%add_ln223 = add i13 %zext_ln217_cast, i13 %zext_ln213_17_cast" [main.cpp:223]   --->   Operation 55 'add' 'add_ln223' <Predicate = (!icmp_ln217)> <Delay = 1.69> <CoreInst = "Adder">   --->   Core 1 'Adder' <Latency = 0> <II = 1> <Delay = 1.70> <FuncUnit> <Opcode : 'add' 'sub'> <InPorts = 2> <OutPorts = 1>
ST_1 : Operation 56 [1/1] (0.00ns)   --->   "%zext_ln223 = zext i13 %add_ln223" [main.cpp:223]   --->   Operation 56 'zext' 'zext_ln223' <Predicate = (!icmp_ln217)> <Delay = 0.00>
ST_1 : Operation 57 [21/21] (3.15ns)   --->   "%udiv_ln223 = udiv i17 %shl_ln, i17 %zext_ln223" [main.cpp:223]   --->   Operation 57 'udiv' 'udiv_ln223' <Predicate = (!icmp_ln217)> <Delay = 3.15> <CoreInst = "Divider">   --->   Core 6 'Divider' <Latency = 20> <II = 1> <Delay = 3.15> <FuncUnit> <Opcode : 'udiv' 'sdiv' 'urem' 'srem'> <InPorts = 2> <OutPorts = 1>
ST_1 : Operation 58 [1/1] (1.83ns)   --->   "%exp_val_1 = sparsemux i9 @_ssdm_op_SparseMux.ap_auto.8i9.i9.i3, i3 0, i9 %exp_val_19_read, i3 1, i9 %exp_val_21_read, i3 2, i9 %exp_val_23_read, i3 3, i9 %exp_val_25_read, i3 4, i9 %exp_val_27_read, i3 5, i9 %exp_val_29_read, i3 6, i9 %exp_val_31_read, i3 7, i9 %exp_val_33_read, i9 0, i3 %trunc_ln217" [main.cpp:222]   --->   Operation 58 'sparsemux' 'exp_val_1' <Predicate = (!icmp_ln217)> <Delay = 1.83> <CoreInst = "BinarySparseMux_DontCare">   --->   Core 137 'BinarySparseMux_DontCare' <Latency = 0> <II = 1> <Delay = 1.83> <FuncUnit> <Opcode : 'sparsemux'> <InPorts = 2> <OutPorts = 1>
ST_1 : Operation 59 [1/1] (0.00ns)   --->   "%shl_ln223_1 = bitconcatenate i17 @_ssdm_op_BitConcatenate.i17.i9.i8, i9 %exp_val_1, i8 0" [main.cpp:223]   --->   Operation 59 'bitconcatenate' 'shl_ln223_1' <Predicate = (!icmp_ln217)> <Delay = 0.00>
ST_1 : Operation 60 [21/21] (3.15ns)   --->   "%udiv_ln223_1 = udiv i17 %shl_ln223_1, i17 %zext_ln223" [main.cpp:223]   --->   Operation 60 'udiv' 'udiv_ln223_1' <Predicate = (!icmp_ln217)> <Delay = 3.15> <CoreInst = "Divider">   --->   Core 6 'Divider' <Latency = 20> <II = 1> <Delay = 3.15> <FuncUnit> <Opcode : 'udiv' 'sdiv' 'urem' 'srem'> <InPorts = 2> <OutPorts = 1>
ST_1 : Operation 61 [1/1] (1.29ns)   --->   "%store_ln217 = store i4 %add_ln217, i4 %i" [main.cpp:217]   --->   Operation 61 'store' 'store_ln217' <Predicate = (!icmp_ln217)> <Delay = 1.29>

State 2 <SV = 1> <Delay = 3.15>
ST_2 : Operation 62 [20/21] (3.15ns)   --->   "%udiv_ln223 = udiv i17 %shl_ln, i17 %zext_ln223" [main.cpp:223]   --->   Operation 62 'udiv' 'udiv_ln223' <Predicate = true> <Delay = 3.15> <CoreInst = "Divider">   --->   Core 6 'Divider' <Latency = 20> <II = 1> <Delay = 3.15> <FuncUnit> <Opcode : 'udiv' 'sdiv' 'urem' 'srem'> <InPorts = 2> <OutPorts = 1>
ST_2 : Operation 63 [20/21] (3.15ns)   --->   "%udiv_ln223_1 = udiv i17 %shl_ln223_1, i17 %zext_ln223" [main.cpp:223]   --->   Operation 63 'udiv' 'udiv_ln223_1' <Predicate = true> <Delay = 3.15> <CoreInst = "Divider">   --->   Core 6 'Divider' <Latency = 20> <II = 1> <Delay = 3.15> <FuncUnit> <Opcode : 'udiv' 'sdiv' 'urem' 'srem'> <InPorts = 2> <OutPorts = 1>

State 3 <SV = 2> <Delay = 3.15>
ST_3 : Operation 64 [19/21] (3.15ns)   --->   "%udiv_ln223 = udiv i17 %shl_ln, i17 %zext_ln223" [main.cpp:223]   --->   Operation 64 'udiv' 'udiv_ln223' <Predicate = true> <Delay = 3.15> <CoreInst = "Divider">   --->   Core 6 'Divider' <Latency = 20> <II = 1> <Delay = 3.15> <FuncUnit> <Opcode : 'udiv' 'sdiv' 'urem' 'srem'> <InPorts = 2> <OutPorts = 1>
ST_3 : Operation 65 [19/21] (3.15ns)   --->   "%udiv_ln223_1 = udiv i17 %shl_ln223_1, i17 %zext_ln223" [main.cpp:223]   --->   Operation 65 'udiv' 'udiv_ln223_1' <Predicate = true> <Delay = 3.15> <CoreInst = "Divider">   --->   Core 6 'Divider' <Latency = 20> <II = 1> <Delay = 3.15> <FuncUnit> <Opcode : 'udiv' 'sdiv' 'urem' 'srem'> <InPorts = 2> <OutPorts = 1>

State 4 <SV = 3> <Delay = 3.15>
ST_4 : Operation 66 [18/21] (3.15ns)   --->   "%udiv_ln223 = udiv i17 %shl_ln, i17 %zext_ln223" [main.cpp:223]   --->   Operation 66 'udiv' 'udiv_ln223' <Predicate = true> <Delay = 3.15> <CoreInst = "Divider">   --->   Core 6 'Divider' <Latency = 20> <II = 1> <Delay = 3.15> <FuncUnit> <Opcode : 'udiv' 'sdiv' 'urem' 'srem'> <InPorts = 2> <OutPorts = 1>
ST_4 : Operation 67 [18/21] (3.15ns)   --->   "%udiv_ln223_1 = udiv i17 %shl_ln223_1, i17 %zext_ln223" [main.cpp:223]   --->   Operation 67 'udiv' 'udiv_ln223_1' <Predicate = true> <Delay = 3.15> <CoreInst = "Divider">   --->   Core 6 'Divider' <Latency = 20> <II = 1> <Delay = 3.15> <FuncUnit> <Opcode : 'udiv' 'sdiv' 'urem' 'srem'> <InPorts = 2> <OutPorts = 1>

State 5 <SV = 4> <Delay = 3.15>
ST_5 : Operation 68 [17/21] (3.15ns)   --->   "%udiv_ln223 = udiv i17 %shl_ln, i17 %zext_ln223" [main.cpp:223]   --->   Operation 68 'udiv' 'udiv_ln223' <Predicate = true> <Delay = 3.15> <CoreInst = "Divider">   --->   Core 6 'Divider' <Latency = 20> <II = 1> <Delay = 3.15> <FuncUnit> <Opcode : 'udiv' 'sdiv' 'urem' 'srem'> <InPorts = 2> <OutPorts = 1>
ST_5 : Operation 69 [17/21] (3.15ns)   --->   "%udiv_ln223_1 = udiv i17 %shl_ln223_1, i17 %zext_ln223" [main.cpp:223]   --->   Operation 69 'udiv' 'udiv_ln223_1' <Predicate = true> <Delay = 3.15> <CoreInst = "Divider">   --->   Core 6 'Divider' <Latency = 20> <II = 1> <Delay = 3.15> <FuncUnit> <Opcode : 'udiv' 'sdiv' 'urem' 'srem'> <InPorts = 2> <OutPorts = 1>

State 6 <SV = 5> <Delay = 3.15>
ST_6 : Operation 70 [16/21] (3.15ns)   --->   "%udiv_ln223 = udiv i17 %shl_ln, i17 %zext_ln223" [main.cpp:223]   --->   Operation 70 'udiv' 'udiv_ln223' <Predicate = true> <Delay = 3.15> <CoreInst = "Divider">   --->   Core 6 'Divider' <Latency = 20> <II = 1> <Delay = 3.15> <FuncUnit> <Opcode : 'udiv' 'sdiv' 'urem' 'srem'> <InPorts = 2> <OutPorts = 1>
ST_6 : Operation 71 [16/21] (3.15ns)   --->   "%udiv_ln223_1 = udiv i17 %shl_ln223_1, i17 %zext_ln223" [main.cpp:223]   --->   Operation 71 'udiv' 'udiv_ln223_1' <Predicate = true> <Delay = 3.15> <CoreInst = "Divider">   --->   Core 6 'Divider' <Latency = 20> <II = 1> <Delay = 3.15> <FuncUnit> <Opcode : 'udiv' 'sdiv' 'urem' 'srem'> <InPorts = 2> <OutPorts = 1>

State 7 <SV = 6> <Delay = 3.15>
ST_7 : Operation 72 [15/21] (3.15ns)   --->   "%udiv_ln223 = udiv i17 %shl_ln, i17 %zext_ln223" [main.cpp:223]   --->   Operation 72 'udiv' 'udiv_ln223' <Predicate = true> <Delay = 3.15> <CoreInst = "Divider">   --->   Core 6 'Divider' <Latency = 20> <II = 1> <Delay = 3.15> <FuncUnit> <Opcode : 'udiv' 'sdiv' 'urem' 'srem'> <InPorts = 2> <OutPorts = 1>
ST_7 : Operation 73 [15/21] (3.15ns)   --->   "%udiv_ln223_1 = udiv i17 %shl_ln223_1, i17 %zext_ln223" [main.cpp:223]   --->   Operation 73 'udiv' 'udiv_ln223_1' <Predicate = true> <Delay = 3.15> <CoreInst = "Divider">   --->   Core 6 'Divider' <Latency = 20> <II = 1> <Delay = 3.15> <FuncUnit> <Opcode : 'udiv' 'sdiv' 'urem' 'srem'> <InPorts = 2> <OutPorts = 1>

State 8 <SV = 7> <Delay = 3.15>
ST_8 : Operation 74 [14/21] (3.15ns)   --->   "%udiv_ln223 = udiv i17 %shl_ln, i17 %zext_ln223" [main.cpp:223]   --->   Operation 74 'udiv' 'udiv_ln223' <Predicate = true> <Delay = 3.15> <CoreInst = "Divider">   --->   Core 6 'Divider' <Latency = 20> <II = 1> <Delay = 3.15> <FuncUnit> <Opcode : 'udiv' 'sdiv' 'urem' 'srem'> <InPorts = 2> <OutPorts = 1>
ST_8 : Operation 75 [14/21] (3.15ns)   --->   "%udiv_ln223_1 = udiv i17 %shl_ln223_1, i17 %zext_ln223" [main.cpp:223]   --->   Operation 75 'udiv' 'udiv_ln223_1' <Predicate = true> <Delay = 3.15> <CoreInst = "Divider">   --->   Core 6 'Divider' <Latency = 20> <II = 1> <Delay = 3.15> <FuncUnit> <Opcode : 'udiv' 'sdiv' 'urem' 'srem'> <InPorts = 2> <OutPorts = 1>

State 9 <SV = 8> <Delay = 3.15>
ST_9 : Operation 76 [13/21] (3.15ns)   --->   "%udiv_ln223 = udiv i17 %shl_ln, i17 %zext_ln223" [main.cpp:223]   --->   Operation 76 'udiv' 'udiv_ln223' <Predicate = true> <Delay = 3.15> <CoreInst = "Divider">   --->   Core 6 'Divider' <Latency = 20> <II = 1> <Delay = 3.15> <FuncUnit> <Opcode : 'udiv' 'sdiv' 'urem' 'srem'> <InPorts = 2> <OutPorts = 1>
ST_9 : Operation 77 [13/21] (3.15ns)   --->   "%udiv_ln223_1 = udiv i17 %shl_ln223_1, i17 %zext_ln223" [main.cpp:223]   --->   Operation 77 'udiv' 'udiv_ln223_1' <Predicate = true> <Delay = 3.15> <CoreInst = "Divider">   --->   Core 6 'Divider' <Latency = 20> <II = 1> <Delay = 3.15> <FuncUnit> <Opcode : 'udiv' 'sdiv' 'urem' 'srem'> <InPorts = 2> <OutPorts = 1>

State 10 <SV = 9> <Delay = 3.15>
ST_10 : Operation 78 [12/21] (3.15ns)   --->   "%udiv_ln223 = udiv i17 %shl_ln, i17 %zext_ln223" [main.cpp:223]   --->   Operation 78 'udiv' 'udiv_ln223' <Predicate = true> <Delay = 3.15> <CoreInst = "Divider">   --->   Core 6 'Divider' <Latency = 20> <II = 1> <Delay = 3.15> <FuncUnit> <Opcode : 'udiv' 'sdiv' 'urem' 'srem'> <InPorts = 2> <OutPorts = 1>
ST_10 : Operation 79 [12/21] (3.15ns)   --->   "%udiv_ln223_1 = udiv i17 %shl_ln223_1, i17 %zext_ln223" [main.cpp:223]   --->   Operation 79 'udiv' 'udiv_ln223_1' <Predicate = true> <Delay = 3.15> <CoreInst = "Divider">   --->   Core 6 'Divider' <Latency = 20> <II = 1> <Delay = 3.15> <FuncUnit> <Opcode : 'udiv' 'sdiv' 'urem' 'srem'> <InPorts = 2> <OutPorts = 1>

State 11 <SV = 10> <Delay = 3.15>
ST_11 : Operation 80 [11/21] (3.15ns)   --->   "%udiv_ln223 = udiv i17 %shl_ln, i17 %zext_ln223" [main.cpp:223]   --->   Operation 80 'udiv' 'udiv_ln223' <Predicate = true> <Delay = 3.15> <CoreInst = "Divider">   --->   Core 6 'Divider' <Latency = 20> <II = 1> <Delay = 3.15> <FuncUnit> <Opcode : 'udiv' 'sdiv' 'urem' 'srem'> <InPorts = 2> <OutPorts = 1>
ST_11 : Operation 81 [11/21] (3.15ns)   --->   "%udiv_ln223_1 = udiv i17 %shl_ln223_1, i17 %zext_ln223" [main.cpp:223]   --->   Operation 81 'udiv' 'udiv_ln223_1' <Predicate = true> <Delay = 3.15> <CoreInst = "Divider">   --->   Core 6 'Divider' <Latency = 20> <II = 1> <Delay = 3.15> <FuncUnit> <Opcode : 'udiv' 'sdiv' 'urem' 'srem'> <InPorts = 2> <OutPorts = 1>

State 12 <SV = 11> <Delay = 3.15>
ST_12 : Operation 82 [10/21] (3.15ns)   --->   "%udiv_ln223 = udiv i17 %shl_ln, i17 %zext_ln223" [main.cpp:223]   --->   Operation 82 'udiv' 'udiv_ln223' <Predicate = true> <Delay = 3.15> <CoreInst = "Divider">   --->   Core 6 'Divider' <Latency = 20> <II = 1> <Delay = 3.15> <FuncUnit> <Opcode : 'udiv' 'sdiv' 'urem' 'srem'> <InPorts = 2> <OutPorts = 1>
ST_12 : Operation 83 [10/21] (3.15ns)   --->   "%udiv_ln223_1 = udiv i17 %shl_ln223_1, i17 %zext_ln223" [main.cpp:223]   --->   Operation 83 'udiv' 'udiv_ln223_1' <Predicate = true> <Delay = 3.15> <CoreInst = "Divider">   --->   Core 6 'Divider' <Latency = 20> <II = 1> <Delay = 3.15> <FuncUnit> <Opcode : 'udiv' 'sdiv' 'urem' 'srem'> <InPorts = 2> <OutPorts = 1>

State 13 <SV = 12> <Delay = 3.15>
ST_13 : Operation 84 [9/21] (3.15ns)   --->   "%udiv_ln223 = udiv i17 %shl_ln, i17 %zext_ln223" [main.cpp:223]   --->   Operation 84 'udiv' 'udiv_ln223' <Predicate = true> <Delay = 3.15> <CoreInst = "Divider">   --->   Core 6 'Divider' <Latency = 20> <II = 1> <Delay = 3.15> <FuncUnit> <Opcode : 'udiv' 'sdiv' 'urem' 'srem'> <InPorts = 2> <OutPorts = 1>
ST_13 : Operation 85 [9/21] (3.15ns)   --->   "%udiv_ln223_1 = udiv i17 %shl_ln223_1, i17 %zext_ln223" [main.cpp:223]   --->   Operation 85 'udiv' 'udiv_ln223_1' <Predicate = true> <Delay = 3.15> <CoreInst = "Divider">   --->   Core 6 'Divider' <Latency = 20> <II = 1> <Delay = 3.15> <FuncUnit> <Opcode : 'udiv' 'sdiv' 'urem' 'srem'> <InPorts = 2> <OutPorts = 1>

State 14 <SV = 13> <Delay = 3.15>
ST_14 : Operation 86 [8/21] (3.15ns)   --->   "%udiv_ln223 = udiv i17 %shl_ln, i17 %zext_ln223" [main.cpp:223]   --->   Operation 86 'udiv' 'udiv_ln223' <Predicate = true> <Delay = 3.15> <CoreInst = "Divider">   --->   Core 6 'Divider' <Latency = 20> <II = 1> <Delay = 3.15> <FuncUnit> <Opcode : 'udiv' 'sdiv' 'urem' 'srem'> <InPorts = 2> <OutPorts = 1>
ST_14 : Operation 87 [8/21] (3.15ns)   --->   "%udiv_ln223_1 = udiv i17 %shl_ln223_1, i17 %zext_ln223" [main.cpp:223]   --->   Operation 87 'udiv' 'udiv_ln223_1' <Predicate = true> <Delay = 3.15> <CoreInst = "Divider">   --->   Core 6 'Divider' <Latency = 20> <II = 1> <Delay = 3.15> <FuncUnit> <Opcode : 'udiv' 'sdiv' 'urem' 'srem'> <InPorts = 2> <OutPorts = 1>

State 15 <SV = 14> <Delay = 3.15>
ST_15 : Operation 88 [7/21] (3.15ns)   --->   "%udiv_ln223 = udiv i17 %shl_ln, i17 %zext_ln223" [main.cpp:223]   --->   Operation 88 'udiv' 'udiv_ln223' <Predicate = true> <Delay = 3.15> <CoreInst = "Divider">   --->   Core 6 'Divider' <Latency = 20> <II = 1> <Delay = 3.15> <FuncUnit> <Opcode : 'udiv' 'sdiv' 'urem' 'srem'> <InPorts = 2> <OutPorts = 1>
ST_15 : Operation 89 [7/21] (3.15ns)   --->   "%udiv_ln223_1 = udiv i17 %shl_ln223_1, i17 %zext_ln223" [main.cpp:223]   --->   Operation 89 'udiv' 'udiv_ln223_1' <Predicate = true> <Delay = 3.15> <CoreInst = "Divider">   --->   Core 6 'Divider' <Latency = 20> <II = 1> <Delay = 3.15> <FuncUnit> <Opcode : 'udiv' 'sdiv' 'urem' 'srem'> <InPorts = 2> <OutPorts = 1>

State 16 <SV = 15> <Delay = 3.15>
ST_16 : Operation 90 [6/21] (3.15ns)   --->   "%udiv_ln223 = udiv i17 %shl_ln, i17 %zext_ln223" [main.cpp:223]   --->   Operation 90 'udiv' 'udiv_ln223' <Predicate = true> <Delay = 3.15> <CoreInst = "Divider">   --->   Core 6 'Divider' <Latency = 20> <II = 1> <Delay = 3.15> <FuncUnit> <Opcode : 'udiv' 'sdiv' 'urem' 'srem'> <InPorts = 2> <OutPorts = 1>
ST_16 : Operation 91 [6/21] (3.15ns)   --->   "%udiv_ln223_1 = udiv i17 %shl_ln223_1, i17 %zext_ln223" [main.cpp:223]   --->   Operation 91 'udiv' 'udiv_ln223_1' <Predicate = true> <Delay = 3.15> <CoreInst = "Divider">   --->   Core 6 'Divider' <Latency = 20> <II = 1> <Delay = 3.15> <FuncUnit> <Opcode : 'udiv' 'sdiv' 'urem' 'srem'> <InPorts = 2> <OutPorts = 1>

State 17 <SV = 16> <Delay = 3.15>
ST_17 : Operation 92 [5/21] (3.15ns)   --->   "%udiv_ln223 = udiv i17 %shl_ln, i17 %zext_ln223" [main.cpp:223]   --->   Operation 92 'udiv' 'udiv_ln223' <Predicate = true> <Delay = 3.15> <CoreInst = "Divider">   --->   Core 6 'Divider' <Latency = 20> <II = 1> <Delay = 3.15> <FuncUnit> <Opcode : 'udiv' 'sdiv' 'urem' 'srem'> <InPorts = 2> <OutPorts = 1>
ST_17 : Operation 93 [5/21] (3.15ns)   --->   "%udiv_ln223_1 = udiv i17 %shl_ln223_1, i17 %zext_ln223" [main.cpp:223]   --->   Operation 93 'udiv' 'udiv_ln223_1' <Predicate = true> <Delay = 3.15> <CoreInst = "Divider">   --->   Core 6 'Divider' <Latency = 20> <II = 1> <Delay = 3.15> <FuncUnit> <Opcode : 'udiv' 'sdiv' 'urem' 'srem'> <InPorts = 2> <OutPorts = 1>

State 18 <SV = 17> <Delay = 3.15>
ST_18 : Operation 94 [4/21] (3.15ns)   --->   "%udiv_ln223 = udiv i17 %shl_ln, i17 %zext_ln223" [main.cpp:223]   --->   Operation 94 'udiv' 'udiv_ln223' <Predicate = true> <Delay = 3.15> <CoreInst = "Divider">   --->   Core 6 'Divider' <Latency = 20> <II = 1> <Delay = 3.15> <FuncUnit> <Opcode : 'udiv' 'sdiv' 'urem' 'srem'> <InPorts = 2> <OutPorts = 1>
ST_18 : Operation 95 [4/21] (3.15ns)   --->   "%udiv_ln223_1 = udiv i17 %shl_ln223_1, i17 %zext_ln223" [main.cpp:223]   --->   Operation 95 'udiv' 'udiv_ln223_1' <Predicate = true> <Delay = 3.15> <CoreInst = "Divider">   --->   Core 6 'Divider' <Latency = 20> <II = 1> <Delay = 3.15> <FuncUnit> <Opcode : 'udiv' 'sdiv' 'urem' 'srem'> <InPorts = 2> <OutPorts = 1>

State 19 <SV = 18> <Delay = 3.15>
ST_19 : Operation 96 [3/21] (3.15ns)   --->   "%udiv_ln223 = udiv i17 %shl_ln, i17 %zext_ln223" [main.cpp:223]   --->   Operation 96 'udiv' 'udiv_ln223' <Predicate = true> <Delay = 3.15> <CoreInst = "Divider">   --->   Core 6 'Divider' <Latency = 20> <II = 1> <Delay = 3.15> <FuncUnit> <Opcode : 'udiv' 'sdiv' 'urem' 'srem'> <InPorts = 2> <OutPorts = 1>
ST_19 : Operation 97 [3/21] (3.15ns)   --->   "%udiv_ln223_1 = udiv i17 %shl_ln223_1, i17 %zext_ln223" [main.cpp:223]   --->   Operation 97 'udiv' 'udiv_ln223_1' <Predicate = true> <Delay = 3.15> <CoreInst = "Divider">   --->   Core 6 'Divider' <Latency = 20> <II = 1> <Delay = 3.15> <FuncUnit> <Opcode : 'udiv' 'sdiv' 'urem' 'srem'> <InPorts = 2> <OutPorts = 1>

State 20 <SV = 19> <Delay = 3.15>
ST_20 : Operation 98 [2/21] (3.15ns)   --->   "%udiv_ln223 = udiv i17 %shl_ln, i17 %zext_ln223" [main.cpp:223]   --->   Operation 98 'udiv' 'udiv_ln223' <Predicate = true> <Delay = 3.15> <CoreInst = "Divider">   --->   Core 6 'Divider' <Latency = 20> <II = 1> <Delay = 3.15> <FuncUnit> <Opcode : 'udiv' 'sdiv' 'urem' 'srem'> <InPorts = 2> <OutPorts = 1>
ST_20 : Operation 99 [2/21] (3.15ns)   --->   "%udiv_ln223_1 = udiv i17 %shl_ln223_1, i17 %zext_ln223" [main.cpp:223]   --->   Operation 99 'udiv' 'udiv_ln223_1' <Predicate = true> <Delay = 3.15> <CoreInst = "Divider">   --->   Core 6 'Divider' <Latency = 20> <II = 1> <Delay = 3.15> <FuncUnit> <Opcode : 'udiv' 'sdiv' 'urem' 'srem'> <InPorts = 2> <OutPorts = 1>
ST_20 : Operation 118 [1/1] (1.29ns)   --->   "%ret_ln0 = ret"   --->   Operation 118 'ret' 'ret_ln0' <Predicate = (icmp_ln217)> <Delay = 1.29>

State 21 <SV = 20> <Delay = 8.77>
ST_21 : Operation 100 [1/1] (0.00ns)   --->   "%specpipeline_ln218 = specpipeline void @_ssdm_op_SpecPipeline, i32 1, i32 0, i32 0, i32 0, i32 4294967295, void @empty_9" [main.cpp:218]   --->   Operation 100 'specpipeline' 'specpipeline_ln218' <Predicate = true> <Delay = 0.00>
ST_21 : Operation 101 [1/1] (0.00ns)   --->   "%speclooptripcount_ln217 = speclooptripcount void @_ssdm_op_SpecLoopTripCount, i64 8, i64 8, i64 8" [main.cpp:217]   --->   Operation 101 'speclooptripcount' 'speclooptripcount_ln217' <Predicate = true> <Delay = 0.00>
ST_21 : Operation 102 [1/1] (0.00ns)   --->   "%specloopname_ln217 = specloopname void @_ssdm_op_SpecLoopName, void @empty" [main.cpp:217]   --->   Operation 102 'specloopname' 'specloopname_ln217' <Predicate = true> <Delay = 0.00>
ST_21 : Operation 103 [1/21] (3.15ns)   --->   "%udiv_ln223 = udiv i17 %shl_ln, i17 %zext_ln223" [main.cpp:223]   --->   Operation 103 'udiv' 'udiv_ln223' <Predicate = true> <Delay = 3.15> <CoreInst = "Divider">   --->   Core 6 'Divider' <Latency = 20> <II = 1> <Delay = 3.15> <FuncUnit> <Opcode : 'udiv' 'sdiv' 'urem' 'srem'> <InPorts = 2> <OutPorts = 1>
ST_21 : Operation 104 [1/1] (0.00ns)   --->   "%tmp = partselect i2 @_ssdm_op_PartSelect.i2.i17.i32.i32, i17 %udiv_ln223, i32 7, i32 8" [main.cpp:224]   --->   Operation 104 'partselect' 'tmp' <Predicate = true> <Delay = 0.00>
ST_21 : Operation 105 [1/1] (1.34ns)   --->   "%icmp_ln224 = icmp_eq  i2 %tmp, i2 1" [main.cpp:224]   --->   Operation 105 'icmp' 'icmp_ln224' <Predicate = true> <Delay = 1.34> <CoreInst = "Cmp">   --->   Core 9 'Cmp' <Latency = 0> <II = 1> <Delay = 1.34> <FuncUnit> <Opcode : 'seteq' 'setne' 'setle' 'setge' 'setlt' 'setgt'> <InPorts = 2> <OutPorts = 1>
ST_21 : Operation 106 [1/1] (0.00ns)   --->   "%trunc_ln225 = trunc i17 %udiv_ln223" [main.cpp:225]   --->   Operation 106 'trunc' 'trunc_ln225' <Predicate = true> <Delay = 0.00>
ST_21 : Operation 107 [1/1] (0.80ns)   --->   "%elems = select i1 %icmp_ln224, i7 127, i7 %trunc_ln225" [main.cpp:225]   --->   Operation 107 'select' 'elems' <Predicate = true> <Delay = 0.80> <CoreInst = "Sel">   --->   Core 73 'Sel' <Latency = 0> <II = 1> <Delay = 0.80> <FuncUnit> <Opcode : 'select'> <InPorts = 3> <OutPorts = 1>
ST_21 : Operation 108 [1/1] (0.00ns)   --->   "%zext_ln219 = zext i7 %elems" [main.cpp:219]   --->   Operation 108 'zext' 'zext_ln219' <Predicate = true> <Delay = 0.00>
ST_21 : Operation 109 [1/21] (3.15ns)   --->   "%udiv_ln223_1 = udiv i17 %shl_ln223_1, i17 %zext_ln223" [main.cpp:223]   --->   Operation 109 'udiv' 'udiv_ln223_1' <Predicate = true> <Delay = 3.15> <CoreInst = "Divider">   --->   Core 6 'Divider' <Latency = 20> <II = 1> <Delay = 3.15> <FuncUnit> <Opcode : 'udiv' 'sdiv' 'urem' 'srem'> <InPorts = 2> <OutPorts = 1>
ST_21 : Operation 110 [1/1] (0.00ns)   --->   "%tmp_1 = partselect i2 @_ssdm_op_PartSelect.i2.i17.i32.i32, i17 %udiv_ln223_1, i32 7, i32 8" [main.cpp:224]   --->   Operation 110 'partselect' 'tmp_1' <Predicate = true> <Delay = 0.00>
ST_21 : Operation 111 [1/1] (1.34ns)   --->   "%icmp_ln224_1 = icmp_eq  i2 %tmp_1, i2 1" [main.cpp:224]   --->   Operation 111 'icmp' 'icmp_ln224_1' <Predicate = true> <Delay = 1.34> <CoreInst = "Cmp">   --->   Core 9 'Cmp' <Latency = 0> <II = 1> <Delay = 1.34> <FuncUnit> <Opcode : 'seteq' 'setne' 'setle' 'setge' 'setlt' 'setgt'> <InPorts = 2> <OutPorts = 1>
ST_21 : Operation 112 [1/1] (0.00ns)   --->   "%trunc_ln225_1 = trunc i17 %udiv_ln223_1" [main.cpp:225]   --->   Operation 112 'trunc' 'trunc_ln225_1' <Predicate = true> <Delay = 0.00>
ST_21 : Operation 113 [1/1] (0.80ns)   --->   "%elems_2 = select i1 %icmp_ln224_1, i7 127, i7 %trunc_ln225_1" [main.cpp:225]   --->   Operation 113 'select' 'elems_2' <Predicate = true> <Delay = 0.80> <CoreInst = "Sel">   --->   Core 73 'Sel' <Latency = 0> <II = 1> <Delay = 0.80> <FuncUnit> <Opcode : 'select'> <InPorts = 3> <OutPorts = 1>
ST_21 : Operation 114 [1/1] (0.00ns)   --->   "%b = bitconcatenate i15 @_ssdm_op_BitConcatenate.i15.i7.i8, i7 %elems_2, i8 %zext_ln219" [main.cpp:41->main.cpp:227]   --->   Operation 114 'bitconcatenate' 'b' <Predicate = true> <Delay = 0.00>
ST_21 : Operation 115 [1/1] (0.00ns)   --->   "%zext_ln37 = zext i15 %b" [main.cpp:37->main.cpp:227]   --->   Operation 115 'zext' 'zext_ln37' <Predicate = true> <Delay = 0.00>
ST_21 : Operation 116 [1/1] ( I:3.47ns O:3.47ns )   --->   "%write_ln227 = write void @_ssdm_op_Write.ap_fifo.volatile.i16P0A, i16 %s_softmax_out, i16 %zext_ln37" [main.cpp:227]   --->   Operation 116 'write' 'write_ln227' <Predicate = true> <Delay = 3.47> <CoreInst = "FIFO_SRL">   --->   Core 80 'FIFO_SRL' <Latency = 0> <II = 1> <Delay = 3.47> <Storage> <Opcode : 'read' 'write' 'nbread' 'nbwrite'> <Ports = 0> <Width = 16> <Depth = 2> <FIFO>
ST_21 : Operation 117 [1/1] (0.00ns)   --->   "%br_ln217 = br void %VITIS_LOOP_220_5" [main.cpp:217]   --->   Operation 117 'br' 'br_ln217' <Predicate = true> <Delay = 0.00>


============================================================
+ Verbose Summary: Binding
============================================================
STG Binding: 
---------------- STG Properties BEGIN ----------------
- Is combinational: 0
- Is one-state seq: 0
- Is datapath-only: 0
- Is pipelined: 0
- Is top level: 0
Port [ Return ] is wired: 1; IO mode=ap_ctrl_hs:ce=0
Port [ exp_val_18]:  wired=1; compound=0; hidden=0; nouse=0; global=0; static=0; extern=0; dir=0; type=0; pingpong=0; private_global=0; IO mode=ap_none:ce=0
Port [ exp_val_20]:  wired=1; compound=0; hidden=0; nouse=0; global=0; static=0; extern=0; dir=0; type=0; pingpong=0; private_global=0; IO mode=ap_none:ce=0
Port [ exp_val_22]:  wired=1; compound=0; hidden=0; nouse=0; global=0; static=0; extern=0; dir=0; type=0; pingpong=0; private_global=0; IO mode=ap_none:ce=0
Port [ exp_val_24]:  wired=1; compound=0; hidden=0; nouse=0; global=0; static=0; extern=0; dir=0; type=0; pingpong=0; private_global=0; IO mode=ap_none:ce=0
Port [ exp_val_26]:  wired=1; compound=0; hidden=0; nouse=0; global=0; static=0; extern=0; dir=0; type=0; pingpong=0; private_global=0; IO mode=ap_none:ce=0
Port [ exp_val_28]:  wired=1; compound=0; hidden=0; nouse=0; global=0; static=0; extern=0; dir=0; type=0; pingpong=0; private_global=0; IO mode=ap_none:ce=0
Port [ exp_val_30]:  wired=1; compound=0; hidden=0; nouse=0; global=0; static=0; extern=0; dir=0; type=0; pingpong=0; private_global=0; IO mode=ap_none:ce=0
Port [ exp_val_32]:  wired=1; compound=0; hidden=0; nouse=0; global=0; static=0; extern=0; dir=0; type=0; pingpong=0; private_global=0; IO mode=ap_none:ce=0
Port [ zext_ln217]:  wired=1; compound=0; hidden=0; nouse=0; global=0; static=0; extern=0; dir=0; type=0; pingpong=0; private_global=0; IO mode=ap_none:ce=0
Port [ zext_ln213_17]:  wired=1; compound=0; hidden=0; nouse=0; global=0; static=0; extern=0; dir=0; type=0; pingpong=0; private_global=0; IO mode=ap_none:ce=0
Port [ exp_val_19]:  wired=1; compound=0; hidden=0; nouse=0; global=0; static=0; extern=0; dir=0; type=0; pingpong=0; private_global=0; IO mode=ap_none:ce=0
Port [ exp_val_21]:  wired=1; compound=0; hidden=0; nouse=0; global=0; static=0; extern=0; dir=0; type=0; pingpong=0; private_global=0; IO mode=ap_none:ce=0
Port [ exp_val_23]:  wired=1; compound=0; hidden=0; nouse=0; global=0; static=0; extern=0; dir=0; type=0; pingpong=0; private_global=0; IO mode=ap_none:ce=0
Port [ exp_val_25]:  wired=1; compound=0; hidden=0; nouse=0; global=0; static=0; extern=0; dir=0; type=0; pingpong=0; private_global=0; IO mode=ap_none:ce=0
Port [ exp_val_27]:  wired=1; compound=0; hidden=0; nouse=0; global=0; static=0; extern=0; dir=0; type=0; pingpong=0; private_global=0; IO mode=ap_none:ce=0
Port [ exp_val_29]:  wired=1; compound=0; hidden=0; nouse=0; global=0; static=0; extern=0; dir=0; type=0; pingpong=0; private_global=0; IO mode=ap_none:ce=0
Port [ exp_val_31]:  wired=1; compound=0; hidden=0; nouse=0; global=0; static=0; extern=0; dir=0; type=0; pingpong=0; private_global=0; IO mode=ap_none:ce=0
Port [ exp_val_33]:  wired=1; compound=0; hidden=0; nouse=0; global=0; static=0; extern=0; dir=0; type=0; pingpong=0; private_global=0; IO mode=ap_none:ce=0
Port [ s_softmax_out]:  wired=1; compound=1; hidden=0; nouse=0; global=0; static=0; extern=0; dir=1; type=3; pingpong=0; private_global=0; IO mode=ap_fifo:ce=0
---------------- STG Properties END ------------------

---------------- Datapath Model BEGIN ----------------

<LifeTime>
<method=bitvector/>
i                       (alloca           ) [ 0100000000000000000000]
exp_val_33_read         (read             ) [ 0000000000000000000000]
exp_val_31_read         (read             ) [ 0000000000000000000000]
exp_val_29_read         (read             ) [ 0000000000000000000000]
exp_val_27_read         (read             ) [ 0000000000000000000000]
exp_val_25_read         (read             ) [ 0000000000000000000000]
exp_val_23_read         (read             ) [ 0000000000000000000000]
exp_val_21_read         (read             ) [ 0000000000000000000000]
exp_val_19_read         (read             ) [ 0000000000000000000000]
zext_ln213_17_read      (read             ) [ 0000000000000000000000]
zext_ln217_read         (read             ) [ 0000000000000000000000]
exp_val_32_read         (read             ) [ 0000000000000000000000]
exp_val_30_read         (read             ) [ 0000000000000000000000]
exp_val_28_read         (read             ) [ 0000000000000000000000]
exp_val_26_read         (read             ) [ 0000000000000000000000]
exp_val_24_read         (read             ) [ 0000000000000000000000]
exp_val_22_read         (read             ) [ 0000000000000000000000]
exp_val_20_read         (read             ) [ 0000000000000000000000]
exp_val_18_read         (read             ) [ 0000000000000000000000]
zext_ln213_17_cast      (zext             ) [ 0000000000000000000000]
zext_ln217_cast         (zext             ) [ 0000000000000000000000]
specinterface_ln0       (specinterface    ) [ 0000000000000000000000]
store_ln217             (store            ) [ 0000000000000000000000]
br_ln0                  (br               ) [ 0000000000000000000000]
i_1                     (load             ) [ 0000000000000000000000]
icmp_ln217              (icmp             ) [ 0111111111111111111110]
add_ln217               (add              ) [ 0000000000000000000000]
br_ln217                (br               ) [ 0000000000000000000000]
trunc_ln217             (trunc            ) [ 0000000000000000000000]
exp_val                 (sparsemux        ) [ 0000000000000000000000]
shl_ln                  (bitconcatenate   ) [ 0111111111111111111111]
add_ln223               (add              ) [ 0000000000000000000000]
zext_ln223              (zext             ) [ 0111111111111111111111]
exp_val_1               (sparsemux        ) [ 0000000000000000000000]
shl_ln223_1             (bitconcatenate   ) [ 0111111111111111111111]
store_ln217             (store            ) [ 0000000000000000000000]
specpipeline_ln218      (specpipeline     ) [ 0000000000000000000000]
speclooptripcount_ln217 (speclooptripcount) [ 0000000000000000000000]
specloopname_ln217      (specloopname     ) [ 0000000000000000000000]
udiv_ln223              (udiv             ) [ 0000000000000000000000]
tmp                     (partselect       ) [ 0000000000000000000000]
icmp_ln224              (icmp             ) [ 0000000000000000000000]
trunc_ln225             (trunc            ) [ 0000000000000000000000]
elems                   (select           ) [ 0000000000000000000000]
zext_ln219              (zext             ) [ 0000000000000000000000]
udiv_ln223_1            (udiv             ) [ 0000000000000000000000]
tmp_1                   (partselect       ) [ 0000000000000000000000]
icmp_ln224_1            (icmp             ) [ 0000000000000000000000]
trunc_ln225_1           (trunc            ) [ 0000000000000000000000]
elems_2                 (select           ) [ 0000000000000000000000]
b                       (bitconcatenate   ) [ 0000000000000000000000]
zext_ln37               (zext             ) [ 0000000000000000000000]
write_ln227             (write            ) [ 0000000000000000000000]
br_ln217                (br               ) [ 0000000000000000000000]
ret_ln0                 (ret              ) [ 0000000000000000000000]
</LifeTime>

<model>

<comp_list>
<comp id="0" class="1000" name="exp_val_18">
<pin_list>
<pin id="1" dir="1" index="0" bw="1" slack="0"/>
</pin_list>
<bind>
<StgValue><ssdm name="exp_val_18"/></StgValue>
</bind>
</comp>

<comp id="2" class="1000" name="exp_val_20">
<pin_list>
<pin id="3" dir="1" index="0" bw="1" slack="0"/>
</pin_list>
<bind>
<StgValue><ssdm name="exp_val_20"/></StgValue>
</bind>
</comp>

<comp id="4" class="1000" name="exp_val_22">
<pin_list>
<pin id="5" dir="1" index="0" bw="1" slack="0"/>
</pin_list>
<bind>
<StgValue><ssdm name="exp_val_22"/></StgValue>
</bind>
</comp>

<comp id="6" class="1000" name="exp_val_24">
<pin_list>
<pin id="7" dir="1" index="0" bw="1" slack="0"/>
</pin_list>
<bind>
<StgValue><ssdm name="exp_val_24"/></StgValue>
</bind>
</comp>

<comp id="8" class="1000" name="exp_val_26">
<pin_list>
<pin id="9" dir="1" index="0" bw="1" slack="0"/>
</pin_list>
<bind>
<StgValue><ssdm name="exp_val_26"/></StgValue>
</bind>
</comp>

<comp id="10" class="1000" name="exp_val_28">
<pin_list>
<pin id="11" dir="1" index="0" bw="1" slack="0"/>
</pin_list>
<bind>
<StgValue><ssdm name="exp_val_28"/></StgValue>
</bind>
</comp>

<comp id="12" class="1000" name="exp_val_30">
<pin_list>
<pin id="13" dir="1" index="0" bw="1" slack="0"/>
</pin_list>
<bind>
<StgValue><ssdm name="exp_val_30"/></StgValue>
</bind>
</comp>

<comp id="14" class="1000" name="exp_val_32">
<pin_list>
<pin id="15" dir="1" index="0" bw="1" slack="0"/>
</pin_list>
<bind>
<StgValue><ssdm name="exp_val_32"/></StgValue>
</bind>
</comp>

<comp id="16" class="1000" name="zext_ln217">
<pin_list>
<pin id="17" dir="1" index="0" bw="1" slack="0"/>
</pin_list>
<bind>
<StgValue><ssdm name="zext_ln217"/></StgValue>
</bind>
</comp>

<comp id="18" class="1000" name="zext_ln213_17">
<pin_list>
<pin id="19" dir="1" index="0" bw="1" slack="0"/>
</pin_list>
<bind>
<StgValue><ssdm name="zext_ln213_17"/></StgValue>
</bind>
</comp>

<comp id="20" class="1000" name="exp_val_19">
<pin_list>
<pin id="21" dir="1" index="0" bw="1" slack="0"/>
</pin_list>
<bind>
<StgValue><ssdm name="exp_val_19"/></StgValue>
</bind>
</comp>

<comp id="22" class="1000" name="exp_val_21">
<pin_list>
<pin id="23" dir="1" index="0" bw="1" slack="0"/>
</pin_list>
<bind>
<StgValue><ssdm name="exp_val_21"/></StgValue>
</bind>
</comp>

<comp id="24" class="1000" name="exp_val_23">
<pin_list>
<pin id="25" dir="1" index="0" bw="1" slack="0"/>
</pin_list>
<bind>
<StgValue><ssdm name="exp_val_23"/></StgValue>
</bind>
</comp>

<comp id="26" class="1000" name="exp_val_25">
<pin_list>
<pin id="27" dir="1" index="0" bw="1" slack="0"/>
</pin_list>
<bind>
<StgValue><ssdm name="exp_val_25"/></StgValue>
</bind>
</comp>

<comp id="28" class="1000" name="exp_val_27">
<pin_list>
<pin id="29" dir="1" index="0" bw="1" slack="0"/>
</pin_list>
<bind>
<StgValue><ssdm name="exp_val_27"/></StgValue>
</bind>
</comp>

<comp id="30" class="1000" name="exp_val_29">
<pin_list>
<pin id="31" dir="1" index="0" bw="1" slack="0"/>
</pin_list>
<bind>
<StgValue><ssdm name="exp_val_29"/></StgValue>
</bind>
</comp>

<comp id="32" class="1000" name="exp_val_31">
<pin_list>
<pin id="33" dir="1" index="0" bw="1" slack="0"/>
</pin_list>
<bind>
<StgValue><ssdm name="exp_val_31"/></StgValue>
</bind>
</comp>

<comp id="34" class="1000" name="exp_val_33">
<pin_list>
<pin id="35" dir="1" index="0" bw="1" slack="0"/>
</pin_list>
<bind>
<StgValue><ssdm name="exp_val_33"/></StgValue>
</bind>
</comp>

<comp id="36" class="1000" name="s_softmax_out">
<pin_list>
<pin id="37" dir="1" index="0" bw="1" slack="0"/>
</pin_list>
<bind>
<StgValue><ssdm name="s_softmax_out"/></StgValue>
</bind>
</comp>

<comp id="38" class="1001" name="const_38">
<pin_list>
<pin id="39" dir="1" index="0" bw="1" slack="0"/>
</pin_list>
<bind>
<StgValue><ssdm name=""/></StgValue>
</bind>
</comp>

<comp id="40" class="1001" name="const_40">
<pin_list>
<pin id="41" dir="1" index="0" bw="1" slack="0"/>
</pin_list>
<bind>
<StgValue><ssdm name="_ssdm_op_Read.ap_auto.i9"/></StgValue>
</bind>
</comp>

<comp id="42" class="1001" name="const_42">
<pin_list>
<pin id="43" dir="1" index="0" bw="1" slack="0"/>
</pin_list>
<bind>
<StgValue><ssdm name="_ssdm_op_Read.ap_auto.i12"/></StgValue>
</bind>
</comp>

<comp id="44" class="1001" name="const_44">
<pin_list>
<pin id="45" dir="1" index="0" bw="1" slack="2147483647"/>
</pin_list>
<bind>
<StgValue><ssdm name="_ssdm_op_SpecInterface"/></StgValue>
</bind>
</comp>

<comp id="46" class="1001" name="const_46">
<pin_list>
<pin id="47" dir="1" index="0" bw="1" slack="2147483647"/>
</pin_list>
<bind>
<StgValue><ssdm name="empty_7"/></StgValue>
</bind>
</comp>

<comp id="48" class="1001" name="const_48">
<pin_list>
<pin id="49" dir="1" index="0" bw="1" slack="2147483647"/>
</pin_list>
<bind>
<StgValue><ssdm name=""/></StgValue>
</bind>
</comp>

<comp id="50" class="1001" name="const_50">
<pin_list>
<pin id="51" dir="1" index="0" bw="1" slack="2147483647"/>
</pin_list>
<bind>
<StgValue><ssdm name="empty_9"/></StgValue>
</bind>
</comp>

<comp id="52" class="1001" name="const_52">
<pin_list>
<pin id="53" dir="1" index="0" bw="1" slack="2147483647"/>
</pin_list>
<bind>
<StgValue><ssdm name=""/></StgValue>
</bind>
</comp>

<comp id="54" class="1001" name="const_54">
<pin_list>
<pin id="55" dir="1" index="0" bw="1" slack="0"/>
</pin_list>
<bind>
<StgValue><ssdm name=""/></StgValue>
</bind>
</comp>

<comp id="56" class="1001" name="const_56">
<pin_list>
<pin id="57" dir="1" index="0" bw="1" slack="0"/>
</pin_list>
<bind>
<StgValue><ssdm name=""/></StgValue>
</bind>
</comp>

<comp id="58" class="1001" name="const_58">
<pin_list>
<pin id="59" dir="1" index="0" bw="1" slack="0"/>
</pin_list>
<bind>
<StgValue><ssdm name=""/></StgValue>
</bind>
</comp>

<comp id="60" class="1001" name="const_60">
<pin_list>
<pin id="61" dir="1" index="0" bw="1" slack="0"/>
</pin_list>
<bind>
<StgValue><ssdm name="_ssdm_op_SparseMux.ap_auto.8i9.i9.i3"/></StgValue>
</bind>
</comp>

<comp id="62" class="1001" name="const_62">
<pin_list>
<pin id="63" dir="1" index="0" bw="1" slack="0"/>
</pin_list>
<bind>
<StgValue><ssdm name=""/></StgValue>
</bind>
</comp>

<comp id="64" class="1001" name="const_64">
<pin_list>
<pin id="65" dir="1" index="0" bw="1" slack="0"/>
</pin_list>
<bind>
<StgValue><ssdm name=""/></StgValue>
</bind>
</comp>

<comp id="66" class="1001" name="const_66">
<pin_list>
<pin id="67" dir="1" index="0" bw="1" slack="0"/>
</pin_list>
<bind>
<StgValue><ssdm name=""/></StgValue>
</bind>
</comp>

<comp id="68" class="1001" name="const_68">
<pin_list>
<pin id="69" dir="1" index="0" bw="1" slack="0"/>
</pin_list>
<bind>
<StgValue><ssdm name=""/></StgValue>
</bind>
</comp>

<comp id="70" class="1001" name="const_70">
<pin_list>
<pin id="71" dir="1" index="0" bw="1" slack="0"/>
</pin_list>
<bind>
<StgValue><ssdm name=""/></StgValue>
</bind>
</comp>

<comp id="72" class="1001" name="const_72">
<pin_list>
<pin id="73" dir="1" index="0" bw="1" slack="0"/>
</pin_list>
<bind>
<StgValue><ssdm name=""/></StgValue>
</bind>
</comp>

<comp id="74" class="1001" name="const_74">
<pin_list>
<pin id="75" dir="1" index="0" bw="1" slack="0"/>
</pin_list>
<bind>
<StgValue><ssdm name=""/></StgValue>
</bind>
</comp>

<comp id="76" class="1001" name="const_76">
<pin_list>
<pin id="77" dir="1" index="0" bw="1" slack="0"/>
</pin_list>
<bind>
<StgValue><ssdm name=""/></StgValue>
</bind>
</comp>

<comp id="78" class="1001" name="const_78">
<pin_list>
<pin id="79" dir="1" index="0" bw="1" slack="0"/>
</pin_list>
<bind>
<StgValue><ssdm name=""/></StgValue>
</bind>
</comp>

<comp id="80" class="1001" name="const_80">
<pin_list>
<pin id="81" dir="1" index="0" bw="1" slack="0"/>
</pin_list>
<bind>
<StgValue><ssdm name="_ssdm_op_BitConcatenate.i17.i9.i8"/></StgValue>
</bind>
</comp>

<comp id="82" class="1001" name="const_82">
<pin_list>
<pin id="83" dir="1" index="0" bw="1" slack="0"/>
</pin_list>
<bind>
<StgValue><ssdm name=""/></StgValue>
</bind>
</comp>

<comp id="84" class="1001" name="const_84">
<pin_list>
<pin id="85" dir="1" index="0" bw="1" slack="2147483647"/>
</pin_list>
<bind>
<StgValue><ssdm name="_ssdm_op_SpecPipeline"/></StgValue>
</bind>
</comp>

<comp id="86" class="1001" name="const_86">
<pin_list>
<pin id="87" dir="1" index="0" bw="1" slack="2147483647"/>
</pin_list>
<bind>
<StgValue><ssdm name="_ssdm_op_SpecLoopTripCount"/></StgValue>
</bind>
</comp>

<comp id="88" class="1001" name="const_88">
<pin_list>
<pin id="89" dir="1" index="0" bw="1" slack="2147483647"/>
</pin_list>
<bind>
<StgValue><ssdm name=""/></StgValue>
</bind>
</comp>

<comp id="90" class="1001" name="const_90">
<pin_list>
<pin id="91" dir="1" index="0" bw="1" slack="2147483647"/>
</pin_list>
<bind>
<StgValue><ssdm name="_ssdm_op_SpecLoopName"/></StgValue>
</bind>
</comp>

<comp id="92" class="1001" name="const_92">
<pin_list>
<pin id="93" dir="1" index="0" bw="1" slack="2147483647"/>
</pin_list>
<bind>
<StgValue><ssdm name="empty"/></StgValue>
</bind>
</comp>

<comp id="94" class="1001" name="const_94">
<pin_list>
<pin id="95" dir="1" index="0" bw="1" slack="0"/>
</pin_list>
<bind>
<StgValue><ssdm name="_ssdm_op_PartSelect.i2.i17.i32.i32"/></StgValue>
</bind>
</comp>

<comp id="96" class="1001" name="const_96">
<pin_list>
<pin id="97" dir="1" index="0" bw="1" slack="0"/>
</pin_list>
<bind>
<StgValue><ssdm name=""/></StgValue>
</bind>
</comp>

<comp id="98" class="1001" name="const_98">
<pin_list>
<pin id="99" dir="1" index="0" bw="1" slack="0"/>
</pin_list>
<bind>
<StgValue><ssdm name=""/></StgValue>
</bind>
</comp>

<comp id="100" class="1001" name="const_100">
<pin_list>
<pin id="101" dir="1" index="0" bw="1" slack="0"/>
</pin_list>
<bind>
<StgValue><ssdm name=""/></StgValue>
</bind>
</comp>

<comp id="102" class="1001" name="const_102">
<pin_list>
<pin id="103" dir="1" index="0" bw="1" slack="0"/>
</pin_list>
<bind>
<StgValue><ssdm name=""/></StgValue>
</bind>
</comp>

<comp id="104" class="1001" name="const_104">
<pin_list>
<pin id="105" dir="1" index="0" bw="1" slack="0"/>
</pin_list>
<bind>
<StgValue><ssdm name="_ssdm_op_BitConcatenate.i15.i7.i8"/></StgValue>
</bind>
</comp>

<comp id="106" class="1001" name="const_106">
<pin_list>
<pin id="107" dir="1" index="0" bw="1" slack="0"/>
</pin_list>
<bind>
<StgValue><ssdm name="_ssdm_op_Write.ap_fifo.volatile.i16P0A"/></StgValue>
</bind>
</comp>

<comp id="108" class="1004" name="i_fu_108">
<pin_list>
<pin id="109" dir="0" index="0" bw="1" slack="0"/>
<pin id="110" dir="1" index="1" bw="4" slack="0"/>
</pin_list>
<bind>
<opcode="alloca(26) " fcode="alloca"/>
<opset="i/1 "/>
</bind>
</comp>

<comp id="112" class="1004" name="exp_val_33_read_read_fu_112">
<pin_list>
<pin id="113" dir="0" index="0" bw="9" slack="0"/>
<pin id="114" dir="0" index="1" bw="9" slack="0"/>
<pin id="115" dir="1" index="2" bw="9" slack="0"/>
</pin_list>
<bind>
<opcode="read(1150) " fcode="read"/>
<opset="exp_val_33_read/1 "/>
</bind>
</comp>

<comp id="118" class="1004" name="exp_val_31_read_read_fu_118">
<pin_list>
<pin id="119" dir="0" index="0" bw="9" slack="0"/>
<pin id="120" dir="0" index="1" bw="9" slack="0"/>
<pin id="121" dir="1" index="2" bw="9" slack="0"/>
</pin_list>
<bind>
<opcode="read(1150) " fcode="read"/>
<opset="exp_val_31_read/1 "/>
</bind>
</comp>

<comp id="124" class="1004" name="exp_val_29_read_read_fu_124">
<pin_list>
<pin id="125" dir="0" index="0" bw="9" slack="0"/>
<pin id="126" dir="0" index="1" bw="9" slack="0"/>
<pin id="127" dir="1" index="2" bw="9" slack="0"/>
</pin_list>
<bind>
<opcode="read(1150) " fcode="read"/>
<opset="exp_val_29_read/1 "/>
</bind>
</comp>

<comp id="130" class="1004" name="exp_val_27_read_read_fu_130">
<pin_list>
<pin id="131" dir="0" index="0" bw="9" slack="0"/>
<pin id="132" dir="0" index="1" bw="9" slack="0"/>
<pin id="133" dir="1" index="2" bw="9" slack="0"/>
</pin_list>
<bind>
<opcode="read(1150) " fcode="read"/>
<opset="exp_val_27_read/1 "/>
</bind>
</comp>

<comp id="136" class="1004" name="exp_val_25_read_read_fu_136">
<pin_list>
<pin id="137" dir="0" index="0" bw="9" slack="0"/>
<pin id="138" dir="0" index="1" bw="9" slack="0"/>
<pin id="139" dir="1" index="2" bw="9" slack="0"/>
</pin_list>
<bind>
<opcode="read(1150) " fcode="read"/>
<opset="exp_val_25_read/1 "/>
</bind>
</comp>

<comp id="142" class="1004" name="exp_val_23_read_read_fu_142">
<pin_list>
<pin id="143" dir="0" index="0" bw="9" slack="0"/>
<pin id="144" dir="0" index="1" bw="9" slack="0"/>
<pin id="145" dir="1" index="2" bw="9" slack="0"/>
</pin_list>
<bind>
<opcode="read(1150) " fcode="read"/>
<opset="exp_val_23_read/1 "/>
</bind>
</comp>

<comp id="148" class="1004" name="exp_val_21_read_read_fu_148">
<pin_list>
<pin id="149" dir="0" index="0" bw="9" slack="0"/>
<pin id="150" dir="0" index="1" bw="9" slack="0"/>
<pin id="151" dir="1" index="2" bw="9" slack="0"/>
</pin_list>
<bind>
<opcode="read(1150) " fcode="read"/>
<opset="exp_val_21_read/1 "/>
</bind>
</comp>

<comp id="154" class="1004" name="exp_val_19_read_read_fu_154">
<pin_list>
<pin id="155" dir="0" index="0" bw="9" slack="0"/>
<pin id="156" dir="0" index="1" bw="9" slack="0"/>
<pin id="157" dir="1" index="2" bw="9" slack="0"/>
</pin_list>
<bind>
<opcode="read(1150) " fcode="read"/>
<opset="exp_val_19_read/1 "/>
</bind>
</comp>

<comp id="160" class="1004" name="zext_ln213_17_read_read_fu_160">
<pin_list>
<pin id="161" dir="0" index="0" bw="9" slack="0"/>
<pin id="162" dir="0" index="1" bw="9" slack="0"/>
<pin id="163" dir="1" index="2" bw="9" slack="0"/>
</pin_list>
<bind>
<opcode="read(1150) " fcode="read"/>
<opset="zext_ln213_17_read/1 "/>
</bind>
</comp>

<comp id="166" class="1004" name="zext_ln217_read_read_fu_166">
<pin_list>
<pin id="167" dir="0" index="0" bw="12" slack="0"/>
<pin id="168" dir="0" index="1" bw="12" slack="0"/>
<pin id="169" dir="1" index="2" bw="12" slack="0"/>
</pin_list>
<bind>
<opcode="read(1150) " fcode="read"/>
<opset="zext_ln217_read/1 "/>
</bind>
</comp>

<comp id="172" class="1004" name="exp_val_32_read_read_fu_172">
<pin_list>
<pin id="173" dir="0" index="0" bw="9" slack="0"/>
<pin id="174" dir="0" index="1" bw="9" slack="0"/>
<pin id="175" dir="1" index="2" bw="9" slack="0"/>
</pin_list>
<bind>
<opcode="read(1150) " fcode="read"/>
<opset="exp_val_32_read/1 "/>
</bind>
</comp>

<comp id="178" class="1004" name="exp_val_30_read_read_fu_178">
<pin_list>
<pin id="179" dir="0" index="0" bw="9" slack="0"/>
<pin id="180" dir="0" index="1" bw="9" slack="0"/>
<pin id="181" dir="1" index="2" bw="9" slack="0"/>
</pin_list>
<bind>
<opcode="read(1150) " fcode="read"/>
<opset="exp_val_30_read/1 "/>
</bind>
</comp>

<comp id="184" class="1004" name="exp_val_28_read_read_fu_184">
<pin_list>
<pin id="185" dir="0" index="0" bw="9" slack="0"/>
<pin id="186" dir="0" index="1" bw="9" slack="0"/>
<pin id="187" dir="1" index="2" bw="9" slack="0"/>
</pin_list>
<bind>
<opcode="read(1150) " fcode="read"/>
<opset="exp_val_28_read/1 "/>
</bind>
</comp>

<comp id="190" class="1004" name="exp_val_26_read_read_fu_190">
<pin_list>
<pin id="191" dir="0" index="0" bw="9" slack="0"/>
<pin id="192" dir="0" index="1" bw="9" slack="0"/>
<pin id="193" dir="1" index="2" bw="9" slack="0"/>
</pin_list>
<bind>
<opcode="read(1150) " fcode="read"/>
<opset="exp_val_26_read/1 "/>
</bind>
</comp>

<comp id="196" class="1004" name="exp_val_24_read_read_fu_196">
<pin_list>
<pin id="197" dir="0" index="0" bw="9" slack="0"/>
<pin id="198" dir="0" index="1" bw="9" slack="0"/>
<pin id="199" dir="1" index="2" bw="9" slack="0"/>
</pin_list>
<bind>
<opcode="read(1150) " fcode="read"/>
<opset="exp_val_24_read/1 "/>
</bind>
</comp>

<comp id="202" class="1004" name="exp_val_22_read_read_fu_202">
<pin_list>
<pin id="203" dir="0" index="0" bw="9" slack="0"/>
<pin id="204" dir="0" index="1" bw="9" slack="0"/>
<pin id="205" dir="1" index="2" bw="9" slack="0"/>
</pin_list>
<bind>
<opcode="read(1150) " fcode="read"/>
<opset="exp_val_22_read/1 "/>
</bind>
</comp>

<comp id="208" class="1004" name="exp_val_20_read_read_fu_208">
<pin_list>
<pin id="209" dir="0" index="0" bw="9" slack="0"/>
<pin id="210" dir="0" index="1" bw="9" slack="0"/>
<pin id="211" dir="1" index="2" bw="9" slack="0"/>
</pin_list>
<bind>
<opcode="read(1150) " fcode="read"/>
<opset="exp_val_20_read/1 "/>
</bind>
</comp>

<comp id="214" class="1004" name="exp_val_18_read_read_fu_214">
<pin_list>
<pin id="215" dir="0" index="0" bw="9" slack="0"/>
<pin id="216" dir="0" index="1" bw="9" slack="0"/>
<pin id="217" dir="1" index="2" bw="9" slack="0"/>
</pin_list>
<bind>
<opcode="read(1150) " fcode="read"/>
<opset="exp_val_18_read/1 "/>
</bind>
</comp>

<comp id="220" class="1004" name="write_ln227_write_fu_220">
<pin_list>
<pin id="221" dir="0" index="0" bw="0" slack="0"/>
<pin id="222" dir="0" index="1" bw="16" slack="0"/>
<pin id="223" dir="0" index="2" bw="15" slack="0"/>
<pin id="224" dir="1" index="3" bw="0" slack="2147483647"/>
</pin_list>
<bind>
<opcode="write(1151) " fcode="write"/>
<opset="write_ln227/21 "/>
</bind>
</comp>

<comp id="227" class="1004" name="zext_ln213_17_cast_fu_227">
<pin_list>
<pin id="228" dir="0" index="0" bw="9" slack="0"/>
<pin id="229" dir="1" index="1" bw="13" slack="0"/>
</pin_list>
<bind>
<opcode="zext(34) " fcode="zext"/>
<opset="zext_ln213_17_cast/1 "/>
</bind>
</comp>

<comp id="231" class="1004" name="zext_ln217_cast_fu_231">
<pin_list>
<pin id="232" dir="0" index="0" bw="12" slack="0"/>
<pin id="233" dir="1" index="1" bw="13" slack="0"/>
</pin_list>
<bind>
<opcode="zext(34) " fcode="zext"/>
<opset="zext_ln217_cast/1 "/>
</bind>
</comp>

<comp id="235" class="1004" name="store_ln217_store_fu_235">
<pin_list>
<pin id="236" dir="0" index="0" bw="1" slack="0"/>
<pin id="237" dir="0" index="1" bw="4" slack="0"/>
<pin id="238" dir="1" index="2" bw="0" slack="2147483647"/>
</pin_list>
<bind>
<opcode="store(28) " fcode="store"/>
<opset="store_ln217/1 "/>
</bind>
</comp>

<comp id="240" class="1004" name="i_1_load_fu_240">
<pin_list>
<pin id="241" dir="0" index="0" bw="4" slack="0"/>
<pin id="242" dir="1" index="1" bw="4" slack="0"/>
</pin_list>
<bind>
<opcode="load(27) " fcode="load"/>
<opset="i_1/1 "/>
</bind>
</comp>

<comp id="243" class="1004" name="icmp_ln217_fu_243">
<pin_list>
<pin id="244" dir="0" index="0" bw="4" slack="0"/>
<pin id="245" dir="0" index="1" bw="4" slack="0"/>
<pin id="246" dir="1" index="2" bw="1" slack="19"/>
</pin_list>
<bind>
<opcode="icmp(45) " fcode="icmp"/>
<opset="icmp_ln217/1 "/>
</bind>
</comp>

<comp id="249" class="1004" name="add_ln217_fu_249">
<pin_list>
<pin id="250" dir="0" index="0" bw="4" slack="0"/>
<pin id="251" dir="0" index="1" bw="1" slack="0"/>
<pin id="252" dir="1" index="2" bw="4" slack="0"/>
</pin_list>
<bind>
<opcode="add(8) " fcode="add"/>
<opset="add_ln217/1 "/>
</bind>
</comp>

<comp id="255" class="1004" name="trunc_ln217_fu_255">
<pin_list>
<pin id="256" dir="0" index="0" bw="4" slack="0"/>
<pin id="257" dir="1" index="1" bw="3" slack="0"/>
</pin_list>
<bind>
<opcode="trunc(33) " fcode="trunc"/>
<opset="trunc_ln217/1 "/>
</bind>
</comp>

<comp id="259" class="1004" name="exp_val_fu_259">
<pin_list>
<pin id="260" dir="0" index="0" bw="9" slack="0"/>
<pin id="261" dir="0" index="1" bw="3" slack="0"/>
<pin id="262" dir="0" index="2" bw="9" slack="0"/>
<pin id="263" dir="0" index="3" bw="3" slack="0"/>
<pin id="264" dir="0" index="4" bw="9" slack="0"/>
<pin id="265" dir="0" index="5" bw="3" slack="0"/>
<pin id="266" dir="0" index="6" bw="9" slack="0"/>
<pin id="267" dir="0" index="7" bw="3" slack="0"/>
<pin id="268" dir="0" index="8" bw="9" slack="0"/>
<pin id="269" dir="0" index="9" bw="3" slack="0"/>
<pin id="270" dir="0" index="10" bw="9" slack="0"/>
<pin id="271" dir="0" index="11" bw="3" slack="0"/>
<pin id="272" dir="0" index="12" bw="9" slack="0"/>
<pin id="273" dir="0" index="13" bw="3" slack="0"/>
<pin id="274" dir="0" index="14" bw="9" slack="0"/>
<pin id="275" dir="0" index="15" bw="3" slack="0"/>
<pin id="276" dir="0" index="16" bw="9" slack="0"/>
<pin id="277" dir="0" index="17" bw="9" slack="0"/>
<pin id="278" dir="0" index="18" bw="3" slack="0"/>
<pin id="279" dir="1" index="19" bw="9" slack="0"/>
</pin_list>
<bind>
<opcode="sparsemux(1197) " fcode="sparsemux"/>
<opset="exp_val/1 "/>
</bind>
</comp>

<comp id="299" class="1004" name="shl_ln_fu_299">
<pin_list>
<pin id="300" dir="0" index="0" bw="17" slack="0"/>
<pin id="301" dir="0" index="1" bw="9" slack="0"/>
<pin id="302" dir="0" index="2" bw="1" slack="0"/>
<pin id="303" dir="1" index="3" bw="17" slack="0"/>
</pin_list>
<bind>
<opcode="bitconcatenate(1004) " fcode="bitconcatenate"/>
<opset="shl_ln/1 "/>
</bind>
</comp>

<comp id="307" class="1004" name="add_ln223_fu_307">
<pin_list>
<pin id="308" dir="0" index="0" bw="12" slack="0"/>
<pin id="309" dir="0" index="1" bw="9" slack="0"/>
<pin id="310" dir="1" index="2" bw="13" slack="0"/>
</pin_list>
<bind>
<opcode="add(8) " fcode="add"/>
<opset="add_ln223/1 "/>
</bind>
</comp>

<comp id="313" class="1004" name="zext_ln223_fu_313">
<pin_list>
<pin id="314" dir="0" index="0" bw="13" slack="0"/>
<pin id="315" dir="1" index="1" bw="17" slack="0"/>
</pin_list>
<bind>
<opcode="zext(34) " fcode="zext"/>
<opset="zext_ln223/1 "/>
</bind>
</comp>

<comp id="317" class="1004" name="grp_fu_317">
<pin_list>
<pin id="318" dir="0" index="0" bw="17" slack="0"/>
<pin id="319" dir="0" index="1" bw="13" slack="0"/>
<pin id="320" dir="1" index="2" bw="17" slack="0"/>
</pin_list>
<bind>
<opcode="udiv(14) " fcode="udiv"/>
<opset="udiv_ln223/1 "/>
</bind>
</comp>

<comp id="323" class="1004" name="exp_val_1_fu_323">
<pin_list>
<pin id="324" dir="0" index="0" bw="9" slack="0"/>
<pin id="325" dir="0" index="1" bw="3" slack="0"/>
<pin id="326" dir="0" index="2" bw="9" slack="0"/>
<pin id="327" dir="0" index="3" bw="3" slack="0"/>
<pin id="328" dir="0" index="4" bw="9" slack="0"/>
<pin id="329" dir="0" index="5" bw="3" slack="0"/>
<pin id="330" dir="0" index="6" bw="9" slack="0"/>
<pin id="331" dir="0" index="7" bw="3" slack="0"/>
<pin id="332" dir="0" index="8" bw="9" slack="0"/>
<pin id="333" dir="0" index="9" bw="3" slack="0"/>
<pin id="334" dir="0" index="10" bw="9" slack="0"/>
<pin id="335" dir="0" index="11" bw="3" slack="0"/>
<pin id="336" dir="0" index="12" bw="9" slack="0"/>
<pin id="337" dir="0" index="13" bw="3" slack="0"/>
<pin id="338" dir="0" index="14" bw="9" slack="0"/>
<pin id="339" dir="0" index="15" bw="3" slack="0"/>
<pin id="340" dir="0" index="16" bw="9" slack="0"/>
<pin id="341" dir="0" index="17" bw="9" slack="0"/>
<pin id="342" dir="0" index="18" bw="3" slack="0"/>
<pin id="343" dir="1" index="19" bw="9" slack="0"/>
</pin_list>
<bind>
<opcode="sparsemux(1197) " fcode="sparsemux"/>
<opset="exp_val_1/1 "/>
</bind>
</comp>

<comp id="363" class="1004" name="shl_ln223_1_fu_363">
<pin_list>
<pin id="364" dir="0" index="0" bw="17" slack="0"/>
<pin id="365" dir="0" index="1" bw="9" slack="0"/>
<pin id="366" dir="0" index="2" bw="1" slack="0"/>
<pin id="367" dir="1" index="3" bw="17" slack="0"/>
</pin_list>
<bind>
<opcode="bitconcatenate(1004) " fcode="bitconcatenate"/>
<opset="shl_ln223_1/1 "/>
</bind>
</comp>

<comp id="371" class="1004" name="grp_fu_371">
<pin_list>
<pin id="372" dir="0" index="0" bw="17" slack="0"/>
<pin id="373" dir="0" index="1" bw="13" slack="0"/>
<pin id="374" dir="1" index="2" bw="17" slack="0"/>
</pin_list>
<bind>
<opcode="udiv(14) " fcode="udiv"/>
<opset="udiv_ln223_1/1 "/>
</bind>
</comp>

<comp id="377" class="1004" name="store_ln217_store_fu_377">
<pin_list>
<pin id="378" dir="0" index="0" bw="4" slack="0"/>
<pin id="379" dir="0" index="1" bw="4" slack="0"/>
<pin id="380" dir="1" index="2" bw="0" slack="2147483647"/>
</pin_list>
<bind>
<opcode="store(28) " fcode="store"/>
<opset="store_ln217/1 "/>
</bind>
</comp>

<comp id="382" class="1004" name="tmp_fu_382">
<pin_list>
<pin id="383" dir="0" index="0" bw="2" slack="0"/>
<pin id="384" dir="0" index="1" bw="17" slack="0"/>
<pin id="385" dir="0" index="2" bw="4" slack="0"/>
<pin id="386" dir="0" index="3" bw="5" slack="0"/>
<pin id="387" dir="1" index="4" bw="2" slack="0"/>
</pin_list>
<bind>
<opcode="partselect(1002) " fcode="partselect"/>
<opset="tmp/21 "/>
</bind>
</comp>

<comp id="392" class="1004" name="icmp_ln224_fu_392">
<pin_list>
<pin id="393" dir="0" index="0" bw="2" slack="0"/>
<pin id="394" dir="0" index="1" bw="2" slack="0"/>
<pin id="395" dir="1" index="2" bw="1" slack="0"/>
</pin_list>
<bind>
<opcode="icmp(45) " fcode="icmp"/>
<opset="icmp_ln224/21 "/>
</bind>
</comp>

<comp id="398" class="1004" name="trunc_ln225_fu_398">
<pin_list>
<pin id="399" dir="0" index="0" bw="17" slack="0"/>
<pin id="400" dir="1" index="1" bw="7" slack="0"/>
</pin_list>
<bind>
<opcode="trunc(33) " fcode="trunc"/>
<opset="trunc_ln225/21 "/>
</bind>
</comp>

<comp id="402" class="1004" name="elems_fu_402">
<pin_list>
<pin id="403" dir="0" index="0" bw="1" slack="0"/>
<pin id="404" dir="0" index="1" bw="7" slack="0"/>
<pin id="405" dir="0" index="2" bw="7" slack="0"/>
<pin id="406" dir="1" index="3" bw="7" slack="0"/>
</pin_list>
<bind>
<opcode="select(49) " fcode="select"/>
<opset="elems/21 "/>
</bind>
</comp>

<comp id="410" class="1004" name="zext_ln219_fu_410">
<pin_list>
<pin id="411" dir="0" index="0" bw="7" slack="0"/>
<pin id="412" dir="1" index="1" bw="8" slack="0"/>
</pin_list>
<bind>
<opcode="zext(34) " fcode="zext"/>
<opset="zext_ln219/21 "/>
</bind>
</comp>

<comp id="414" class="1004" name="tmp_1_fu_414">
<pin_list>
<pin id="415" dir="0" index="0" bw="2" slack="0"/>
<pin id="416" dir="0" index="1" bw="17" slack="0"/>
<pin id="417" dir="0" index="2" bw="4" slack="0"/>
<pin id="418" dir="0" index="3" bw="5" slack="0"/>
<pin id="419" dir="1" index="4" bw="2" slack="0"/>
</pin_list>
<bind>
<opcode="partselect(1002) " fcode="partselect"/>
<opset="tmp_1/21 "/>
</bind>
</comp>

<comp id="424" class="1004" name="icmp_ln224_1_fu_424">
<pin_list>
<pin id="425" dir="0" index="0" bw="2" slack="0"/>
<pin id="426" dir="0" index="1" bw="2" slack="0"/>
<pin id="427" dir="1" index="2" bw="1" slack="0"/>
</pin_list>
<bind>
<opcode="icmp(45) " fcode="icmp"/>
<opset="icmp_ln224_1/21 "/>
</bind>
</comp>

<comp id="430" class="1004" name="trunc_ln225_1_fu_430">
<pin_list>
<pin id="431" dir="0" index="0" bw="17" slack="0"/>
<pin id="432" dir="1" index="1" bw="7" slack="0"/>
</pin_list>
<bind>
<opcode="trunc(33) " fcode="trunc"/>
<opset="trunc_ln225_1/21 "/>
</bind>
</comp>

<comp id="434" class="1004" name="elems_2_fu_434">
<pin_list>
<pin id="435" dir="0" index="0" bw="1" slack="0"/>
<pin id="436" dir="0" index="1" bw="7" slack="0"/>
<pin id="437" dir="0" index="2" bw="7" slack="0"/>
<pin id="438" dir="1" index="3" bw="7" slack="0"/>
</pin_list>
<bind>
<opcode="select(49) " fcode="select"/>
<opset="elems_2/21 "/>
</bind>
</comp>

<comp id="442" class="1004" name="b_fu_442">
<pin_list>
<pin id="443" dir="0" index="0" bw="15" slack="0"/>
<pin id="444" dir="0" index="1" bw="7" slack="0"/>
<pin id="445" dir="0" index="2" bw="7" slack="0"/>
<pin id="446" dir="1" index="3" bw="15" slack="0"/>
</pin_list>
<bind>
<opcode="bitconcatenate(1004) " fcode="bitconcatenate"/>
<opset="b/21 "/>
</bind>
</comp>

<comp id="450" class="1004" name="zext_ln37_fu_450">
<pin_list>
<pin id="451" dir="0" index="0" bw="15" slack="0"/>
<pin id="452" dir="1" index="1" bw="16" slack="0"/>
</pin_list>
<bind>
<opcode="zext(34) " fcode="zext"/>
<opset="zext_ln37/21 "/>
</bind>
</comp>

<comp id="455" class="1005" name="i_reg_455">
<pin_list>
<pin id="456" dir="0" index="0" bw="4" slack="0"/>
<pin id="457" dir="1" index="1" bw="4" slack="0"/>
</pin_list>
<bind>
<opset="i "/>
</bind>
</comp>

<comp id="462" class="1005" name="icmp_ln217_reg_462">
<pin_list>
<pin id="463" dir="0" index="0" bw="1" slack="19"/>
<pin id="464" dir="1" index="1" bw="1" slack="2147483647"/>
</pin_list>
<bind>
<opset="icmp_ln217 "/>
</bind>
</comp>

<comp id="466" class="1005" name="shl_ln_reg_466">
<pin_list>
<pin id="467" dir="0" index="0" bw="17" slack="1"/>
<pin id="468" dir="1" index="1" bw="17" slack="1"/>
</pin_list>
<bind>
<opset="shl_ln "/>
</bind>
</comp>

<comp id="471" class="1005" name="zext_ln223_reg_471">
<pin_list>
<pin id="472" dir="0" index="0" bw="17" slack="1"/>
<pin id="473" dir="1" index="1" bw="17" slack="1"/>
</pin_list>
<bind>
<opset="zext_ln223 "/>
</bind>
</comp>

<comp id="477" class="1005" name="shl_ln223_1_reg_477">
<pin_list>
<pin id="478" dir="0" index="0" bw="17" slack="1"/>
<pin id="479" dir="1" index="1" bw="17" slack="1"/>
</pin_list>
<bind>
<opset="shl_ln223_1 "/>
</bind>
</comp>

</comp_list>

<net_list>
<net id="111"><net_src comp="38" pin="0"/><net_sink comp="108" pin=0"/></net>

<net id="116"><net_src comp="40" pin="0"/><net_sink comp="112" pin=0"/></net>

<net id="117"><net_src comp="34" pin="0"/><net_sink comp="112" pin=1"/></net>

<net id="122"><net_src comp="40" pin="0"/><net_sink comp="118" pin=0"/></net>

<net id="123"><net_src comp="32" pin="0"/><net_sink comp="118" pin=1"/></net>

<net id="128"><net_src comp="40" pin="0"/><net_sink comp="124" pin=0"/></net>

<net id="129"><net_src comp="30" pin="0"/><net_sink comp="124" pin=1"/></net>

<net id="134"><net_src comp="40" pin="0"/><net_sink comp="130" pin=0"/></net>

<net id="135"><net_src comp="28" pin="0"/><net_sink comp="130" pin=1"/></net>

<net id="140"><net_src comp="40" pin="0"/><net_sink comp="136" pin=0"/></net>

<net id="141"><net_src comp="26" pin="0"/><net_sink comp="136" pin=1"/></net>

<net id="146"><net_src comp="40" pin="0"/><net_sink comp="142" pin=0"/></net>

<net id="147"><net_src comp="24" pin="0"/><net_sink comp="142" pin=1"/></net>

<net id="152"><net_src comp="40" pin="0"/><net_sink comp="148" pin=0"/></net>

<net id="153"><net_src comp="22" pin="0"/><net_sink comp="148" pin=1"/></net>

<net id="158"><net_src comp="40" pin="0"/><net_sink comp="154" pin=0"/></net>

<net id="159"><net_src comp="20" pin="0"/><net_sink comp="154" pin=1"/></net>

<net id="164"><net_src comp="40" pin="0"/><net_sink comp="160" pin=0"/></net>

<net id="165"><net_src comp="18" pin="0"/><net_sink comp="160" pin=1"/></net>

<net id="170"><net_src comp="42" pin="0"/><net_sink comp="166" pin=0"/></net>

<net id="171"><net_src comp="16" pin="0"/><net_sink comp="166" pin=1"/></net>

<net id="176"><net_src comp="40" pin="0"/><net_sink comp="172" pin=0"/></net>

<net id="177"><net_src comp="14" pin="0"/><net_sink comp="172" pin=1"/></net>

<net id="182"><net_src comp="40" pin="0"/><net_sink comp="178" pin=0"/></net>

<net id="183"><net_src comp="12" pin="0"/><net_sink comp="178" pin=1"/></net>

<net id="188"><net_src comp="40" pin="0"/><net_sink comp="184" pin=0"/></net>

<net id="189"><net_src comp="10" pin="0"/><net_sink comp="184" pin=1"/></net>

<net id="194"><net_src comp="40" pin="0"/><net_sink comp="190" pin=0"/></net>

<net id="195"><net_src comp="8" pin="0"/><net_sink comp="190" pin=1"/></net>

<net id="200"><net_src comp="40" pin="0"/><net_sink comp="196" pin=0"/></net>

<net id="201"><net_src comp="6" pin="0"/><net_sink comp="196" pin=1"/></net>

<net id="206"><net_src comp="40" pin="0"/><net_sink comp="202" pin=0"/></net>

<net id="207"><net_src comp="4" pin="0"/><net_sink comp="202" pin=1"/></net>

<net id="212"><net_src comp="40" pin="0"/><net_sink comp="208" pin=0"/></net>

<net id="213"><net_src comp="2" pin="0"/><net_sink comp="208" pin=1"/></net>

<net id="218"><net_src comp="40" pin="0"/><net_sink comp="214" pin=0"/></net>

<net id="219"><net_src comp="0" pin="0"/><net_sink comp="214" pin=1"/></net>

<net id="225"><net_src comp="106" pin="0"/><net_sink comp="220" pin=0"/></net>

<net id="226"><net_src comp="36" pin="0"/><net_sink comp="220" pin=1"/></net>

<net id="230"><net_src comp="160" pin="2"/><net_sink comp="227" pin=0"/></net>

<net id="234"><net_src comp="166" pin="2"/><net_sink comp="231" pin=0"/></net>

<net id="239"><net_src comp="54" pin="0"/><net_sink comp="235" pin=0"/></net>

<net id="247"><net_src comp="240" pin="1"/><net_sink comp="243" pin=0"/></net>

<net id="248"><net_src comp="56" pin="0"/><net_sink comp="243" pin=1"/></net>

<net id="253"><net_src comp="240" pin="1"/><net_sink comp="249" pin=0"/></net>

<net id="254"><net_src comp="58" pin="0"/><net_sink comp="249" pin=1"/></net>

<net id="258"><net_src comp="240" pin="1"/><net_sink comp="255" pin=0"/></net>

<net id="280"><net_src comp="60" pin="0"/><net_sink comp="259" pin=0"/></net>

<net id="281"><net_src comp="62" pin="0"/><net_sink comp="259" pin=1"/></net>

<net id="282"><net_src comp="214" pin="2"/><net_sink comp="259" pin=2"/></net>

<net id="283"><net_src comp="64" pin="0"/><net_sink comp="259" pin=3"/></net>

<net id="284"><net_src comp="208" pin="2"/><net_sink comp="259" pin=4"/></net>

<net id="285"><net_src comp="66" pin="0"/><net_sink comp="259" pin=5"/></net>

<net id="286"><net_src comp="202" pin="2"/><net_sink comp="259" pin=6"/></net>

<net id="287"><net_src comp="68" pin="0"/><net_sink comp="259" pin=7"/></net>

<net id="288"><net_src comp="196" pin="2"/><net_sink comp="259" pin=8"/></net>

<net id="289"><net_src comp="70" pin="0"/><net_sink comp="259" pin=9"/></net>

<net id="290"><net_src comp="190" pin="2"/><net_sink comp="259" pin=10"/></net>

<net id="291"><net_src comp="72" pin="0"/><net_sink comp="259" pin=11"/></net>

<net id="292"><net_src comp="184" pin="2"/><net_sink comp="259" pin=12"/></net>

<net id="293"><net_src comp="74" pin="0"/><net_sink comp="259" pin=13"/></net>

<net id="294"><net_src comp="178" pin="2"/><net_sink comp="259" pin=14"/></net>

<net id="295"><net_src comp="76" pin="0"/><net_sink comp="259" pin=15"/></net>

<net id="296"><net_src comp="172" pin="2"/><net_sink comp="259" pin=16"/></net>

<net id="297"><net_src comp="78" pin="0"/><net_sink comp="259" pin=17"/></net>

<net id="298"><net_src comp="255" pin="1"/><net_sink comp="259" pin=18"/></net>

<net id="304"><net_src comp="80" pin="0"/><net_sink comp="299" pin=0"/></net>

<net id="305"><net_src comp="259" pin="19"/><net_sink comp="299" pin=1"/></net>

<net id="306"><net_src comp="82" pin="0"/><net_sink comp="299" pin=2"/></net>

<net id="311"><net_src comp="231" pin="1"/><net_sink comp="307" pin=0"/></net>

<net id="312"><net_src comp="227" pin="1"/><net_sink comp="307" pin=1"/></net>

<net id="316"><net_src comp="307" pin="2"/><net_sink comp="313" pin=0"/></net>

<net id="321"><net_src comp="299" pin="3"/><net_sink comp="317" pin=0"/></net>

<net id="322"><net_src comp="313" pin="1"/><net_sink comp="317" pin=1"/></net>

<net id="344"><net_src comp="60" pin="0"/><net_sink comp="323" pin=0"/></net>

<net id="345"><net_src comp="62" pin="0"/><net_sink comp="323" pin=1"/></net>

<net id="346"><net_src comp="154" pin="2"/><net_sink comp="323" pin=2"/></net>

<net id="347"><net_src comp="64" pin="0"/><net_sink comp="323" pin=3"/></net>

<net id="348"><net_src comp="148" pin="2"/><net_sink comp="323" pin=4"/></net>

<net id="349"><net_src comp="66" pin="0"/><net_sink comp="323" pin=5"/></net>

<net id="350"><net_src comp="142" pin="2"/><net_sink comp="323" pin=6"/></net>

<net id="351"><net_src comp="68" pin="0"/><net_sink comp="323" pin=7"/></net>

<net id="352"><net_src comp="136" pin="2"/><net_sink comp="323" pin=8"/></net>

<net id="353"><net_src comp="70" pin="0"/><net_sink comp="323" pin=9"/></net>

<net id="354"><net_src comp="130" pin="2"/><net_sink comp="323" pin=10"/></net>

<net id="355"><net_src comp="72" pin="0"/><net_sink comp="323" pin=11"/></net>

<net id="356"><net_src comp="124" pin="2"/><net_sink comp="323" pin=12"/></net>

<net id="357"><net_src comp="74" pin="0"/><net_sink comp="323" pin=13"/></net>

<net id="358"><net_src comp="118" pin="2"/><net_sink comp="323" pin=14"/></net>

<net id="359"><net_src comp="76" pin="0"/><net_sink comp="323" pin=15"/></net>

<net id="360"><net_src comp="112" pin="2"/><net_sink comp="323" pin=16"/></net>

<net id="361"><net_src comp="78" pin="0"/><net_sink comp="323" pin=17"/></net>

<net id="362"><net_src comp="255" pin="1"/><net_sink comp="323" pin=18"/></net>

<net id="368"><net_src comp="80" pin="0"/><net_sink comp="363" pin=0"/></net>

<net id="369"><net_src comp="323" pin="19"/><net_sink comp="363" pin=1"/></net>

<net id="370"><net_src comp="82" pin="0"/><net_sink comp="363" pin=2"/></net>

<net id="375"><net_src comp="363" pin="3"/><net_sink comp="371" pin=0"/></net>

<net id="376"><net_src comp="313" pin="1"/><net_sink comp="371" pin=1"/></net>

<net id="381"><net_src comp="249" pin="2"/><net_sink comp="377" pin=0"/></net>

<net id="388"><net_src comp="94" pin="0"/><net_sink comp="382" pin=0"/></net>

<net id="389"><net_src comp="317" pin="2"/><net_sink comp="382" pin=1"/></net>

<net id="390"><net_src comp="96" pin="0"/><net_sink comp="382" pin=2"/></net>

<net id="391"><net_src comp="98" pin="0"/><net_sink comp="382" pin=3"/></net>

<net id="396"><net_src comp="382" pin="4"/><net_sink comp="392" pin=0"/></net>

<net id="397"><net_src comp="100" pin="0"/><net_sink comp="392" pin=1"/></net>

<net id="401"><net_src comp="317" pin="2"/><net_sink comp="398" pin=0"/></net>

<net id="407"><net_src comp="392" pin="2"/><net_sink comp="402" pin=0"/></net>

<net id="408"><net_src comp="102" pin="0"/><net_sink comp="402" pin=1"/></net>

<net id="409"><net_src comp="398" pin="1"/><net_sink comp="402" pin=2"/></net>

<net id="413"><net_src comp="402" pin="3"/><net_sink comp="410" pin=0"/></net>

<net id="420"><net_src comp="94" pin="0"/><net_sink comp="414" pin=0"/></net>

<net id="421"><net_src comp="371" pin="2"/><net_sink comp="414" pin=1"/></net>

<net id="422"><net_src comp="96" pin="0"/><net_sink comp="414" pin=2"/></net>

<net id="423"><net_src comp="98" pin="0"/><net_sink comp="414" pin=3"/></net>

<net id="428"><net_src comp="414" pin="4"/><net_sink comp="424" pin=0"/></net>

<net id="429"><net_src comp="100" pin="0"/><net_sink comp="424" pin=1"/></net>

<net id="433"><net_src comp="371" pin="2"/><net_sink comp="430" pin=0"/></net>

<net id="439"><net_src comp="424" pin="2"/><net_sink comp="434" pin=0"/></net>

<net id="440"><net_src comp="102" pin="0"/><net_sink comp="434" pin=1"/></net>

<net id="441"><net_src comp="430" pin="1"/><net_sink comp="434" pin=2"/></net>

<net id="447"><net_src comp="104" pin="0"/><net_sink comp="442" pin=0"/></net>

<net id="448"><net_src comp="434" pin="3"/><net_sink comp="442" pin=1"/></net>

<net id="449"><net_src comp="410" pin="1"/><net_sink comp="442" pin=2"/></net>

<net id="453"><net_src comp="442" pin="3"/><net_sink comp="450" pin=0"/></net>

<net id="454"><net_src comp="450" pin="1"/><net_sink comp="220" pin=2"/></net>

<net id="458"><net_src comp="108" pin="1"/><net_sink comp="455" pin=0"/></net>

<net id="459"><net_src comp="455" pin="1"/><net_sink comp="235" pin=1"/></net>

<net id="460"><net_src comp="455" pin="1"/><net_sink comp="240" pin=0"/></net>

<net id="461"><net_src comp="455" pin="1"/><net_sink comp="377" pin=1"/></net>

<net id="465"><net_src comp="243" pin="2"/><net_sink comp="462" pin=0"/></net>

<net id="469"><net_src comp="299" pin="3"/><net_sink comp="466" pin=0"/></net>

<net id="470"><net_src comp="466" pin="1"/><net_sink comp="317" pin=0"/></net>

<net id="474"><net_src comp="313" pin="1"/><net_sink comp="471" pin=0"/></net>

<net id="475"><net_src comp="471" pin="1"/><net_sink comp="317" pin=1"/></net>

<net id="476"><net_src comp="471" pin="1"/><net_sink comp="371" pin=1"/></net>

<net id="480"><net_src comp="363" pin="3"/><net_sink comp="477" pin=0"/></net>

<net id="481"><net_src comp="477" pin="1"/><net_sink comp="371" pin=0"/></net>

</net_list>

</model> 
---------------- Datapath Model END ------------------

* FSMD analyzer results:
  - Output states:
	Port: s_softmax_out | {21 }
 - Input state : 
	Port: stateful_softmax_Pipeline_VITIS_LOOP_217_4 : exp_val_18 | {1 }
	Port: stateful_softmax_Pipeline_VITIS_LOOP_217_4 : exp_val_20 | {1 }
	Port: stateful_softmax_Pipeline_VITIS_LOOP_217_4 : exp_val_22 | {1 }
	Port: stateful_softmax_Pipeline_VITIS_LOOP_217_4 : exp_val_24 | {1 }
	Port: stateful_softmax_Pipeline_VITIS_LOOP_217_4 : exp_val_26 | {1 }
	Port: stateful_softmax_Pipeline_VITIS_LOOP_217_4 : exp_val_28 | {1 }
	Port: stateful_softmax_Pipeline_VITIS_LOOP_217_4 : exp_val_30 | {1 }
	Port: stateful_softmax_Pipeline_VITIS_LOOP_217_4 : exp_val_32 | {1 }
	Port: stateful_softmax_Pipeline_VITIS_LOOP_217_4 : zext_ln217 | {1 }
	Port: stateful_softmax_Pipeline_VITIS_LOOP_217_4 : zext_ln213_17 | {1 }
	Port: stateful_softmax_Pipeline_VITIS_LOOP_217_4 : exp_val_19 | {1 }
	Port: stateful_softmax_Pipeline_VITIS_LOOP_217_4 : exp_val_21 | {1 }
	Port: stateful_softmax_Pipeline_VITIS_LOOP_217_4 : exp_val_23 | {1 }
	Port: stateful_softmax_Pipeline_VITIS_LOOP_217_4 : exp_val_25 | {1 }
	Port: stateful_softmax_Pipeline_VITIS_LOOP_217_4 : exp_val_27 | {1 }
	Port: stateful_softmax_Pipeline_VITIS_LOOP_217_4 : exp_val_29 | {1 }
	Port: stateful_softmax_Pipeline_VITIS_LOOP_217_4 : exp_val_31 | {1 }
	Port: stateful_softmax_Pipeline_VITIS_LOOP_217_4 : exp_val_33 | {1 }
	Port: stateful_softmax_Pipeline_VITIS_LOOP_217_4 : s_softmax_out | {}
  - Chain level:
	State 1
		store_ln217 : 1
		i_1 : 1
		icmp_ln217 : 2
		add_ln217 : 2
		br_ln217 : 3
		trunc_ln217 : 2
		exp_val : 3
		shl_ln : 4
		add_ln223 : 1
		zext_ln223 : 2
		udiv_ln223 : 5
		exp_val_1 : 3
		shl_ln223_1 : 4
		udiv_ln223_1 : 5
		store_ln217 : 3
	State 2
	State 3
	State 4
	State 5
	State 6
	State 7
	State 8
	State 9
	State 10
	State 11
	State 12
	State 13
	State 14
	State 15
	State 16
	State 17
	State 18
	State 19
	State 20
	State 21
		tmp : 1
		icmp_ln224 : 2
		trunc_ln225 : 1
		elems : 3
		zext_ln219 : 4
		tmp_1 : 1
		icmp_ln224_1 : 2
		trunc_ln225_1 : 1
		elems_2 : 3
		b : 5
		zext_ln37 : 6
		write_ln227 : 7


============================================================
+ Verbose Summary: Datapath Resource usage 
============================================================

* Functional unit list:
|----------|--------------------------------|---------|---------|
| Operation|         Functional Unit        |    FF   |   LUT   |
|----------|--------------------------------|---------|---------|
|   udiv   |           grp_fu_317           |   738   |   565   |
|          |           grp_fu_371           |   738   |   565   |
|----------|--------------------------------|---------|---------|
| sparsemux|         exp_val_fu_259         |    0    |    39   |
|          |        exp_val_1_fu_323        |    0    |    39   |
|----------|--------------------------------|---------|---------|
|          |        icmp_ln217_fu_243       |    0    |    13   |
|   icmp   |        icmp_ln224_fu_392       |    0    |    10   |
|          |       icmp_ln224_1_fu_424      |    0    |    10   |
|----------|--------------------------------|---------|---------|
|    add   |        add_ln217_fu_249        |    0    |    13   |
|          |        add_ln223_fu_307        |    0    |    19   |
|----------|--------------------------------|---------|---------|
|  select  |          elems_fu_402          |    0    |    7    |
|          |         elems_2_fu_434         |    0    |    7    |
|----------|--------------------------------|---------|---------|
|          |   exp_val_33_read_read_fu_112  |    0    |    0    |
|          |   exp_val_31_read_read_fu_118  |    0    |    0    |
|          |   exp_val_29_read_read_fu_124  |    0    |    0    |
|          |   exp_val_27_read_read_fu_130  |    0    |    0    |
|          |   exp_val_25_read_read_fu_136  |    0    |    0    |
|          |   exp_val_23_read_read_fu_142  |    0    |    0    |
|          |   exp_val_21_read_read_fu_148  |    0    |    0    |
|          |   exp_val_19_read_read_fu_154  |    0    |    0    |
|   read   | zext_ln213_17_read_read_fu_160 |    0    |    0    |
|          |   zext_ln217_read_read_fu_166  |    0    |    0    |
|          |   exp_val_32_read_read_fu_172  |    0    |    0    |
|          |   exp_val_30_read_read_fu_178  |    0    |    0    |
|          |   exp_val_28_read_read_fu_184  |    0    |    0    |
|          |   exp_val_26_read_read_fu_190  |    0    |    0    |
|          |   exp_val_24_read_read_fu_196  |    0    |    0    |
|          |   exp_val_22_read_read_fu_202  |    0    |    0    |
|          |   exp_val_20_read_read_fu_208  |    0    |    0    |
|          |   exp_val_18_read_read_fu_214  |    0    |    0    |
|----------|--------------------------------|---------|---------|
|   write  |    write_ln227_write_fu_220    |    0    |    0    |
|----------|--------------------------------|---------|---------|
|          |    zext_ln213_17_cast_fu_227   |    0    |    0    |
|          |     zext_ln217_cast_fu_231     |    0    |    0    |
|   zext   |        zext_ln223_fu_313       |    0    |    0    |
|          |        zext_ln219_fu_410       |    0    |    0    |
|          |        zext_ln37_fu_450        |    0    |    0    |
|----------|--------------------------------|---------|---------|
|          |       trunc_ln217_fu_255       |    0    |    0    |
|   trunc  |       trunc_ln225_fu_398       |    0    |    0    |
|          |      trunc_ln225_1_fu_430      |    0    |    0    |
|----------|--------------------------------|---------|---------|
|          |          shl_ln_fu_299         |    0    |    0    |
|bitconcatenate|       shl_ln223_1_fu_363       |    0    |    0    |
|          |            b_fu_442            |    0    |    0    |
|----------|--------------------------------|---------|---------|
|partselect|           tmp_fu_382           |    0    |    0    |
|          |          tmp_1_fu_414          |    0    |    0    |
|----------|--------------------------------|---------|---------|
|   Total  |                                |   1476  |   1287  |
|----------|--------------------------------|---------|---------|

Memories:
N/A

* Register list:
+-------------------+--------+
|                   |   FF   |
+-------------------+--------+
|     i_reg_455     |    4   |
| icmp_ln217_reg_462|    1   |
|shl_ln223_1_reg_477|   17   |
|   shl_ln_reg_466  |   17   |
| zext_ln223_reg_471|   17   |
+-------------------+--------+
|       Total       |   56   |
+-------------------+--------+

* Multiplexer (MUX) list: 
|------------|------|------|------|--------||---------||---------||---------|
|    Comp    |  Pin | Size |  BW  | S x BW ||  Delay  ||    FF   ||   LUT   |
|------------|------|------|------|--------||---------||---------||---------|
| grp_fu_317 |  p0  |   2  |  17  |   34   ||    0    ||    9    |
| grp_fu_317 |  p1  |   2  |  13  |   26   ||    0    ||    9    |
| grp_fu_371 |  p0  |   2  |  17  |   34   ||    0    ||    9    |
| grp_fu_371 |  p1  |   2  |  13  |   26   ||    0    ||    9    |
|------------|------|------|------|--------||---------||---------||---------|
|    Total   |      |      |      |   120  ||  5.176  ||    0    ||    36   |
|------------|------|------|------|--------||---------||---------||---------|



* Summary:
+-----------+--------+--------+--------+
|           |  Delay |   FF   |   LUT  |
+-----------+--------+--------+--------+
|  Function |    -   |  1476  |  1287  |
|   Memory  |    -   |    -   |    -   |
|Multiplexer|    5   |    0   |   36   |
|  Register |    -   |   56   |    -   |
+-----------+--------+--------+--------+
|   Total   |    5   |  1532  |  1323  |
+-----------+--------+--------+--------+
