

================================================================
== Vitis HLS Report for 'stateful_norm_2_Pipeline_VITIS_LOOP_109_3'
================================================================
* Date:           Fri May  1 14:54:08 2026

* Version:        2025.2 (Build 6295257 on Nov 14 2025)
* Project:        hls_component
* Solution:       hls (Vivado IP Flow Target)
* Product family: spartan7
* Target device:  xc7s50-csga324-2


================================================================
== Performance Estimates
================================================================
+ Timing: 
    * Summary: 
    +--------+----------+----------+------------+
    |  Clock |  Target  | Estimated| Uncertainty|
    +--------+----------+----------+------------+
    |ap_clk  |  10.00 ns|  4.761 ns|     1.00 ns|
    +--------+----------+----------+------------+

+ Latency: 
    * Summary: 
    +---------+---------+----------+----------+-----+-----+-------------------+
    |  Latency (cycles) |  Latency (absolute) |  Interval |      Pipeline     |
    |   min   |   max   |    min   |    max   | min | max |        Type       |
    +---------+---------+----------+----------+-----+-----+-------------------+
    |       10|       10|  0.100 us|  0.100 us|    0|    0|  loop pipeline stp|
    +---------+---------+----------+----------+-----+-----+-------------------+

    + Detail: 
        * Instance: 
        N/A

        * Loop: 
        +--------------------+---------+---------+----------+-----------+-----------+------+----------+
        |                    |  Latency (cycles) | Iteration|  Initiation Interval  | Trip |          |
        |      Loop Name     |   min   |   max   |  Latency |  achieved |   target  | Count| Pipelined|
        +--------------------+---------+---------+----------+-----------+-----------+------+----------+
        |- VITIS_LOOP_109_3  |        8|        8|         2|          1|          1|     8|       yes|
        +--------------------+---------+---------+----------+-----------+-----------+------+----------+



================================================================
== Utilization Estimates
================================================================
* Summary: 
+-----------------+---------+-----+-------+-------+-----+
|       Name      | BRAM_18K| DSP |   FF  |  LUT  | URAM|
+-----------------+---------+-----+-------+-------+-----+
|DSP              |        -|    -|      -|      -|    -|
|Expression       |        -|    -|      0|     62|    -|
|FIFO             |        -|    -|      -|      -|    -|
|Instance         |        -|    -|      0|     78|    -|
|Memory           |        -|    -|      -|      -|    -|
|Multiplexer      |        -|    -|      0|     45|    -|
|Register         |        -|    -|     21|      -|    -|
+-----------------+---------+-----+-------+-------+-----+
|Total            |        0|    0|     21|    185|    0|
+-----------------+---------+-----+-------+-------+-----+
|Available        |      150|  120|  65200|  32600|    0|
+-----------------+---------+-----+-------+-------+-----+
|Utilization (%)  |        0|    0|     ~0|     ~0|    0|
+-----------------+---------+-----+-------+-------+-----+

+ Detail: 
    * Instance: 
    +--------------------------+----------------------+---------+----+---+----+-----+
    |         Instance         |        Module        | BRAM_18K| DSP| FF| LUT| URAM|
    +--------------------------+----------------------+---------+----+---+----+-----+
    |sparsemux_17_3_8_1_1_U25  |sparsemux_17_3_8_1_1  |        0|   0|  0|  39|    0|
    |sparsemux_17_3_8_1_1_U26  |sparsemux_17_3_8_1_1  |        0|   0|  0|  39|    0|
    +--------------------------+----------------------+---------+----+---+----+-----+
    |Total                     |                      |        0|   0|  0|  78|    0|
    +--------------------------+----------------------+---------+----+---+----+-----+

    * DSP: 
    N/A

    * Memory: 
    N/A

    * FIFO: 
    N/A

    * Expression: 
    +--------------------------------+----------+----+---+----+------------+------------+
    |          Variable Name         | Operation| DSP| FF| LUT| Bitwidth P0| Bitwidth P1|
    +--------------------------------+----------+----+---+----+------------+------------+
    |add_ln109_fu_227_p2             |         +|   0|  0|  13|           4|           1|
    |diff_61_fu_341_p2               |         -|   0|  0|  16|           9|           9|
    |diff_fu_281_p2                  |         -|   0|  0|  16|           9|           9|
    |ap_block_pp0_stage0_01001_grp1  |       and|   0|  0|   2|           1|           1|
    |icmp_ln109_fu_221_p2            |      icmp|   0|  0|  13|           4|           5|
    |ap_enable_pp0                   |       xor|   0|  0|   2|           1|           2|
    +--------------------------------+----------+----+---+----+------------+------------+
    |Total                           |          |   0|  0|  62|          28|          27|
    +--------------------------------+----------+----+---+----+------------+------------+

    * Multiplexer: 
    +-------------------------+----+-----------+-----+-----------+
    |           Name          | LUT| Input Size| Bits| Total Bits|
    +-------------------------+----+-----------+-----+-----------+
    |ap_done_int              |   9|          2|    1|          2|
    |ap_enable_reg_pp0_iter1  |   9|          2|    1|          2|
    |ap_sig_allocacmp_i       |   9|          2|    4|          8|
    |i_2_fu_96                |   9|          2|    4|          8|
    |s_norm1_out_blk_n        |   9|          2|    1|          2|
    +-------------------------+----+-----------+-----+-----------+
    |Total                    |  45|         10|   11|         22|
    +-------------------------+----+-----------+-----+-----------+

    * Register: 
    +-------------------------+---+----+-----+-----------+
    |           Name          | FF| LUT| Bits| Const Bits|
    +-------------------------+---+----+-----+-----------+
    |ap_CS_fsm                |  1|   0|    1|          0|
    |ap_done_reg              |  1|   0|    1|          0|
    |ap_enable_reg_pp0_iter1  |  1|   0|    1|          0|
    |i_2_fu_96                |  4|   0|    4|          0|
    |tmp_4_reg_392            |  7|   0|    7|          0|
    |tmp_reg_387              |  7|   0|    7|          0|
    +-------------------------+---+----+-----+-----------+
    |Total                    | 21|   0|   21|          0|
    +-------------------------+---+----+-----+-----------+



================================================================
== Interface
================================================================
* Summary: 
+----------------------------+-----+-----+------------+-------------------------------------------+--------------+
|          RTL Ports         | Dir | Bits|  Protocol  |               Source Object               |    C Type    |
+----------------------------+-----+-----+------------+-------------------------------------------+--------------+
|ap_clk                      |   in|    1|  ap_ctrl_hs|  stateful_norm.2_Pipeline_VITIS_LOOP_109_3|  return value|
|ap_rst                      |   in|    1|  ap_ctrl_hs|  stateful_norm.2_Pipeline_VITIS_LOOP_109_3|  return value|
|ap_start                    |   in|    1|  ap_ctrl_hs|  stateful_norm.2_Pipeline_VITIS_LOOP_109_3|  return value|
|ap_done                     |  out|    1|  ap_ctrl_hs|  stateful_norm.2_Pipeline_VITIS_LOOP_109_3|  return value|
|ap_idle                     |  out|    1|  ap_ctrl_hs|  stateful_norm.2_Pipeline_VITIS_LOOP_109_3|  return value|
|ap_ready                    |  out|    1|  ap_ctrl_hs|  stateful_norm.2_Pipeline_VITIS_LOOP_109_3|  return value|
|s_norm1_out_din             |  out|   16|     ap_fifo|                                s_norm1_out|       pointer|
|s_norm1_out_full_n          |   in|    1|     ap_fifo|                                s_norm1_out|       pointer|
|s_norm1_out_write           |  out|    1|     ap_fifo|                                s_norm1_out|       pointer|
|s_norm1_out_num_data_valid  |   in|   32|     ap_fifo|                                s_norm1_out|       pointer|
|s_norm1_out_fifo_cap        |   in|   32|     ap_fifo|                                s_norm1_out|       pointer|
|buf_reload                  |   in|    8|     ap_none|                                 buf_reload|        scalar|
|buf_3_reload                |   in|    8|     ap_none|                               buf_3_reload|        scalar|
|buf_5_reload                |   in|    8|     ap_none|                               buf_5_reload|        scalar|
|buf_7_reload                |   in|    8|     ap_none|                               buf_7_reload|        scalar|
|buf_9_reload                |   in|    8|     ap_none|                               buf_9_reload|        scalar|
|buf_11_reload               |   in|    8|     ap_none|                              buf_11_reload|        scalar|
|buf_13_reload               |   in|    8|     ap_none|                              buf_13_reload|        scalar|
|buf_15_reload               |   in|    8|     ap_none|                              buf_15_reload|        scalar|
|sext_ln100                  |   in|    8|     ap_none|                                 sext_ln100|        scalar|
|buf_2_reload                |   in|    8|     ap_none|                               buf_2_reload|        scalar|
|buf_4_reload                |   in|    8|     ap_none|                               buf_4_reload|        scalar|
|buf_6_reload                |   in|    8|     ap_none|                               buf_6_reload|        scalar|
|buf_8_reload                |   in|    8|     ap_none|                               buf_8_reload|        scalar|
|buf_10_reload               |   in|    8|     ap_none|                              buf_10_reload|        scalar|
|buf_12_reload               |   in|    8|     ap_none|                              buf_12_reload|        scalar|
|buf_14_reload               |   in|    8|     ap_none|                              buf_14_reload|        scalar|
|buf_16_reload               |   in|    8|     ap_none|                              buf_16_reload|        scalar|
+----------------------------+-----+-----+------------+-------------------------------------------+--------------+

============================================================
+ Verbose Summary: Synthesis Manager
============================================================
InlineROM: 1
ExposeGlobal: 0
============================================================
+ Verbose Summary: CDFG Model
============================================================
IsTopModel: 0
ResetActiveHigh: 1
IsCombinational: 2
IsDatapathOnly: 2
HasWiredReturn: 1
HasMFsm: 2
HasVarLatency: 1
IsPipeline: 0
IsRtlPipelined: 0
IsInstanceOverlapped: 0
IsDontTouch: 0
HasImplIP: 0
IsGatedGlobalClock: 0

+ Individual pipeline summary: 
  * Pipeline-0: initiation interval (II) = 1, depth = 2


============================================================
+ Verbose Summary: Schedule
============================================================
* Number of FSM states : 2
* Pipeline : 1
  Pipeline-0 : II = 1, D = 2, States = { 1 2 }
* Dataflow Pipeline: 0

* FSM state transitions: 
1 --> 2 
2 --> 

* FSM state operations: 

State 1 <SV = 0> <Delay = 4.76>
ST_1 : Operation 5 [1/1] (0.00ns)   --->   "%i_2 = alloca i32 1" [main.cpp:109]   --->   Operation 5 'alloca' 'i_2' <Predicate = true> <Delay = 0.00>
ST_1 : Operation 6 [1/1] (0.00ns)   --->   "%buf_16_reload_read = read i8 @_ssdm_op_Read.ap_auto.i8, i8 %buf_16_reload"   --->   Operation 6 'read' 'buf_16_reload_read' <Predicate = true> <Delay = 0.00>
ST_1 : Operation 7 [1/1] (0.00ns)   --->   "%buf_14_reload_read = read i8 @_ssdm_op_Read.ap_auto.i8, i8 %buf_14_reload"   --->   Operation 7 'read' 'buf_14_reload_read' <Predicate = true> <Delay = 0.00>
ST_1 : Operation 8 [1/1] (0.00ns)   --->   "%buf_12_reload_read = read i8 @_ssdm_op_Read.ap_auto.i8, i8 %buf_12_reload"   --->   Operation 8 'read' 'buf_12_reload_read' <Predicate = true> <Delay = 0.00>
ST_1 : Operation 9 [1/1] (0.00ns)   --->   "%buf_10_reload_read = read i8 @_ssdm_op_Read.ap_auto.i8, i8 %buf_10_reload"   --->   Operation 9 'read' 'buf_10_reload_read' <Predicate = true> <Delay = 0.00>
ST_1 : Operation 10 [1/1] (0.00ns)   --->   "%buf_8_reload_read = read i8 @_ssdm_op_Read.ap_auto.i8, i8 %buf_8_reload"   --->   Operation 10 'read' 'buf_8_reload_read' <Predicate = true> <Delay = 0.00>
ST_1 : Operation 11 [1/1] (0.00ns)   --->   "%buf_6_reload_read = read i8 @_ssdm_op_Read.ap_auto.i8, i8 %buf_6_reload"   --->   Operation 11 'read' 'buf_6_reload_read' <Predicate = true> <Delay = 0.00>
ST_1 : Operation 12 [1/1] (0.00ns)   --->   "%buf_4_reload_read = read i8 @_ssdm_op_Read.ap_auto.i8, i8 %buf_4_reload"   --->   Operation 12 'read' 'buf_4_reload_read' <Predicate = true> <Delay = 0.00>
ST_1 : Operation 13 [1/1] (0.00ns)   --->   "%buf_2_reload_read = read i8 @_ssdm_op_Read.ap_auto.i8, i8 %buf_2_reload"   --->   Operation 13 'read' 'buf_2_reload_read' <Predicate = true> <Delay = 0.00>
ST_1 : Operation 14 [1/1] (0.00ns)   --->   "%sext_ln100_read = read i8 @_ssdm_op_Read.ap_auto.i8, i8 %sext_ln100"   --->   Operation 14 'read' 'sext_ln100_read' <Predicate = true> <Delay = 0.00>
ST_1 : Operation 15 [1/1] (0.00ns)   --->   "%buf_15_reload_read = read i8 @_ssdm_op_Read.ap_auto.i8, i8 %buf_15_reload"   --->   Operation 15 'read' 'buf_15_reload_read' <Predicate = true> <Delay = 0.00>
ST_1 : Operation 16 [1/1] (0.00ns)   --->   "%buf_13_reload_read = read i8 @_ssdm_op_Read.ap_auto.i8, i8 %buf_13_reload"   --->   Operation 16 'read' 'buf_13_reload_read' <Predicate = true> <Delay = 0.00>
ST_1 : Operation 17 [1/1] (0.00ns)   --->   "%buf_11_reload_read = read i8 @_ssdm_op_Read.ap_auto.i8, i8 %buf_11_reload"   --->   Operation 17 'read' 'buf_11_reload_read' <Predicate = true> <Delay = 0.00>
ST_1 : Operation 18 [1/1] (0.00ns)   --->   "%buf_9_reload_read = read i8 @_ssdm_op_Read.ap_auto.i8, i8 %buf_9_reload"   --->   Operation 18 'read' 'buf_9_reload_read' <Predicate = true> <Delay = 0.00>
ST_1 : Operation 19 [1/1] (0.00ns)   --->   "%buf_7_reload_read = read i8 @_ssdm_op_Read.ap_auto.i8, i8 %buf_7_reload"   --->   Operation 19 'read' 'buf_7_reload_read' <Predicate = true> <Delay = 0.00>
ST_1 : Operation 20 [1/1] (0.00ns)   --->   "%buf_5_reload_read = read i8 @_ssdm_op_Read.ap_auto.i8, i8 %buf_5_reload"   --->   Operation 20 'read' 'buf_5_reload_read' <Predicate = true> <Delay = 0.00>
ST_1 : Operation 21 [1/1] (0.00ns)   --->   "%buf_3_reload_read = read i8 @_ssdm_op_Read.ap_auto.i8, i8 %buf_3_reload"   --->   Operation 21 'read' 'buf_3_reload_read' <Predicate = true> <Delay = 0.00>
ST_1 : Operation 22 [1/1] (0.00ns)   --->   "%buf_reload_read = read i8 @_ssdm_op_Read.ap_auto.i8, i8 %buf_reload"   --->   Operation 22 'read' 'buf_reload_read' <Predicate = true> <Delay = 0.00>
ST_1 : Operation 23 [1/1] (0.00ns)   --->   "%sext_ln100_cast = sext i8 %sext_ln100_read"   --->   Operation 23 'sext' 'sext_ln100_cast' <Predicate = true> <Delay = 0.00>
ST_1 : Operation 24 [1/1] (0.00ns)   --->   "%specinterface_ln0 = specinterface void @_ssdm_op_SpecInterface, i16 %s_norm1_out, void @empty_7, i32 0, i32 0, void @empty_9, i32 0, i32 0, void @empty_9, void @empty_9, void @empty_9, i32 0, i32 0, i32 0, i32 0, void @empty_9, void @empty_9, i32 4294967295, i32 0, i32 0, i32 0"   --->   Operation 24 'specinterface' 'specinterface_ln0' <Predicate = true> <Delay = 0.00>
ST_1 : Operation 25 [1/1] (1.29ns)   --->   "%store_ln109 = store i4 0, i4 %i_2" [main.cpp:109]   --->   Operation 25 'store' 'store_ln109' <Predicate = true> <Delay = 1.29>
ST_1 : Operation 26 [1/1] (0.00ns)   --->   "%br_ln0 = br void %VITIS_LOOP_112_4"   --->   Operation 26 'br' 'br_ln0' <Predicate = true> <Delay = 0.00>
ST_1 : Operation 27 [1/1] (0.00ns)   --->   "%i = load i4 %i_2" [main.cpp:109]   --->   Operation 27 'load' 'i' <Predicate = true> <Delay = 0.00>
ST_1 : Operation 28 [1/1] (1.56ns)   --->   "%icmp_ln109 = icmp_eq  i4 %i, i4 8" [main.cpp:109]   --->   Operation 28 'icmp' 'icmp_ln109' <Predicate = true> <Delay = 1.56> <CoreInst = "Cmp">   --->   Core 9 'Cmp' <Latency = 0> <II = 1> <Delay = 1.58> <FuncUnit> <Opcode : 'seteq' 'setne' 'setle' 'setge' 'setlt' 'setgt'> <InPorts = 2> <OutPorts = 1>
ST_1 : Operation 29 [1/1] (1.56ns)   --->   "%add_ln109 = add i4 %i, i4 1" [main.cpp:109]   --->   Operation 29 'add' 'add_ln109' <Predicate = true> <Delay = 1.56> <CoreInst = "Adder">   --->   Core 1 'Adder' <Latency = 0> <II = 1> <Delay = 1.56> <FuncUnit> <Opcode : 'add' 'sub'> <InPorts = 2> <OutPorts = 1>
ST_1 : Operation 30 [1/1] (0.00ns)   --->   "%br_ln109 = br i1 %icmp_ln109, void %VITIS_LOOP_112_4.split, void %for.end51.exitStub" [main.cpp:109]   --->   Operation 30 'br' 'br_ln109' <Predicate = true> <Delay = 0.00>
ST_1 : Operation 31 [1/1] (0.00ns)   --->   "%trunc_ln109 = trunc i4 %i" [main.cpp:109]   --->   Operation 31 'trunc' 'trunc_ln109' <Predicate = (!icmp_ln109)> <Delay = 0.00>
ST_1 : Operation 32 [1/1] (1.83ns)   --->   "%x = sparsemux i8 @_ssdm_op_SparseMux.ap_auto.8i8.i8.i3, i3 0, i8 %buf_reload_read, i3 1, i8 %buf_3_reload_read, i3 2, i8 %buf_5_reload_read, i3 3, i8 %buf_7_reload_read, i3 4, i8 %buf_9_reload_read, i3 5, i8 %buf_11_reload_read, i3 6, i8 %buf_13_reload_read, i3 7, i8 %buf_15_reload_read, i8 0, i3 %trunc_ln109" [main.cpp:114]   --->   Operation 32 'sparsemux' 'x' <Predicate = (!icmp_ln109)> <Delay = 1.83> <CoreInst = "BinarySparseMux_DontCare">   --->   Core 137 'BinarySparseMux_DontCare' <Latency = 0> <II = 1> <Delay = 1.83> <FuncUnit> <Opcode : 'sparsemux'> <InPorts = 2> <OutPorts = 1>
ST_1 : Operation 33 [1/1] (0.00ns)   --->   "%sext_ln115 = sext i8 %x" [main.cpp:115]   --->   Operation 33 'sext' 'sext_ln115' <Predicate = (!icmp_ln109)> <Delay = 0.00>
ST_1 : Operation 34 [1/1] (1.63ns)   --->   "%diff = sub i9 %sext_ln115, i9 %sext_ln100_cast" [main.cpp:115]   --->   Operation 34 'sub' 'diff' <Predicate = (!icmp_ln109)> <Delay = 1.63> <CoreInst = "Adder">   --->   Core 1 'Adder' <Latency = 0> <II = 1> <Delay = 1.65> <FuncUnit> <Opcode : 'add' 'sub'> <InPorts = 2> <OutPorts = 1>
ST_1 : Operation 35 [1/1] (0.00ns)   --->   "%tmp = partselect i7 @_ssdm_op_PartSelect.i7.i9.i32.i32, i9 %diff, i32 2, i32 8" [main.cpp:118]   --->   Operation 35 'partselect' 'tmp' <Predicate = (!icmp_ln109)> <Delay = 0.00>
ST_1 : Operation 36 [1/1] (1.83ns)   --->   "%x_2 = sparsemux i8 @_ssdm_op_SparseMux.ap_auto.8i8.i8.i3, i3 0, i8 %buf_2_reload_read, i3 1, i8 %buf_4_reload_read, i3 2, i8 %buf_6_reload_read, i3 3, i8 %buf_8_reload_read, i3 4, i8 %buf_10_reload_read, i3 5, i8 %buf_12_reload_read, i3 6, i8 %buf_14_reload_read, i3 7, i8 %buf_16_reload_read, i8 0, i3 %trunc_ln109" [main.cpp:114]   --->   Operation 36 'sparsemux' 'x_2' <Predicate = (!icmp_ln109)> <Delay = 1.83> <CoreInst = "BinarySparseMux_DontCare">   --->   Core 137 'BinarySparseMux_DontCare' <Latency = 0> <II = 1> <Delay = 1.83> <FuncUnit> <Opcode : 'sparsemux'> <InPorts = 2> <OutPorts = 1>
ST_1 : Operation 37 [1/1] (0.00ns)   --->   "%sext_ln115_2 = sext i8 %x_2" [main.cpp:115]   --->   Operation 37 'sext' 'sext_ln115_2' <Predicate = (!icmp_ln109)> <Delay = 0.00>
ST_1 : Operation 38 [1/1] (1.63ns)   --->   "%diff_61 = sub i9 %sext_ln115_2, i9 %sext_ln100_cast" [main.cpp:115]   --->   Operation 38 'sub' 'diff_61' <Predicate = (!icmp_ln109)> <Delay = 1.63> <CoreInst = "Adder">   --->   Core 1 'Adder' <Latency = 0> <II = 1> <Delay = 1.65> <FuncUnit> <Opcode : 'add' 'sub'> <InPorts = 2> <OutPorts = 1>
ST_1 : Operation 39 [1/1] (0.00ns)   --->   "%tmp_4 = partselect i7 @_ssdm_op_PartSelect.i7.i9.i32.i32, i9 %diff_61, i32 2, i32 8" [main.cpp:118]   --->   Operation 39 'partselect' 'tmp_4' <Predicate = (!icmp_ln109)> <Delay = 0.00>
ST_1 : Operation 40 [1/1] (1.29ns)   --->   "%store_ln109 = store i4 %add_ln109, i4 %i_2" [main.cpp:109]   --->   Operation 40 'store' 'store_ln109' <Predicate = (!icmp_ln109)> <Delay = 1.29>
ST_1 : Operation 49 [1/1] (1.29ns)   --->   "%ret_ln0 = ret"   --->   Operation 49 'ret' 'ret_ln0' <Predicate = (icmp_ln109)> <Delay = 1.29>

State 2 <SV = 1> <Delay = 3.47>
ST_2 : Operation 41 [1/1] (0.00ns)   --->   "%specpipeline_ln110 = specpipeline void @_ssdm_op_SpecPipeline, i32 1, i32 0, i32 0, i32 0, i32 4294967295, void @empty_9" [main.cpp:110]   --->   Operation 41 'specpipeline' 'specpipeline_ln110' <Predicate = true> <Delay = 0.00>
ST_2 : Operation 42 [1/1] (0.00ns)   --->   "%speclooptripcount_ln109 = speclooptripcount void @_ssdm_op_SpecLoopTripCount, i64 8, i64 8, i64 8" [main.cpp:109]   --->   Operation 42 'speclooptripcount' 'speclooptripcount_ln109' <Predicate = true> <Delay = 0.00>
ST_2 : Operation 43 [1/1] (0.00ns)   --->   "%specloopname_ln109 = specloopname void @_ssdm_op_SpecLoopName, void @empty_6" [main.cpp:109]   --->   Operation 43 'specloopname' 'specloopname_ln109' <Predicate = true> <Delay = 0.00>
ST_2 : Operation 44 [1/1] (0.00ns)   --->   "%elems = sext i7 %tmp" [main.cpp:118]   --->   Operation 44 'sext' 'elems' <Predicate = true> <Delay = 0.00>
ST_2 : Operation 45 [1/1] (0.00ns)   --->   "%tmp_5 = bitconcatenate i15 @_ssdm_op_BitConcatenate.i15.i7.i8, i7 %tmp_4, i8 %elems" [main.cpp:41->main.cpp:120]   --->   Operation 45 'bitconcatenate' 'tmp_5' <Predicate = true> <Delay = 0.00>
ST_2 : Operation 46 [1/1] (0.00ns)   --->   "%b = sext i15 %tmp_5" [main.cpp:41->main.cpp:120]   --->   Operation 46 'sext' 'b' <Predicate = true> <Delay = 0.00>
ST_2 : Operation 47 [1/1] ( I:3.47ns O:3.47ns )   --->   "%write_ln120 = write void @_ssdm_op_Write.ap_fifo.volatile.i16P0A, i16 %s_norm1_out, i16 %b" [main.cpp:120]   --->   Operation 47 'write' 'write_ln120' <Predicate = true> <Delay = 3.47> <CoreInst = "FIFO_SRL">   --->   Core 80 'FIFO_SRL' <Latency = 0> <II = 1> <Delay = 3.47> <Storage> <Opcode : 'read' 'write' 'nbread' 'nbwrite'> <Ports = 0> <Width = 16> <Depth = 2> <FIFO>
ST_2 : Operation 48 [1/1] (0.00ns)   --->   "%br_ln109 = br void %VITIS_LOOP_112_4" [main.cpp:109]   --->   Operation 48 'br' 'br_ln109' <Predicate = true> <Delay = 0.00>


============================================================
+ Verbose Summary: Binding
============================================================
STG Binding: 
---------------- STG Properties BEGIN ----------------
- Is combinational: 0
- Is one-state seq: 0
- Is datapath-only: 0
- Is pipelined: 0
- Is top level: 0
Port [ Return ] is wired: 1; IO mode=ap_ctrl_hs:ce=0
Port [ buf_reload]:  wired=1; compound=0; hidden=0; nouse=0; global=0; static=0; extern=0; dir=0; type=0; pingpong=0; private_global=0; IO mode=ap_none:ce=0
Port [ buf_3_reload]:  wired=1; compound=0; hidden=0; nouse=0; global=0; static=0; extern=0; dir=0; type=0; pingpong=0; private_global=0; IO mode=ap_none:ce=0
Port [ buf_5_reload]:  wired=1; compound=0; hidden=0; nouse=0; global=0; static=0; extern=0; dir=0; type=0; pingpong=0; private_global=0; IO mode=ap_none:ce=0
Port [ buf_7_reload]:  wired=1; compound=0; hidden=0; nouse=0; global=0; static=0; extern=0; dir=0; type=0; pingpong=0; private_global=0; IO mode=ap_none:ce=0
Port [ buf_9_reload]:  wired=1; compound=0; hidden=0; nouse=0; global=0; static=0; extern=0; dir=0; type=0; pingpong=0; private_global=0; IO mode=ap_none:ce=0
Port [ buf_11_reload]:  wired=1; compound=0; hidden=0; nouse=0; global=0; static=0; extern=0; dir=0; type=0; pingpong=0; private_global=0; IO mode=ap_none:ce=0
Port [ buf_13_reload]:  wired=1; compound=0; hidden=0; nouse=0; global=0; static=0; extern=0; dir=0; type=0; pingpong=0; private_global=0; IO mode=ap_none:ce=0
Port [ buf_15_reload]:  wired=1; compound=0; hidden=0; nouse=0; global=0; static=0; extern=0; dir=0; type=0; pingpong=0; private_global=0; IO mode=ap_none:ce=0
Port [ sext_ln100]:  wired=1; compound=0; hidden=0; nouse=0; global=0; static=0; extern=0; dir=0; type=0; pingpong=0; private_global=0; IO mode=ap_none:ce=0
Port [ buf_2_reload]:  wired=1; compound=0; hidden=0; nouse=0; global=0; static=0; extern=0; dir=0; type=0; pingpong=0; private_global=0; IO mode=ap_none:ce=0
Port [ buf_4_reload]:  wired=1; compound=0; hidden=0; nouse=0; global=0; static=0; extern=0; dir=0; type=0; pingpong=0; private_global=0; IO mode=ap_none:ce=0
Port [ buf_6_reload]:  wired=1; compound=0; hidden=0; nouse=0; global=0; static=0; extern=0; dir=0; type=0; pingpong=0; private_global=0; IO mode=ap_none:ce=0
Port [ buf_8_reload]:  wired=1; compound=0; hidden=0; nouse=0; global=0; static=0; extern=0; dir=0; type=0; pingpong=0; private_global=0; IO mode=ap_none:ce=0
Port [ buf_10_reload]:  wired=1; compound=0; hidden=0; nouse=0; global=0; static=0; extern=0; dir=0; type=0; pingpong=0; private_global=0; IO mode=ap_none:ce=0
Port [ buf_12_reload]:  wired=1; compound=0; hidden=0; nouse=0; global=0; static=0; extern=0; dir=0; type=0; pingpong=0; private_global=0; IO mode=ap_none:ce=0
Port [ buf_14_reload]:  wired=1; compound=0; hidden=0; nouse=0; global=0; static=0; extern=0; dir=0; type=0; pingpong=0; private_global=0; IO mode=ap_none:ce=0
Port [ buf_16_reload]:  wired=1; compound=0; hidden=0; nouse=0; global=0; static=0; extern=0; dir=0; type=0; pingpong=0; private_global=0; IO mode=ap_none:ce=0
Port [ s_norm1_out]:  wired=1; compound=1; hidden=0; nouse=0; global=0; static=0; extern=0; dir=1; type=3; pingpong=0; private_global=0; IO mode=ap_fifo:ce=0
---------------- STG Properties END ------------------

---------------- Datapath Model BEGIN ----------------

<LifeTime>
<method=bitvector/>
i_2                     (alloca           ) [ 010]
buf_16_reload_read      (read             ) [ 000]
buf_14_reload_read      (read             ) [ 000]
buf_12_reload_read      (read             ) [ 000]
buf_10_reload_read      (read             ) [ 000]
buf_8_reload_read       (read             ) [ 000]
buf_6_reload_read       (read             ) [ 000]
buf_4_reload_read       (read             ) [ 000]
buf_2_reload_read       (read             ) [ 000]
sext_ln100_read         (read             ) [ 000]
buf_15_reload_read      (read             ) [ 000]
buf_13_reload_read      (read             ) [ 000]
buf_11_reload_read      (read             ) [ 000]
buf_9_reload_read       (read             ) [ 000]
buf_7_reload_read       (read             ) [ 000]
buf_5_reload_read       (read             ) [ 000]
buf_3_reload_read       (read             ) [ 000]
buf_reload_read         (read             ) [ 000]
sext_ln100_cast         (sext             ) [ 000]
specinterface_ln0       (specinterface    ) [ 000]
store_ln109             (store            ) [ 000]
br_ln0                  (br               ) [ 000]
i                       (load             ) [ 000]
icmp_ln109              (icmp             ) [ 010]
add_ln109               (add              ) [ 000]
br_ln109                (br               ) [ 000]
trunc_ln109             (trunc            ) [ 000]
x                       (sparsemux        ) [ 000]
sext_ln115              (sext             ) [ 000]
diff                    (sub              ) [ 000]
tmp                     (partselect       ) [ 011]
x_2                     (sparsemux        ) [ 000]
sext_ln115_2            (sext             ) [ 000]
diff_61                 (sub              ) [ 000]
tmp_4                   (partselect       ) [ 011]
store_ln109             (store            ) [ 000]
specpipeline_ln110      (specpipeline     ) [ 000]
speclooptripcount_ln109 (speclooptripcount) [ 000]
specloopname_ln109      (specloopname     ) [ 000]
elems                   (sext             ) [ 000]
tmp_5                   (bitconcatenate   ) [ 000]
b                       (sext             ) [ 000]
write_ln120             (write            ) [ 000]
br_ln109                (br               ) [ 000]
ret_ln0                 (ret              ) [ 000]
</LifeTime>

<model>

<comp_list>
<comp id="0" class="1000" name="buf_reload">
<pin_list>
<pin id="1" dir="1" index="0" bw="1" slack="0"/>
</pin_list>
<bind>
<StgValue><ssdm name="buf_reload"/></StgValue>
</bind>
</comp>

<comp id="2" class="1000" name="buf_3_reload">
<pin_list>
<pin id="3" dir="1" index="0" bw="1" slack="0"/>
</pin_list>
<bind>
<StgValue><ssdm name="buf_3_reload"/></StgValue>
</bind>
</comp>

<comp id="4" class="1000" name="buf_5_reload">
<pin_list>
<pin id="5" dir="1" index="0" bw="1" slack="0"/>
</pin_list>
<bind>
<StgValue><ssdm name="buf_5_reload"/></StgValue>
</bind>
</comp>

<comp id="6" class="1000" name="buf_7_reload">
<pin_list>
<pin id="7" dir="1" index="0" bw="1" slack="0"/>
</pin_list>
<bind>
<StgValue><ssdm name="buf_7_reload"/></StgValue>
</bind>
</comp>

<comp id="8" class="1000" name="buf_9_reload">
<pin_list>
<pin id="9" dir="1" index="0" bw="1" slack="0"/>
</pin_list>
<bind>
<StgValue><ssdm name="buf_9_reload"/></StgValue>
</bind>
</comp>

<comp id="10" class="1000" name="buf_11_reload">
<pin_list>
<pin id="11" dir="1" index="0" bw="1" slack="0"/>
</pin_list>
<bind>
<StgValue><ssdm name="buf_11_reload"/></StgValue>
</bind>
</comp>

<comp id="12" class="1000" name="buf_13_reload">
<pin_list>
<pin id="13" dir="1" index="0" bw="1" slack="0"/>
</pin_list>
<bind>
<StgValue><ssdm name="buf_13_reload"/></StgValue>
</bind>
</comp>

<comp id="14" class="1000" name="buf_15_reload">
<pin_list>
<pin id="15" dir="1" index="0" bw="1" slack="0"/>
</pin_list>
<bind>
<StgValue><ssdm name="buf_15_reload"/></StgValue>
</bind>
</comp>

<comp id="16" class="1000" name="sext_ln100">
<pin_list>
<pin id="17" dir="1" index="0" bw="1" slack="0"/>
</pin_list>
<bind>
<StgValue><ssdm name="sext_ln100"/></StgValue>
</bind>
</comp>

<comp id="18" class="1000" name="buf_2_reload">
<pin_list>
<pin id="19" dir="1" index="0" bw="1" slack="0"/>
</pin_list>
<bind>
<StgValue><ssdm name="buf_2_reload"/></StgValue>
</bind>
</comp>

<comp id="20" class="1000" name="buf_4_reload">
<pin_list>
<pin id="21" dir="1" index="0" bw="1" slack="0"/>
</pin_list>
<bind>
<StgValue><ssdm name="buf_4_reload"/></StgValue>
</bind>
</comp>

<comp id="22" class="1000" name="buf_6_reload">
<pin_list>
<pin id="23" dir="1" index="0" bw="1" slack="0"/>
</pin_list>
<bind>
<StgValue><ssdm name="buf_6_reload"/></StgValue>
</bind>
</comp>

<comp id="24" class="1000" name="buf_8_reload">
<pin_list>
<pin id="25" dir="1" index="0" bw="1" slack="0"/>
</pin_list>
<bind>
<StgValue><ssdm name="buf_8_reload"/></StgValue>
</bind>
</comp>

<comp id="26" class="1000" name="buf_10_reload">
<pin_list>
<pin id="27" dir="1" index="0" bw="1" slack="0"/>
</pin_list>
<bind>
<StgValue><ssdm name="buf_10_reload"/></StgValue>
</bind>
</comp>

<comp id="28" class="1000" name="buf_12_reload">
<pin_list>
<pin id="29" dir="1" index="0" bw="1" slack="0"/>
</pin_list>
<bind>
<StgValue><ssdm name="buf_12_reload"/></StgValue>
</bind>
</comp>

<comp id="30" class="1000" name="buf_14_reload">
<pin_list>
<pin id="31" dir="1" index="0" bw="1" slack="0"/>
</pin_list>
<bind>
<StgValue><ssdm name="buf_14_reload"/></StgValue>
</bind>
</comp>

<comp id="32" class="1000" name="buf_16_reload">
<pin_list>
<pin id="33" dir="1" index="0" bw="1" slack="0"/>
</pin_list>
<bind>
<StgValue><ssdm name="buf_16_reload"/></StgValue>
</bind>
</comp>

<comp id="34" class="1000" name="s_norm1_out">
<pin_list>
<pin id="35" dir="1" index="0" bw="1" slack="0"/>
</pin_list>
<bind>
<StgValue><ssdm name="s_norm1_out"/></StgValue>
</bind>
</comp>

<comp id="36" class="1001" name="const_36">
<pin_list>
<pin id="37" dir="1" index="0" bw="1" slack="0"/>
</pin_list>
<bind>
<StgValue><ssdm name=""/></StgValue>
</bind>
</comp>

<comp id="38" class="1001" name="const_38">
<pin_list>
<pin id="39" dir="1" index="0" bw="1" slack="0"/>
</pin_list>
<bind>
<StgValue><ssdm name="_ssdm_op_Read.ap_auto.i8"/></StgValue>
</bind>
</comp>

<comp id="40" class="1001" name="const_40">
<pin_list>
<pin id="41" dir="1" index="0" bw="1" slack="2147483647"/>
</pin_list>
<bind>
<StgValue><ssdm name="_ssdm_op_SpecInterface"/></StgValue>
</bind>
</comp>

<comp id="42" class="1001" name="const_42">
<pin_list>
<pin id="43" dir="1" index="0" bw="1" slack="2147483647"/>
</pin_list>
<bind>
<StgValue><ssdm name="empty_7"/></StgValue>
</bind>
</comp>

<comp id="44" class="1001" name="const_44">
<pin_list>
<pin id="45" dir="1" index="0" bw="1" slack="2147483647"/>
</pin_list>
<bind>
<StgValue><ssdm name=""/></StgValue>
</bind>
</comp>

<comp id="46" class="1001" name="const_46">
<pin_list>
<pin id="47" dir="1" index="0" bw="1" slack="2147483647"/>
</pin_list>
<bind>
<StgValue><ssdm name="empty_9"/></StgValue>
</bind>
</comp>

<comp id="48" class="1001" name="const_48">
<pin_list>
<pin id="49" dir="1" index="0" bw="1" slack="2147483647"/>
</pin_list>
<bind>
<StgValue><ssdm name=""/></StgValue>
</bind>
</comp>

<comp id="50" class="1001" name="const_50">
<pin_list>
<pin id="51" dir="1" index="0" bw="1" slack="0"/>
</pin_list>
<bind>
<StgValue><ssdm name=""/></StgValue>
</bind>
</comp>

<comp id="52" class="1001" name="const_52">
<pin_list>
<pin id="53" dir="1" index="0" bw="1" slack="0"/>
</pin_list>
<bind>
<StgValue><ssdm name=""/></StgValue>
</bind>
</comp>

<comp id="54" class="1001" name="const_54">
<pin_list>
<pin id="55" dir="1" index="0" bw="1" slack="0"/>
</pin_list>
<bind>
<StgValue><ssdm name=""/></StgValue>
</bind>
</comp>

<comp id="56" class="1001" name="const_56">
<pin_list>
<pin id="57" dir="1" index="0" bw="1" slack="0"/>
</pin_list>
<bind>
<StgValue><ssdm name="_ssdm_op_SparseMux.ap_auto.8i8.i8.i3"/></StgValue>
</bind>
</comp>

<comp id="58" class="1001" name="const_58">
<pin_list>
<pin id="59" dir="1" index="0" bw="1" slack="0"/>
</pin_list>
<bind>
<StgValue><ssdm name=""/></StgValue>
</bind>
</comp>

<comp id="60" class="1001" name="const_60">
<pin_list>
<pin id="61" dir="1" index="0" bw="1" slack="0"/>
</pin_list>
<bind>
<StgValue><ssdm name=""/></StgValue>
</bind>
</comp>

<comp id="62" class="1001" name="const_62">
<pin_list>
<pin id="63" dir="1" index="0" bw="1" slack="0"/>
</pin_list>
<bind>
<StgValue><ssdm name=""/></StgValue>
</bind>
</comp>

<comp id="64" class="1001" name="const_64">
<pin_list>
<pin id="65" dir="1" index="0" bw="1" slack="0"/>
</pin_list>
<bind>
<StgValue><ssdm name=""/></StgValue>
</bind>
</comp>

<comp id="66" class="1001" name="const_66">
<pin_list>
<pin id="67" dir="1" index="0" bw="1" slack="0"/>
</pin_list>
<bind>
<StgValue><ssdm name=""/></StgValue>
</bind>
</comp>

<comp id="68" class="1001" name="const_68">
<pin_list>
<pin id="69" dir="1" index="0" bw="1" slack="0"/>
</pin_list>
<bind>
<StgValue><ssdm name=""/></StgValue>
</bind>
</comp>

<comp id="70" class="1001" name="const_70">
<pin_list>
<pin id="71" dir="1" index="0" bw="1" slack="0"/>
</pin_list>
<bind>
<StgValue><ssdm name=""/></StgValue>
</bind>
</comp>

<comp id="72" class="1001" name="const_72">
<pin_list>
<pin id="73" dir="1" index="0" bw="1" slack="0"/>
</pin_list>
<bind>
<StgValue><ssdm name=""/></StgValue>
</bind>
</comp>

<comp id="74" class="1001" name="const_74">
<pin_list>
<pin id="75" dir="1" index="0" bw="1" slack="0"/>
</pin_list>
<bind>
<StgValue><ssdm name=""/></StgValue>
</bind>
</comp>

<comp id="76" class="1001" name="const_76">
<pin_list>
<pin id="77" dir="1" index="0" bw="1" slack="0"/>
</pin_list>
<bind>
<StgValue><ssdm name="_ssdm_op_PartSelect.i7.i9.i32.i32"/></StgValue>
</bind>
</comp>

<comp id="78" class="1001" name="const_78">
<pin_list>
<pin id="79" dir="1" index="0" bw="1" slack="0"/>
</pin_list>
<bind>
<StgValue><ssdm name=""/></StgValue>
</bind>
</comp>

<comp id="80" class="1001" name="const_80">
<pin_list>
<pin id="81" dir="1" index="0" bw="1" slack="0"/>
</pin_list>
<bind>
<StgValue><ssdm name=""/></StgValue>
</bind>
</comp>

<comp id="82" class="1001" name="const_82">
<pin_list>
<pin id="83" dir="1" index="0" bw="1" slack="2147483647"/>
</pin_list>
<bind>
<StgValue><ssdm name="_ssdm_op_SpecPipeline"/></StgValue>
</bind>
</comp>

<comp id="84" class="1001" name="const_84">
<pin_list>
<pin id="85" dir="1" index="0" bw="1" slack="2147483647"/>
</pin_list>
<bind>
<StgValue><ssdm name="_ssdm_op_SpecLoopTripCount"/></StgValue>
</bind>
</comp>

<comp id="86" class="1001" name="const_86">
<pin_list>
<pin id="87" dir="1" index="0" bw="1" slack="2147483647"/>
</pin_list>
<bind>
<StgValue><ssdm name=""/></StgValue>
</bind>
</comp>

<comp id="88" class="1001" name="const_88">
<pin_list>
<pin id="89" dir="1" index="0" bw="1" slack="2147483647"/>
</pin_list>
<bind>
<StgValue><ssdm name="_ssdm_op_SpecLoopName"/></StgValue>
</bind>
</comp>

<comp id="90" class="1001" name="const_90">
<pin_list>
<pin id="91" dir="1" index="0" bw="1" slack="2147483647"/>
</pin_list>
<bind>
<StgValue><ssdm name="empty_6"/></StgValue>
</bind>
</comp>

<comp id="92" class="1001" name="const_92">
<pin_list>
<pin id="93" dir="1" index="0" bw="1" slack="0"/>
</pin_list>
<bind>
<StgValue><ssdm name="_ssdm_op_BitConcatenate.i15.i7.i8"/></StgValue>
</bind>
</comp>

<comp id="94" class="1001" name="const_94">
<pin_list>
<pin id="95" dir="1" index="0" bw="1" slack="0"/>
</pin_list>
<bind>
<StgValue><ssdm name="_ssdm_op_Write.ap_fifo.volatile.i16P0A"/></StgValue>
</bind>
</comp>

<comp id="96" class="1004" name="i_2_fu_96">
<pin_list>
<pin id="97" dir="0" index="0" bw="1" slack="0"/>
<pin id="98" dir="1" index="1" bw="4" slack="0"/>
</pin_list>
<bind>
<opcode="alloca(26) " fcode="alloca"/>
<opset="i_2/1 "/>
</bind>
</comp>

<comp id="100" class="1004" name="buf_16_reload_read_read_fu_100">
<pin_list>
<pin id="101" dir="0" index="0" bw="8" slack="0"/>
<pin id="102" dir="0" index="1" bw="8" slack="0"/>
<pin id="103" dir="1" index="2" bw="8" slack="0"/>
</pin_list>
<bind>
<opcode="read(1150) " fcode="read"/>
<opset="buf_16_reload_read/1 "/>
</bind>
</comp>

<comp id="106" class="1004" name="buf_14_reload_read_read_fu_106">
<pin_list>
<pin id="107" dir="0" index="0" bw="8" slack="0"/>
<pin id="108" dir="0" index="1" bw="8" slack="0"/>
<pin id="109" dir="1" index="2" bw="8" slack="0"/>
</pin_list>
<bind>
<opcode="read(1150) " fcode="read"/>
<opset="buf_14_reload_read/1 "/>
</bind>
</comp>

<comp id="112" class="1004" name="buf_12_reload_read_read_fu_112">
<pin_list>
<pin id="113" dir="0" index="0" bw="8" slack="0"/>
<pin id="114" dir="0" index="1" bw="8" slack="0"/>
<pin id="115" dir="1" index="2" bw="8" slack="0"/>
</pin_list>
<bind>
<opcode="read(1150) " fcode="read"/>
<opset="buf_12_reload_read/1 "/>
</bind>
</comp>

<comp id="118" class="1004" name="buf_10_reload_read_read_fu_118">
<pin_list>
<pin id="119" dir="0" index="0" bw="8" slack="0"/>
<pin id="120" dir="0" index="1" bw="8" slack="0"/>
<pin id="121" dir="1" index="2" bw="8" slack="0"/>
</pin_list>
<bind>
<opcode="read(1150) " fcode="read"/>
<opset="buf_10_reload_read/1 "/>
</bind>
</comp>

<comp id="124" class="1004" name="buf_8_reload_read_read_fu_124">
<pin_list>
<pin id="125" dir="0" index="0" bw="8" slack="0"/>
<pin id="126" dir="0" index="1" bw="8" slack="0"/>
<pin id="127" dir="1" index="2" bw="8" slack="0"/>
</pin_list>
<bind>
<opcode="read(1150) " fcode="read"/>
<opset="buf_8_reload_read/1 "/>
</bind>
</comp>

<comp id="130" class="1004" name="buf_6_reload_read_read_fu_130">
<pin_list>
<pin id="131" dir="0" index="0" bw="8" slack="0"/>
<pin id="132" dir="0" index="1" bw="8" slack="0"/>
<pin id="133" dir="1" index="2" bw="8" slack="0"/>
</pin_list>
<bind>
<opcode="read(1150) " fcode="read"/>
<opset="buf_6_reload_read/1 "/>
</bind>
</comp>

<comp id="136" class="1004" name="buf_4_reload_read_read_fu_136">
<pin_list>
<pin id="137" dir="0" index="0" bw="8" slack="0"/>
<pin id="138" dir="0" index="1" bw="8" slack="0"/>
<pin id="139" dir="1" index="2" bw="8" slack="0"/>
</pin_list>
<bind>
<opcode="read(1150) " fcode="read"/>
<opset="buf_4_reload_read/1 "/>
</bind>
</comp>

<comp id="142" class="1004" name="buf_2_reload_read_read_fu_142">
<pin_list>
<pin id="143" dir="0" index="0" bw="8" slack="0"/>
<pin id="144" dir="0" index="1" bw="8" slack="0"/>
<pin id="145" dir="1" index="2" bw="8" slack="0"/>
</pin_list>
<bind>
<opcode="read(1150) " fcode="read"/>
<opset="buf_2_reload_read/1 "/>
</bind>
</comp>

<comp id="148" class="1004" name="sext_ln100_read_read_fu_148">
<pin_list>
<pin id="149" dir="0" index="0" bw="8" slack="0"/>
<pin id="150" dir="0" index="1" bw="8" slack="0"/>
<pin id="151" dir="1" index="2" bw="8" slack="0"/>
</pin_list>
<bind>
<opcode="read(1150) " fcode="read"/>
<opset="sext_ln100_read/1 "/>
</bind>
</comp>

<comp id="154" class="1004" name="buf_15_reload_read_read_fu_154">
<pin_list>
<pin id="155" dir="0" index="0" bw="8" slack="0"/>
<pin id="156" dir="0" index="1" bw="8" slack="0"/>
<pin id="157" dir="1" index="2" bw="8" slack="0"/>
</pin_list>
<bind>
<opcode="read(1150) " fcode="read"/>
<opset="buf_15_reload_read/1 "/>
</bind>
</comp>

<comp id="160" class="1004" name="buf_13_reload_read_read_fu_160">
<pin_list>
<pin id="161" dir="0" index="0" bw="8" slack="0"/>
<pin id="162" dir="0" index="1" bw="8" slack="0"/>
<pin id="163" dir="1" index="2" bw="8" slack="0"/>
</pin_list>
<bind>
<opcode="read(1150) " fcode="read"/>
<opset="buf_13_reload_read/1 "/>
</bind>
</comp>

<comp id="166" class="1004" name="buf_11_reload_read_read_fu_166">
<pin_list>
<pin id="167" dir="0" index="0" bw="8" slack="0"/>
<pin id="168" dir="0" index="1" bw="8" slack="0"/>
<pin id="169" dir="1" index="2" bw="8" slack="0"/>
</pin_list>
<bind>
<opcode="read(1150) " fcode="read"/>
<opset="buf_11_reload_read/1 "/>
</bind>
</comp>

<comp id="172" class="1004" name="buf_9_reload_read_read_fu_172">
<pin_list>
<pin id="173" dir="0" index="0" bw="8" slack="0"/>
<pin id="174" dir="0" index="1" bw="8" slack="0"/>
<pin id="175" dir="1" index="2" bw="8" slack="0"/>
</pin_list>
<bind>
<opcode="read(1150) " fcode="read"/>
<opset="buf_9_reload_read/1 "/>
</bind>
</comp>

<comp id="178" class="1004" name="buf_7_reload_read_read_fu_178">
<pin_list>
<pin id="179" dir="0" index="0" bw="8" slack="0"/>
<pin id="180" dir="0" index="1" bw="8" slack="0"/>
<pin id="181" dir="1" index="2" bw="8" slack="0"/>
</pin_list>
<bind>
<opcode="read(1150) " fcode="read"/>
<opset="buf_7_reload_read/1 "/>
</bind>
</comp>

<comp id="184" class="1004" name="buf_5_reload_read_read_fu_184">
<pin_list>
<pin id="185" dir="0" index="0" bw="8" slack="0"/>
<pin id="186" dir="0" index="1" bw="8" slack="0"/>
<pin id="187" dir="1" index="2" bw="8" slack="0"/>
</pin_list>
<bind>
<opcode="read(1150) " fcode="read"/>
<opset="buf_5_reload_read/1 "/>
</bind>
</comp>

<comp id="190" class="1004" name="buf_3_reload_read_read_fu_190">
<pin_list>
<pin id="191" dir="0" index="0" bw="8" slack="0"/>
<pin id="192" dir="0" index="1" bw="8" slack="0"/>
<pin id="193" dir="1" index="2" bw="8" slack="0"/>
</pin_list>
<bind>
<opcode="read(1150) " fcode="read"/>
<opset="buf_3_reload_read/1 "/>
</bind>
</comp>

<comp id="196" class="1004" name="buf_reload_read_read_fu_196">
<pin_list>
<pin id="197" dir="0" index="0" bw="8" slack="0"/>
<pin id="198" dir="0" index="1" bw="8" slack="0"/>
<pin id="199" dir="1" index="2" bw="8" slack="0"/>
</pin_list>
<bind>
<opcode="read(1150) " fcode="read"/>
<opset="buf_reload_read/1 "/>
</bind>
</comp>

<comp id="202" class="1004" name="write_ln120_write_fu_202">
<pin_list>
<pin id="203" dir="0" index="0" bw="0" slack="0"/>
<pin id="204" dir="0" index="1" bw="16" slack="0"/>
<pin id="205" dir="0" index="2" bw="15" slack="0"/>
<pin id="206" dir="1" index="3" bw="0" slack="2147483647"/>
</pin_list>
<bind>
<opcode="write(1151) " fcode="write"/>
<opset="write_ln120/2 "/>
</bind>
</comp>

<comp id="209" class="1004" name="sext_ln100_cast_fu_209">
<pin_list>
<pin id="210" dir="0" index="0" bw="8" slack="0"/>
<pin id="211" dir="1" index="1" bw="9" slack="0"/>
</pin_list>
<bind>
<opcode="sext(35) " fcode="sext"/>
<opset="sext_ln100_cast/1 "/>
</bind>
</comp>

<comp id="213" class="1004" name="store_ln109_store_fu_213">
<pin_list>
<pin id="214" dir="0" index="0" bw="1" slack="0"/>
<pin id="215" dir="0" index="1" bw="4" slack="0"/>
<pin id="216" dir="1" index="2" bw="0" slack="2147483647"/>
</pin_list>
<bind>
<opcode="store(28) " fcode="store"/>
<opset="store_ln109/1 "/>
</bind>
</comp>

<comp id="218" class="1004" name="i_load_fu_218">
<pin_list>
<pin id="219" dir="0" index="0" bw="4" slack="0"/>
<pin id="220" dir="1" index="1" bw="4" slack="0"/>
</pin_list>
<bind>
<opcode="load(27) " fcode="load"/>
<opset="i/1 "/>
</bind>
</comp>

<comp id="221" class="1004" name="icmp_ln109_fu_221">
<pin_list>
<pin id="222" dir="0" index="0" bw="4" slack="0"/>
<pin id="223" dir="0" index="1" bw="4" slack="0"/>
<pin id="224" dir="1" index="2" bw="1" slack="2147483647"/>
</pin_list>
<bind>
<opcode="icmp(45) " fcode="icmp"/>
<opset="icmp_ln109/1 "/>
</bind>
</comp>

<comp id="227" class="1004" name="add_ln109_fu_227">
<pin_list>
<pin id="228" dir="0" index="0" bw="4" slack="0"/>
<pin id="229" dir="0" index="1" bw="1" slack="0"/>
<pin id="230" dir="1" index="2" bw="4" slack="0"/>
</pin_list>
<bind>
<opcode="add(8) " fcode="add"/>
<opset="add_ln109/1 "/>
</bind>
</comp>

<comp id="233" class="1004" name="trunc_ln109_fu_233">
<pin_list>
<pin id="234" dir="0" index="0" bw="4" slack="0"/>
<pin id="235" dir="1" index="1" bw="3" slack="0"/>
</pin_list>
<bind>
<opcode="trunc(33) " fcode="trunc"/>
<opset="trunc_ln109/1 "/>
</bind>
</comp>

<comp id="237" class="1004" name="x_fu_237">
<pin_list>
<pin id="238" dir="0" index="0" bw="8" slack="0"/>
<pin id="239" dir="0" index="1" bw="3" slack="0"/>
<pin id="240" dir="0" index="2" bw="8" slack="0"/>
<pin id="241" dir="0" index="3" bw="3" slack="0"/>
<pin id="242" dir="0" index="4" bw="8" slack="0"/>
<pin id="243" dir="0" index="5" bw="3" slack="0"/>
<pin id="244" dir="0" index="6" bw="8" slack="0"/>
<pin id="245" dir="0" index="7" bw="3" slack="0"/>
<pin id="246" dir="0" index="8" bw="8" slack="0"/>
<pin id="247" dir="0" index="9" bw="3" slack="0"/>
<pin id="248" dir="0" index="10" bw="8" slack="0"/>
<pin id="249" dir="0" index="11" bw="3" slack="0"/>
<pin id="250" dir="0" index="12" bw="8" slack="0"/>
<pin id="251" dir="0" index="13" bw="3" slack="0"/>
<pin id="252" dir="0" index="14" bw="8" slack="0"/>
<pin id="253" dir="0" index="15" bw="3" slack="0"/>
<pin id="254" dir="0" index="16" bw="8" slack="0"/>
<pin id="255" dir="0" index="17" bw="8" slack="0"/>
<pin id="256" dir="0" index="18" bw="3" slack="0"/>
<pin id="257" dir="1" index="19" bw="8" slack="0"/>
</pin_list>
<bind>
<opcode="sparsemux(1197) " fcode="sparsemux"/>
<opset="x/1 "/>
</bind>
</comp>

<comp id="277" class="1004" name="sext_ln115_fu_277">
<pin_list>
<pin id="278" dir="0" index="0" bw="8" slack="0"/>
<pin id="279" dir="1" index="1" bw="9" slack="0"/>
</pin_list>
<bind>
<opcode="sext(35) " fcode="sext"/>
<opset="sext_ln115/1 "/>
</bind>
</comp>

<comp id="281" class="1004" name="diff_fu_281">
<pin_list>
<pin id="282" dir="0" index="0" bw="8" slack="0"/>
<pin id="283" dir="0" index="1" bw="8" slack="0"/>
<pin id="284" dir="1" index="2" bw="9" slack="0"/>
</pin_list>
<bind>
<opcode="sub(10) " fcode="sub"/>
<opset="diff/1 "/>
</bind>
</comp>

<comp id="287" class="1004" name="tmp_fu_287">
<pin_list>
<pin id="288" dir="0" index="0" bw="7" slack="0"/>
<pin id="289" dir="0" index="1" bw="9" slack="0"/>
<pin id="290" dir="0" index="2" bw="3" slack="0"/>
<pin id="291" dir="0" index="3" bw="5" slack="0"/>
<pin id="292" dir="1" index="4" bw="7" slack="1"/>
</pin_list>
<bind>
<opcode="partselect(1002) " fcode="partselect"/>
<opset="tmp/1 "/>
</bind>
</comp>

<comp id="297" class="1004" name="x_2_fu_297">
<pin_list>
<pin id="298" dir="0" index="0" bw="8" slack="0"/>
<pin id="299" dir="0" index="1" bw="3" slack="0"/>
<pin id="300" dir="0" index="2" bw="8" slack="0"/>
<pin id="301" dir="0" index="3" bw="3" slack="0"/>
<pin id="302" dir="0" index="4" bw="8" slack="0"/>
<pin id="303" dir="0" index="5" bw="3" slack="0"/>
<pin id="304" dir="0" index="6" bw="8" slack="0"/>
<pin id="305" dir="0" index="7" bw="3" slack="0"/>
<pin id="306" dir="0" index="8" bw="8" slack="0"/>
<pin id="307" dir="0" index="9" bw="3" slack="0"/>
<pin id="308" dir="0" index="10" bw="8" slack="0"/>
<pin id="309" dir="0" index="11" bw="3" slack="0"/>
<pin id="310" dir="0" index="12" bw="8" slack="0"/>
<pin id="311" dir="0" index="13" bw="3" slack="0"/>
<pin id="312" dir="0" index="14" bw="8" slack="0"/>
<pin id="313" dir="0" index="15" bw="3" slack="0"/>
<pin id="314" dir="0" index="16" bw="8" slack="0"/>
<pin id="315" dir="0" index="17" bw="8" slack="0"/>
<pin id="316" dir="0" index="18" bw="3" slack="0"/>
<pin id="317" dir="1" index="19" bw="8" slack="0"/>
</pin_list>
<bind>
<opcode="sparsemux(1197) " fcode="sparsemux"/>
<opset="x_2/1 "/>
</bind>
</comp>

<comp id="337" class="1004" name="sext_ln115_2_fu_337">
<pin_list>
<pin id="338" dir="0" index="0" bw="8" slack="0"/>
<pin id="339" dir="1" index="1" bw="9" slack="0"/>
</pin_list>
<bind>
<opcode="sext(35) " fcode="sext"/>
<opset="sext_ln115_2/1 "/>
</bind>
</comp>

<comp id="341" class="1004" name="diff_61_fu_341">
<pin_list>
<pin id="342" dir="0" index="0" bw="8" slack="0"/>
<pin id="343" dir="0" index="1" bw="8" slack="0"/>
<pin id="344" dir="1" index="2" bw="9" slack="0"/>
</pin_list>
<bind>
<opcode="sub(10) " fcode="sub"/>
<opset="diff_61/1 "/>
</bind>
</comp>

<comp id="347" class="1004" name="tmp_4_fu_347">
<pin_list>
<pin id="348" dir="0" index="0" bw="7" slack="0"/>
<pin id="349" dir="0" index="1" bw="9" slack="0"/>
<pin id="350" dir="0" index="2" bw="3" slack="0"/>
<pin id="351" dir="0" index="3" bw="5" slack="0"/>
<pin id="352" dir="1" index="4" bw="7" slack="1"/>
</pin_list>
<bind>
<opcode="partselect(1002) " fcode="partselect"/>
<opset="tmp_4/1 "/>
</bind>
</comp>

<comp id="357" class="1004" name="store_ln109_store_fu_357">
<pin_list>
<pin id="358" dir="0" index="0" bw="4" slack="0"/>
<pin id="359" dir="0" index="1" bw="4" slack="0"/>
<pin id="360" dir="1" index="2" bw="0" slack="2147483647"/>
</pin_list>
<bind>
<opcode="store(28) " fcode="store"/>
<opset="store_ln109/1 "/>
</bind>
</comp>

<comp id="362" class="1004" name="elems_fu_362">
<pin_list>
<pin id="363" dir="0" index="0" bw="7" slack="1"/>
<pin id="364" dir="1" index="1" bw="8" slack="0"/>
</pin_list>
<bind>
<opcode="sext(35) " fcode="sext"/>
<opset="elems/2 "/>
</bind>
</comp>

<comp id="365" class="1004" name="tmp_5_fu_365">
<pin_list>
<pin id="366" dir="0" index="0" bw="15" slack="0"/>
<pin id="367" dir="0" index="1" bw="7" slack="1"/>
<pin id="368" dir="0" index="2" bw="7" slack="0"/>
<pin id="369" dir="1" index="3" bw="15" slack="0"/>
</pin_list>
<bind>
<opcode="bitconcatenate(1004) " fcode="bitconcatenate"/>
<opset="tmp_5/2 "/>
</bind>
</comp>

<comp id="372" class="1004" name="b_fu_372">
<pin_list>
<pin id="373" dir="0" index="0" bw="15" slack="0"/>
<pin id="374" dir="1" index="1" bw="16" slack="0"/>
</pin_list>
<bind>
<opcode="sext(35) " fcode="sext"/>
<opset="b/2 "/>
</bind>
</comp>

<comp id="377" class="1005" name="i_2_reg_377">
<pin_list>
<pin id="378" dir="0" index="0" bw="4" slack="0"/>
<pin id="379" dir="1" index="1" bw="4" slack="0"/>
</pin_list>
<bind>
<opset="i_2 "/>
</bind>
</comp>

<comp id="387" class="1005" name="tmp_reg_387">
<pin_list>
<pin id="388" dir="0" index="0" bw="7" slack="1"/>
<pin id="389" dir="1" index="1" bw="7" slack="1"/>
</pin_list>
<bind>
<opset="tmp "/>
</bind>
</comp>

<comp id="392" class="1005" name="tmp_4_reg_392">
<pin_list>
<pin id="393" dir="0" index="0" bw="7" slack="1"/>
<pin id="394" dir="1" index="1" bw="7" slack="1"/>
</pin_list>
<bind>
<opset="tmp_4 "/>
</bind>
</comp>

</comp_list>

<net_list>
<net id="99"><net_src comp="36" pin="0"/><net_sink comp="96" pin=0"/></net>

<net id="104"><net_src comp="38" pin="0"/><net_sink comp="100" pin=0"/></net>

<net id="105"><net_src comp="32" pin="0"/><net_sink comp="100" pin=1"/></net>

<net id="110"><net_src comp="38" pin="0"/><net_sink comp="106" pin=0"/></net>

<net id="111"><net_src comp="30" pin="0"/><net_sink comp="106" pin=1"/></net>

<net id="116"><net_src comp="38" pin="0"/><net_sink comp="112" pin=0"/></net>

<net id="117"><net_src comp="28" pin="0"/><net_sink comp="112" pin=1"/></net>

<net id="122"><net_src comp="38" pin="0"/><net_sink comp="118" pin=0"/></net>

<net id="123"><net_src comp="26" pin="0"/><net_sink comp="118" pin=1"/></net>

<net id="128"><net_src comp="38" pin="0"/><net_sink comp="124" pin=0"/></net>

<net id="129"><net_src comp="24" pin="0"/><net_sink comp="124" pin=1"/></net>

<net id="134"><net_src comp="38" pin="0"/><net_sink comp="130" pin=0"/></net>

<net id="135"><net_src comp="22" pin="0"/><net_sink comp="130" pin=1"/></net>

<net id="140"><net_src comp="38" pin="0"/><net_sink comp="136" pin=0"/></net>

<net id="141"><net_src comp="20" pin="0"/><net_sink comp="136" pin=1"/></net>

<net id="146"><net_src comp="38" pin="0"/><net_sink comp="142" pin=0"/></net>

<net id="147"><net_src comp="18" pin="0"/><net_sink comp="142" pin=1"/></net>

<net id="152"><net_src comp="38" pin="0"/><net_sink comp="148" pin=0"/></net>

<net id="153"><net_src comp="16" pin="0"/><net_sink comp="148" pin=1"/></net>

<net id="158"><net_src comp="38" pin="0"/><net_sink comp="154" pin=0"/></net>

<net id="159"><net_src comp="14" pin="0"/><net_sink comp="154" pin=1"/></net>

<net id="164"><net_src comp="38" pin="0"/><net_sink comp="160" pin=0"/></net>

<net id="165"><net_src comp="12" pin="0"/><net_sink comp="160" pin=1"/></net>

<net id="170"><net_src comp="38" pin="0"/><net_sink comp="166" pin=0"/></net>

<net id="171"><net_src comp="10" pin="0"/><net_sink comp="166" pin=1"/></net>

<net id="176"><net_src comp="38" pin="0"/><net_sink comp="172" pin=0"/></net>

<net id="177"><net_src comp="8" pin="0"/><net_sink comp="172" pin=1"/></net>

<net id="182"><net_src comp="38" pin="0"/><net_sink comp="178" pin=0"/></net>

<net id="183"><net_src comp="6" pin="0"/><net_sink comp="178" pin=1"/></net>

<net id="188"><net_src comp="38" pin="0"/><net_sink comp="184" pin=0"/></net>

<net id="189"><net_src comp="4" pin="0"/><net_sink comp="184" pin=1"/></net>

<net id="194"><net_src comp="38" pin="0"/><net_sink comp="190" pin=0"/></net>

<net id="195"><net_src comp="2" pin="0"/><net_sink comp="190" pin=1"/></net>

<net id="200"><net_src comp="38" pin="0"/><net_sink comp="196" pin=0"/></net>

<net id="201"><net_src comp="0" pin="0"/><net_sink comp="196" pin=1"/></net>

<net id="207"><net_src comp="94" pin="0"/><net_sink comp="202" pin=0"/></net>

<net id="208"><net_src comp="34" pin="0"/><net_sink comp="202" pin=1"/></net>

<net id="212"><net_src comp="148" pin="2"/><net_sink comp="209" pin=0"/></net>

<net id="217"><net_src comp="50" pin="0"/><net_sink comp="213" pin=0"/></net>

<net id="225"><net_src comp="218" pin="1"/><net_sink comp="221" pin=0"/></net>

<net id="226"><net_src comp="52" pin="0"/><net_sink comp="221" pin=1"/></net>

<net id="231"><net_src comp="218" pin="1"/><net_sink comp="227" pin=0"/></net>

<net id="232"><net_src comp="54" pin="0"/><net_sink comp="227" pin=1"/></net>

<net id="236"><net_src comp="218" pin="1"/><net_sink comp="233" pin=0"/></net>

<net id="258"><net_src comp="56" pin="0"/><net_sink comp="237" pin=0"/></net>

<net id="259"><net_src comp="58" pin="0"/><net_sink comp="237" pin=1"/></net>

<net id="260"><net_src comp="196" pin="2"/><net_sink comp="237" pin=2"/></net>

<net id="261"><net_src comp="60" pin="0"/><net_sink comp="237" pin=3"/></net>

<net id="262"><net_src comp="190" pin="2"/><net_sink comp="237" pin=4"/></net>

<net id="263"><net_src comp="62" pin="0"/><net_sink comp="237" pin=5"/></net>

<net id="264"><net_src comp="184" pin="2"/><net_sink comp="237" pin=6"/></net>

<net id="265"><net_src comp="64" pin="0"/><net_sink comp="237" pin=7"/></net>

<net id="266"><net_src comp="178" pin="2"/><net_sink comp="237" pin=8"/></net>

<net id="267"><net_src comp="66" pin="0"/><net_sink comp="237" pin=9"/></net>

<net id="268"><net_src comp="172" pin="2"/><net_sink comp="237" pin=10"/></net>

<net id="269"><net_src comp="68" pin="0"/><net_sink comp="237" pin=11"/></net>

<net id="270"><net_src comp="166" pin="2"/><net_sink comp="237" pin=12"/></net>

<net id="271"><net_src comp="70" pin="0"/><net_sink comp="237" pin=13"/></net>

<net id="272"><net_src comp="160" pin="2"/><net_sink comp="237" pin=14"/></net>

<net id="273"><net_src comp="72" pin="0"/><net_sink comp="237" pin=15"/></net>

<net id="274"><net_src comp="154" pin="2"/><net_sink comp="237" pin=16"/></net>

<net id="275"><net_src comp="74" pin="0"/><net_sink comp="237" pin=17"/></net>

<net id="276"><net_src comp="233" pin="1"/><net_sink comp="237" pin=18"/></net>

<net id="280"><net_src comp="237" pin="19"/><net_sink comp="277" pin=0"/></net>

<net id="285"><net_src comp="277" pin="1"/><net_sink comp="281" pin=0"/></net>

<net id="286"><net_src comp="209" pin="1"/><net_sink comp="281" pin=1"/></net>

<net id="293"><net_src comp="76" pin="0"/><net_sink comp="287" pin=0"/></net>

<net id="294"><net_src comp="281" pin="2"/><net_sink comp="287" pin=1"/></net>

<net id="295"><net_src comp="78" pin="0"/><net_sink comp="287" pin=2"/></net>

<net id="296"><net_src comp="80" pin="0"/><net_sink comp="287" pin=3"/></net>

<net id="318"><net_src comp="56" pin="0"/><net_sink comp="297" pin=0"/></net>

<net id="319"><net_src comp="58" pin="0"/><net_sink comp="297" pin=1"/></net>

<net id="320"><net_src comp="142" pin="2"/><net_sink comp="297" pin=2"/></net>

<net id="321"><net_src comp="60" pin="0"/><net_sink comp="297" pin=3"/></net>

<net id="322"><net_src comp="136" pin="2"/><net_sink comp="297" pin=4"/></net>

<net id="323"><net_src comp="62" pin="0"/><net_sink comp="297" pin=5"/></net>

<net id="324"><net_src comp="130" pin="2"/><net_sink comp="297" pin=6"/></net>

<net id="325"><net_src comp="64" pin="0"/><net_sink comp="297" pin=7"/></net>

<net id="326"><net_src comp="124" pin="2"/><net_sink comp="297" pin=8"/></net>

<net id="327"><net_src comp="66" pin="0"/><net_sink comp="297" pin=9"/></net>

<net id="328"><net_src comp="118" pin="2"/><net_sink comp="297" pin=10"/></net>

<net id="329"><net_src comp="68" pin="0"/><net_sink comp="297" pin=11"/></net>

<net id="330"><net_src comp="112" pin="2"/><net_sink comp="297" pin=12"/></net>

<net id="331"><net_src comp="70" pin="0"/><net_sink comp="297" pin=13"/></net>

<net id="332"><net_src comp="106" pin="2"/><net_sink comp="297" pin=14"/></net>

<net id="333"><net_src comp="72" pin="0"/><net_sink comp="297" pin=15"/></net>

<net id="334"><net_src comp="100" pin="2"/><net_sink comp="297" pin=16"/></net>

<net id="335"><net_src comp="74" pin="0"/><net_sink comp="297" pin=17"/></net>

<net id="336"><net_src comp="233" pin="1"/><net_sink comp="297" pin=18"/></net>

<net id="340"><net_src comp="297" pin="19"/><net_sink comp="337" pin=0"/></net>

<net id="345"><net_src comp="337" pin="1"/><net_sink comp="341" pin=0"/></net>

<net id="346"><net_src comp="209" pin="1"/><net_sink comp="341" pin=1"/></net>

<net id="353"><net_src comp="76" pin="0"/><net_sink comp="347" pin=0"/></net>

<net id="354"><net_src comp="341" pin="2"/><net_sink comp="347" pin=1"/></net>

<net id="355"><net_src comp="78" pin="0"/><net_sink comp="347" pin=2"/></net>

<net id="356"><net_src comp="80" pin="0"/><net_sink comp="347" pin=3"/></net>

<net id="361"><net_src comp="227" pin="2"/><net_sink comp="357" pin=0"/></net>

<net id="370"><net_src comp="92" pin="0"/><net_sink comp="365" pin=0"/></net>

<net id="371"><net_src comp="362" pin="1"/><net_sink comp="365" pin=2"/></net>

<net id="375"><net_src comp="365" pin="3"/><net_sink comp="372" pin=0"/></net>

<net id="376"><net_src comp="372" pin="1"/><net_sink comp="202" pin=2"/></net>

<net id="380"><net_src comp="96" pin="1"/><net_sink comp="377" pin=0"/></net>

<net id="381"><net_src comp="377" pin="1"/><net_sink comp="213" pin=1"/></net>

<net id="382"><net_src comp="377" pin="1"/><net_sink comp="218" pin=0"/></net>

<net id="383"><net_src comp="377" pin="1"/><net_sink comp="357" pin=1"/></net>

<net id="390"><net_src comp="287" pin="4"/><net_sink comp="387" pin=0"/></net>

<net id="391"><net_src comp="387" pin="1"/><net_sink comp="362" pin=0"/></net>

<net id="395"><net_src comp="347" pin="4"/><net_sink comp="392" pin=0"/></net>

<net id="396"><net_src comp="392" pin="1"/><net_sink comp="365" pin=1"/></net>

</net_list>

</model> 
---------------- Datapath Model END ------------------

* FSMD analyzer results:
  - Output states:
	Port: s_norm1_out | {2 }
 - Input state : 
	Port: stateful_norm.2_Pipeline_VITIS_LOOP_109_3 : buf_reload | {1 }
	Port: stateful_norm.2_Pipeline_VITIS_LOOP_109_3 : buf_3_reload | {1 }
	Port: stateful_norm.2_Pipeline_VITIS_LOOP_109_3 : buf_5_reload | {1 }
	Port: stateful_norm.2_Pipeline_VITIS_LOOP_109_3 : buf_7_reload | {1 }
	Port: stateful_norm.2_Pipeline_VITIS_LOOP_109_3 : buf_9_reload | {1 }
	Port: stateful_norm.2_Pipeline_VITIS_LOOP_109_3 : buf_11_reload | {1 }
	Port: stateful_norm.2_Pipeline_VITIS_LOOP_109_3 : buf_13_reload | {1 }
	Port: stateful_norm.2_Pipeline_VITIS_LOOP_109_3 : buf_15_reload | {1 }
	Port: stateful_norm.2_Pipeline_VITIS_LOOP_109_3 : sext_ln100 | {1 }
	Port: stateful_norm.2_Pipeline_VITIS_LOOP_109_3 : buf_2_reload | {1 }
	Port: stateful_norm.2_Pipeline_VITIS_LOOP_109_3 : buf_4_reload | {1 }
	Port: stateful_norm.2_Pipeline_VITIS_LOOP_109_3 : buf_6_reload | {1 }
	Port: stateful_norm.2_Pipeline_VITIS_LOOP_109_3 : buf_8_reload | {1 }
	Port: stateful_norm.2_Pipeline_VITIS_LOOP_109_3 : buf_10_reload | {1 }
	Port: stateful_norm.2_Pipeline_VITIS_LOOP_109_3 : buf_12_reload | {1 }
	Port: stateful_norm.2_Pipeline_VITIS_LOOP_109_3 : buf_14_reload | {1 }
	Port: stateful_norm.2_Pipeline_VITIS_LOOP_109_3 : buf_16_reload | {1 }
	Port: stateful_norm.2_Pipeline_VITIS_LOOP_109_3 : s_norm1_out | {}
  - Chain level:
	State 1
		store_ln109 : 1
		i : 1
		icmp_ln109 : 2
		add_ln109 : 2
		br_ln109 : 3
		trunc_ln109 : 2
		x : 3
		sext_ln115 : 4
		diff : 5
		tmp : 6
		x_2 : 3
		sext_ln115_2 : 4
		diff_61 : 5
		tmp_4 : 6
		store_ln109 : 3
	State 2
		tmp_5 : 1
		b : 2
		write_ln120 : 3


============================================================
+ Verbose Summary: Datapath Resource usage 
============================================================

* Functional unit list:
|----------|--------------------------------|---------|---------|
| Operation|         Functional Unit        |    FF   |   LUT   |
|----------|--------------------------------|---------|---------|
| sparsemux|            x_fu_237            |    0    |    39   |
|          |           x_2_fu_297           |    0    |    39   |
|----------|--------------------------------|---------|---------|
|    sub   |           diff_fu_281          |    0    |    15   |
|          |         diff_61_fu_341         |    0    |    15   |
|----------|--------------------------------|---------|---------|
|   icmp   |        icmp_ln109_fu_221       |    0    |    13   |
|----------|--------------------------------|---------|---------|
|    add   |        add_ln109_fu_227        |    0    |    13   |
|----------|--------------------------------|---------|---------|
|          | buf_16_reload_read_read_fu_100 |    0    |    0    |
|          | buf_14_reload_read_read_fu_106 |    0    |    0    |
|          | buf_12_reload_read_read_fu_112 |    0    |    0    |
|          | buf_10_reload_read_read_fu_118 |    0    |    0    |
|          |  buf_8_reload_read_read_fu_124 |    0    |    0    |
|          |  buf_6_reload_read_read_fu_130 |    0    |    0    |
|          |  buf_4_reload_read_read_fu_136 |    0    |    0    |
|          |  buf_2_reload_read_read_fu_142 |    0    |    0    |
|   read   |   sext_ln100_read_read_fu_148  |    0    |    0    |
|          | buf_15_reload_read_read_fu_154 |    0    |    0    |
|          | buf_13_reload_read_read_fu_160 |    0    |    0    |
|          | buf_11_reload_read_read_fu_166 |    0    |    0    |
|          |  buf_9_reload_read_read_fu_172 |    0    |    0    |
|          |  buf_7_reload_read_read_fu_178 |    0    |    0    |
|          |  buf_5_reload_read_read_fu_184 |    0    |    0    |
|          |  buf_3_reload_read_read_fu_190 |    0    |    0    |
|          |   buf_reload_read_read_fu_196  |    0    |    0    |
|----------|--------------------------------|---------|---------|
|   write  |    write_ln120_write_fu_202    |    0    |    0    |
|----------|--------------------------------|---------|---------|
|          |     sext_ln100_cast_fu_209     |    0    |    0    |
|          |        sext_ln115_fu_277       |    0    |    0    |
|   sext   |       sext_ln115_2_fu_337      |    0    |    0    |
|          |          elems_fu_362          |    0    |    0    |
|          |            b_fu_372            |    0    |    0    |
|----------|--------------------------------|---------|---------|
|   trunc  |       trunc_ln109_fu_233       |    0    |    0    |
|----------|--------------------------------|---------|---------|
|partselect|           tmp_fu_287           |    0    |    0    |
|          |          tmp_4_fu_347          |    0    |    0    |
|----------|--------------------------------|---------|---------|
|bitconcatenate|          tmp_5_fu_365          |    0    |    0    |
|----------|--------------------------------|---------|---------|
|   Total  |                                |    0    |   134   |
|----------|--------------------------------|---------|---------|

Memories:
N/A

* Register list:
+-------------+--------+
|             |   FF   |
+-------------+--------+
| i_2_reg_377 |    4   |
|tmp_4_reg_392|    7   |
| tmp_reg_387 |    7   |
+-------------+--------+
|    Total    |   18   |
+-------------+--------+

* Multiplexer (MUX) list: 
|--------|------|------|------|--------|
|  Comp  |  Pin | Size |  BW  | S x BW |
|--------|------|------|------|--------|
|  Total |      |      |      |    0   |
|--------|------|------|------|--------|



* Summary:
+-----------+--------+--------+
|           |   FF   |   LUT  |
+-----------+--------+--------+
|  Function |    0   |   134  |
|   Memory  |    -   |    -   |
|Multiplexer|    -   |    -   |
|  Register |   18   |    -   |
+-----------+--------+--------+
|   Total   |   18   |   134  |
+-----------+--------+--------+
